 char  d --
 char  a --
 char  = --
 char  1 --
 char  ; --
 char  d --
 char  b --
 char  = --
 char  2 --
 char  ; --
 char  d --
 char  c --
 char  = --
 char  a --
 char  + --
 char  b --
 char  * --
 char  a --
 char  * --
 char  b --
 char  ; --
 char  p --
 char  ( --
 char  c --
 char  ) --
 char  ; --
 char  d --
 char  1 --
 char  d --
 char  2 --
 char  d --
 char  1 --
 char  d --
 char  2 --
 char  d --
 char  1 --
 char  d --
 char  2 --
 char  d --
 char  1 --
 char  d --
 char  2 --
 char  d --
 char  1 --
 char  d --
 char  2 --
 char  d --
 char  1 --
 char  d --
 char  2 --
 char  d --
 char  1 --
 char  d --
 char  2 --
 char  d --
 char  1 --
 char  d --
 char  2 --
 char  d --
 char  1 --
 char  d --
 char  2 --
 char  d --
 char  1 --
 char  d --
 char  2 --
 char  d --
 char  1 --
 char  d --
 char  2 --
 char  d --
 char  1 --
 char  d --
 char  2 --
 char  d --
 char  1 --
 char  d --
 char  2 --
 char  d --
 char  1 --
 char  d --
 char  2 --
 char  d --
 char  1 --
 char  d --
 char  2 --
 char  d --
 char  1 --
 char  d --
 char  2 --
 char  d --
 char  1 --
 char  d --
 char  2 --
 char  d --
 char  1 --
 char  d --
 char  2 --
 char  d --
 char  1 --
 char  d --
 char  2 --
 char  d --
 char  1 --
 char  d --
 char  2 --
 char  d --
 char  1 --
 char  d --
 char  2 --
 char  d --
 char  1 --
 char  d --
 char  2 --
 char  d --
 char  1 --
 char  d --
 char  2 --
 char  d --
 char  1 --
 char  d --
 char  2 --
 char  d --
 char  1 --
 char  d --
 char  2 --
 char  d --
 char  1 --
 char  d --
 char  2 --
 char  d --
 char  1 --
 char  d --
 char  2 --
 char  d --
 char  1 --
 char  d --
 char  2 --
 char  d --
 char  1 --
 char  d --
 char  2 --
 char  d --
 char  1 --
 char  d --
 char  2 --
 char  d --
 char  1 --
 char  d --
 char  2 --
 char  d --
 char  1 --
 char  d --
 char  2 --
 char  d --
 char  1 --
 char  d --
 char  2 --
 char  d --
 char  1 --
 char  d --
 char  2 --
 char  d --
 char  1 --
 char  d --
 char  2 --
 char  d --
 char  1 --
 char  d --
 char  2 --
 char  d --
 char  1 --
 char  d --
 char  2 --
 char  d --
 char  1 --
 char  d --
 char  2 --
 char  d --
 char  1 --
 char  d --
 char  2 --
 char  d --
 char  1 --
 char  d --
 char  2 --
 char  d --
 char  1 --
 char  d --
 char  2 --
 char  d --
 char  1 --
 char  d --
 char  2 --
 char  d --
 char  1 --
 char  d --
 char  2 --
 char  d --
 char  1 --
 char  d --
 char  2 --
 char  d --
 char  1 --
 char  d --
 char  2 --
 char  d --
 char  1 --
 char  d --
 char  2 --
 char  d --
 char  1 --
 char  d --
 char  2 --
 char  d --
 char  1 --
 char  d --
 char  2 --
 char  d --
 char  1 --
 char  d --
 char  2 --
 char  d --
 char  1 --
 char  d --
 char  2 --
 char  d --
 char  1 --
 char  d --
 char  2 --
 char  d --
 char  1 --
 char  d --
 char  2 --
 char  d --
 char  1 --
 char  d --
 char  2 --
 char  d --
 char  1 --
 char  d --
 char  2 --
 char  d --
 char  1 --
 char  d --
 char  2 --
 char  d --
 char  1 --
 char  d --
 char  2 --
 char  d --
 char  1 --
 char  d --
 char  2 --
 char  d --
 char  1 --
 char  d --
 char  2 --
 char  d --
 char  1 --
 char  d --
 char  2 --
 char  d --
 char  1 --
 char  d --
 char  2 --
 char  d --
 char  1 --
 char  d --
 char  2 --
 char  d --
 char  1 --
 char  d --
 char  2 --
 char  d --
 char  1 --
 char  d --
 char  2 --
 char  d --
 char  1 --
 char  d --
 char  2 --
 char  d --
 char  1 --
 char  d --
 char  2 --
 char  d --
 char  1 --
 char  d --
 char  2 --
 char  d --
 char  1 --
 char  d --
 char  2 --
 char  d --
 char  1 --
 char  d --
 char  2 --
 char  d --
 char  1 --
 char  d --
 char  2 --
 char  d --
 char  1 --
 char  d --
 char  2 --
 char  d --
 char  1 --
 char  d --
 char  2 --
 char  d --
 char  1 --
 char  d --
 char  2 --
 char  d --
 char  1 --
 char  d --
 char  2 --
 char  d --
 char  1 --
 char  d --
 char  2 --
 char  d --
 char  1 --
 char  d --
 char  2 --
 char  d --
 char  1 --
 char  d --
 char  2 --
 char  d --
 char  1 --
 char  d --
 char  2 --
 char  d --
 char  1 --
 char  d --
 char  2 --
 char  d --
 char  1 --
 char  d --
 char  2 --
 char  d --
 char  1 --
 char  d --
 char  2 --
 char  d --
 char  1 --
 char  d --
 char  2 --
 char  d --
 char  1 --
 char  d --
 char  2 --
 char  d --
 char  1 --
 char  d --
 char  2 --
 char  d --
 char  1 --
 char  d --
 char  2 --
 char  d --
 char  1 --
 char  d --
 char  2 --
 char  d --
 char  1 --
 char  d --
 char  2 --
 char  d --
 char  1 --
 char  d --
 char  2 --
 char  d --
 char  1 --
 char  d --
 char  2 --
 char  d --
 char  1 --
 char  d --
 char  2 --
 char  d --
 char  1 --
 char  d --
 char  2 --
 char  d --
 char  1 --
 char  d --
 char  2 --
 char  d --
 char  1 --
 char  d --
 char  2 --
 char  d --
 char  1 --
 char  d --
 char  2 --
 char  d --
 char  1 --
 char  d --
 char  2 --
 char  d --
 char  1 --
 char  d --
 char  2 --
 char  d --
 char  1 --
 char  d --
 char  2 --
 char  d --
 char  1 --
 char  d --
 char  2 --
 char  d --
 char  1 --
 char  d --
 char  2 --
 char  d --
 char  1 --
 char  d --
 char  2 --
 char  d --
 char  1 --
 char  d --
 char  2 --
 char  d --
 char  1 --
 char  d --
 char  2 --
 char  d --
 char  1 --
 char  d --
 char  2 --
 char  d --
 char  1 --
 char  d --
 char  2 --
 char  d --
 char  1 --
 char  d --
 char  2 --
 char  d --
 char  1 --
 char  d --
 char  2 --
 char  d --
 char  1 --
 char  d --
 char  2 --
 char  d --
 char  1 --
 char  d --
 char  2 --
 char  d --
 char  1 --
 char  d --
 char  2 --
 char  d --
 char  1 --
 char  d --
 char  2 --
 char  d --
 char  1 --
 char  d --
 char  2 --
 char  d --
 char  1 --
 char  d --
 char  2 --
 char  d --
 char  1 --
 char  d --
 char  2 --
 char  d --
 char  1 --
 char  d --
 char  2 --
 char  d --
 char  1 --
 char  d --
 char  2 --
 char  d --
 char  1 --
 char  d --
 char  2 --
 char  d --
 char  1 --
 char  d --
 char  2 --
 char  d --
 char  1 --
 char  d --
 char  2 --
 char  d --
 char  1 --
 char  d --
 char  2 --
 char  d --
 char  1 --
 char  d --
 char  2 --
 char  d --
 char  1 --
 char  d --
 char  2 --
 char  d --
 char  1 --
 char  d --
 char  2 --
 char  d --
 char  1 --
 char  d --
 char  2 --
 char  d --
 char  1 --
 char  d --
 char  2 --
 char  d --
 char  1 --
 char  d --
 char  2 --
 char  d --
 char  1 --
 char  d --
 char  2 --
 char  d --
 char  1 --
 char  d --
 char  2 --
 char  d --
 char  1 --
 char  d --
 char  2 --
 char  d --
 char  1 --
 char  d --
 char  2 --
 char  d --
 char  1 --
 char  d --
 char  2 --
 char  d --
 char  1 --
 char  d --
 char  2 --
 char  d --
 char  1 --
 char  d --
 char  2 --
 char  d --
 char  1 --
 char  d --
 char  2 --
 char  d --
 char  1 --
 char  d --
 char  2 --
 char  d --
 char  1 --
 char  d --
 char  2 --
 char  d --
 char  1 --
 char  d --
 char  2 --
 char  d --
 char  1 --
 char  d --
 char  2 --
 char  d --
 char  1 --
 char  d --
 char  2 --
 char  d --
 char  1 --
 char  d --
 char  2 --
 char  d --
 char  1 --
 char  d --
 char  2 --
 char  d --
 char  1 --
 char  d --
 char  2 --
 char  d --
 char  1 --
 char  d --
 char  2 --
 char  d --
 char  1 --
 char  d --
 char  2 --
 char  d --
 char  1 --
 char  d --
 char  2 --
 char  d --
 char  1 --
 char  d --
 char  2 --
 char  d --
 char  1 --
 char  d --
 char  2 --
 char  d --
 char  1 --
 char  d --
 char  2 --
 char  d --
 char  1 --
 char  d --
 char  2 --
 char  d --
 char  1 --
 char  d --
 char  2 --
 char  d --
 char  1 --
 char  d --
 char  2 --
 char  d --
 char  1 --
 char  d --
 char  2 --
 char  d --
 char  1 --
 char  d --
 char  2 --
 char  d --
 char  1 --
 char  d --
 char  2 --
 char  d --
 char  1 --
 char  d --
 char  2 --
 char  d --
 char  1 --
 char  d --
 char  2 --
 char  d --
 char  1 --
 char  d --
 char  2 --
 char  d --
 char  1 --
 char  d --
 char  2 --
 char  d --
 char  1 --
 char  d --
 char  2 --
 char  d --
 char  1 --
 char  d --
 char  2 --
 char  d --
 char  1 --
 char  d --
 char  2 --
 char  d --
 char  1 --
 char  d --
 char  2 --
 char  d --
 char  1 --
 char  d --
 char  2 --
 char  d --
 char  1 --
 char  d --
 char  2 --
 char  d --
 char  1 --
 char  d --
 char  2 --
 char  d --
 char  1 --
 char  d --
 char  2 --
 char  d --
 char  1 --
 char  d --
 char  2 --
 char  d --
 char  1 --
 char  d --
 char  2 --
 char  d --
 char  1 --
 char  d --
 char  2 --
 char  d --
 char  1 --
 char  d --
 char  2 --
 char  d --
 char  1 --
 char  d --
 char  2 --
 char  d --
 char  1 --
 char  d --
 char  2 --
 char  d --
 char  1 --
 char  d --
 char  2 --
 char  d --
 char  1 --
 char  d --
 char  2 --
 char  d --
 char  1 --
 char  d --
 char  2 --
 char  d --
 char  1 --
 char  d --
 char  2 --
 char  d --
 char  1 --
 char  d --
 char  2 --
 char  d --
 char  1 --
 char  d --
 char  2 --
 char  d --
 char  1 --
 char  d --
 char  2 --
 char  d --
 char  1 --
 char  d --
 char  2 --
 char  d --
 char  1 --
 char  d --
 char  2 --
 char  d --
 char  1 --
 char  d --
 char  2 --
 char  d --
 char  1 --
 char  d --
 char  2 --
 char  d --
 char  1 --
 char  d --
 char  2 --
 char  d --
 char  1 --
 char  d --
 char  2 --
 char  d --
 char  1 --
 char  d --
 char  2 --
 char  d --
 char  1 --
 char  d --
 char  2 --
 char  d --
 char  1 --
 char  d --
 char  2 --
 char  d --
 char  1 --
 char  d --
 char  2 --
 char  d --
 char  1 --
 char  d --
 char  2 --
 char  d --
 char  1 --
 char  d --
 char  2 --
 char  d --
 char  1 --
 char  d --
 char  2 --
 char  d --
 char  1 --
 char  d --
 char  2 --
 char  d --
 char  1 --
 char  d --
 char  2 --
 char  d --
 char  1 --
 char  d --
 char  2 --
 char  d --
 char  1 --
 char  d --
 char  2 --
 char  d --
 char  1 --
 char  d --
 char  2 --
 char  d --
 char  1 --
 char  d --
 char  2 --
 char  d --
 char  1 --
 char  d --
 char  2 --
 char  d --
 char  1 --
 char  d --
 char  2 --
 char  d --
 char  1 --
 char  d --
 char  2 --
 char  d --
 char  1 --
 char  d --
 char  2 --
 char  d --
 char  1 --
 char  d --
 char  2 --
 char  d --
 char  1 --
 char  d --
 char  2 --
 char  d --
 char  1 --
 char  d --
 char  2 --
 char  d --
 char  1 --
 char  d --
 char  2 --
 char  d --
 char  1 --
 char  d --
 char  2 --
 char  d --
 char  1 --
 char  d --
 char  2 --
 char  d --
 char  1 --
 char  d --
 char  2 --
 char  d --
 char  1 --
 char  d --
 char  2 --
 char  d --
 char  1 --
 char  d --
 char  2 --
 char  d --
 char  1 --
 char  d --
 char  2 --
 char  d --
 char  1 --
 char  d --
 char  2 --
 char  d --
 char  1 --
 char  d --
 char  2 --
 char  d --
 char  1 --
 char  d --
 char  2 --
 char  d --
 char  1 --
 char  d --
 char  2 --
 char  d --
 char  1 --
 char  d --
 char  2 --
 char  d --
 char  1 --
 char  d --
 char  2 --
 char  d --
 char  1 --
 char  d --
 char  2 --
 char  d --
 char  1 --
 char  d --
 char  2 --
 char  d --
 char  1 --
 char  d --
 char  2 --
 char  d --
 char  1 --
 char  d --
 char  2 --
 char  d --
 char  1 --
 char  d --
 char  2 --
 char  d --
 char  1 --
 char  d --
 char  2 --
 char  d --
 char  1 --
 char  d --
 char  2 --
 char  d --
 char  1 --
 char  d --
 char  2 --
 char  d --
 char  1 --
 char  d --
 char  2 --
 char  d --
 char  1 --
 char  d --
 char  2 --
 char  d --
 char  1 --
 char  d --
 char  2 --
 char  d --
 char  1 --
 char  d --
 char  2 --
 char  d --
 char  1 --
 char  d --
 char  2 --
 char  d --
 char  1 --
 char  d --
 char  2 --
 char  d --
 char  1 --
 char  d --
 char  2 --
 char  d --
 char  1 --
 char  d --
 char  2 --
 char  d --
 char  1 --
 char  d --
 char  2 --
 char  d --
 char  1 --
 char  d --
 char  2 --
 char  d --
 char  1 --
 char  d --
 char  2 --
 char  d --
 char  1 --
 char  d --
 char  2 --
 char  d --
 char  1 --
 char  d --
 char  2 --
 char  d --
 char  1 --
 char  d --
 char  2 --
 char  d --
 char  1 --
 char  d --
 char  2 --
 char  d --
 char  1 --
 char  d --
 char  2 --
 char  d --
 char  1 --
 char  d --
 char  2 --
 char  d --
 char  1 --
 char  d --
 char  2 --
 char  d --
 char  1 --
 char  d --
 char  2 --
 char  d --
 char  1 --
 char  d --
 char  2 --
 char  d --
 char  1 --
 char  d --
 char  2 --
 char  d --
 char  1 --
 char  d --
 char  2 --
 char  d --
 char  1 --
 char  d --
 char  2 --
 char  d --
 char  1 --
 char  d --
 char  2 --
 char  d --
 char  1 --
 char  d --
 char  2 --
 char  d --
 char  1 --
 char  d --
 char  2 --
 char  d --
 char  1 --
 char  d --
 char  2 --
 char  d --
 char  1 --
 char  d --
 char  2 --
 char  d --
 char  1 --
 char  d --
 char  2 --
 char  d --
 char  1 --
 char  d --
 char  2 --
 char  d --
 char  1 --
 char  d --
 char  2 --
 char  d --
 char  1 --
 char  d --
 char  2 --
 char  d --
 char  1 --
 char  d --
 char  2 --
 char  d --
 char  1 --
 char  d --
 char  2 --
 char  d --
 char  1 --
 char  d --
 char  2 --
 char  d --
 char  1 --
 char  d --
 char  2 --
 char  d --
 char  1 --
 char  d --
 char  2 --
 char  d --
 char  1 --
 char  d --
 char  2 --
 char  d --
 char  1 --
 char  d --
 char  2 --
 char  d --
 char  1 --
 char  d --
 char  2 --
 char  d --
 char  1 --
 char  d --
 char  2 --
 char  d --
 char  1 --
 char  d --
 char  2 --
 char  d --
 char  1 --
 char  d --
 char  2 --
 char  d --
 char  1 --
 char  d --
 char  2 --
 char  d --
 char  1 --
 char  d --
 char  2 --
 char  d --
 char  1 --
 char  d --
 char  2 --
 char  d --
 char  1 --
 char  d --
 char  2 --
 char  d --
 char  1 --
 char  d --
 char  2 --
 char  d --
 char  1 --
 char  d --
 char  2 --
 char  d --
 char  1 --
 char  d --
 char  2 --
 char  d --
 char  1 --
 char  d --
 char  2 --
 char  d --
 char  1 --
 char  d --
 char  2 --
 char  d --
 char  1 --
 char  d --
 char  2 --
 char  d --
 char  1 --
 char  d --
 char  2 --
 char  d --
 char  1 --
 char  d --
 char  2 --
 char  d --
 char  1 --
 char  d --
 char  2 --
 char  d --
 char  1 --
 char  d --
 char  2 --
 char  d --
 char  1 --
 char  d --
 char  2 --
 char  d --
 char  1 --
 char  d --
 char  2 --
 char  d --
 char  1 --
 char  d --
 char  2 --
 char  d --
 char  1 --
 char  d --
 char  2 --
 char  d --
 char  1 --
 char  d --
 char  2 --
 char  d --
 char  1 --
 char  d --
 char  2 --
 char  d --
 char  1 --
 char  d --
 char  2 --
 char  d --
 char  1 --
 char  d --
 char  2 --
 char  d --
 char  1 --
 char  d --
 char  2 --
 char  d --
 char  1 --
 char  d --
 char  2 --
 char  d --
 char  1 --
 char  d --
 char  2 --
 char  d --
 char  1 --
 char  d --
 char  2 --
 char  d --
 char  1 --
 char  d --
 char  2 --
 char  d --
 char  1 --
 char  d --
 char  2 --
 char  d --
 char  1 --
 char  d --
 char  2 --
 char  d --
 char  1 --
 char  d --
 char  2 --
 char  d --
 char  1 --
 char  d --
 char  2 --
 char  d --
 char  1 --
 char  d --
 char  2 --
 char  d --
 char  1 --
 char  d --
 char  2 --
 char  d --
 char  1 --
 char  d --
 char  2 --
 char  d --
 char  1 --
 char  d --
 char  2 --
 char  d --
 char  1 --
 char  d --
 char  2 --
 char  d --
 char  1 --
 char  d --
 char  2 --
 char  d --
 char  1 --
 char  d --
 char  2 --
 char  d --
 char  1 --
 char  d --
 char  2 --
 char  d --
 char  1 --
 char  d --
 char  2 --
 char  d --
 char  1 --
 char  d --
 char  2 --
 char  d --
 char  1 --
 char  d --
 char  2 --
 char  d --
 char  1 --
 char  d --
 char  2 --
 char  d --
 char  1 --
 char  d --
 char  2 --
 char  d --
 char  1 --
 char  d --
 char  2 --
 char  d --
 char  1 --
 char  d --
 char  2 --
 char  d --
 char  1 --
 char  d --
 char  2 --
 char  d --
 char  1 --
 char  d --
 char  2 --
 char  d --
 char  1 --
 char  d --
 char  2 --
 char  d --
 char  1 --
 char  d --
 char  2 --
 char  d --
 char  1 --
 char  d --
 char  2 --
 char  d --
 char  1 --
 char  d --
 char  2 --
 char  d --
 char  1 --
 char  d --
 char  2 --
 char  d --
 char  1 --
 char  d --
 char  2 --
 char  d --
 char  1 --
 char  d --
 char  2 --
 char  d --
 char  1 --
 char  d --
 char  2 --
 char  d --
 char  1 --
 char  d --
 char  2 --
 char  d --
 char  1 --
 char  d --
 char  2 --
 char  d --
 char  1 --
 char  d --
 char  2 --
 char  d --
 char  1 --
 char  d --
 char  2 --
 char  d --
 char  1 --
 char  d --
 char  2 --
 char  d --
 char  1 --
 char  d --
 char  2 --
 char  d --
 char  1 --
 char  d --
 char  2 --
 char  d --
 char  1 --
 char  d --
 char  2 --
 char  d --
 char  1 --
 char  d --
 char  2 --
 char  d --
 char  1 --
 char  d --
 char  2 --
 char  d --
 char  1 --
 char  d --
 char  2 --
 char  d --
 char  1 --
 char  d --
 char  2 --
 char  d --
 char  1 --
 char  d --
 char  2 --
 char  d --
 char  1 --
 char  d --
 char  2 --
 char  d --
 char  1 --
 char  d --
 char  2 --
 char  d --
 char  1 --
 char  d --
 char  2 --
 char  d --
 char  1 --
 char  d --
 char  2 --
 char  d --
 char  1 --
 char  d --
 char  2 --
 char  d --
 char  1 --
 char  d --
 char  2 --
 char  d --
 char  1 --
 char  d --
 char  2 --
 char  d --
 char  1 --
 char  d --
 char  2 --
 char  d --
 char  1 --
 char  d --
 char  2 --
 char  d --
 char  1 --
 char  d --
 char  2 --
 char  d --
 char  1 --
 char  d --
 char  2 --
 char  d --
 char  1 --
 char  d --
 char  2 --
 char  d --
 char  1 --
 char  d --
 char  2 --
 char  d --
 char  1 --
 char  d --
 char  2 --
 char  d --
 char  1 --
 char  d --
 char  2 --
 char  d --
 char  1 --
 char  d --
 char  2 --
 char  d --
 char  1 --
 char  d --
 char  2 --
 char  d --
 char  1 --
 char  d --
 char  2 --
 char  d --
 char  1 --
 char  d --
 char  2 --
 char  d --
 char  1 --
 char  d --
 char  2 --
 char  d --
 char  1 --
 char  d --
 char  2 --
 char  d --
 char  1 --
 char  d --
 char  2 --
 char  d --
 char  1 --
 char  d --
 char  2 --
 char  d --
 char  1 --
 char  d --
 char  2 --
 char  d --
 char  1 --
 char  d --
 char  2 --
 char  d --
 char  1 --
 char  d --
 char  2 --
 char  d --
 char  1 --
 char  d --
 char  2 --
 char  d --
 char  1 --
 char  d --
 char  2 --
 char  d --
 char  1 --
 char  d --
 char  2 --
 char  d --
 char  1 --
 char  d --
 char  2 --
 char  d --
 char  1 --
 char  d --
 char  2 --
 char  d --
 char  1 --
 char  d --
 char  2 --
 char  d --
 char  1 --
 char  d --
 char  2 --
 char  d --
 char  1 --
 char  d --
 char  2 --
 char  d --
 char  1 --
 char  d --
 char  2 --
 char  d --
 char  1 --
 char  d --
 char  2 --
 char  d --
 char  1 --
 char  d --
 char  2 --
 char  d --
 char  1 --
 char  d --
 char  2 --
 char  d --
 char  1 --
 char  d --
 char  2 --
 char  d --
 char  1 --
 char  d --
 char  2 --
 char  d --
 char  1 --
 char  d --
 char  2 --
 char  d --
 char  1 --
 char  d --
 char  2 --
 char  d --
 char  1 --
 char  d --
 char  2 --
 char  d --
 char  1 --
 char  d --
 char  2 --
 char  d --
 char  1 --
 char  d --
 char  2 --
 char  d --
 char  1 --
 char  d --
 char  2 --
 char  d --
 char  1 --
 char  d --
 char  2 --
 char  d --
 char  1 --
 char  d --
 char  2 --
 char  d --
 char  1 --
 char  d --
 char  2 --
 char  d --
 char  1 --
 char  d --
 char  2 --
 char  d --
 char  1 --
 char  d --
 char  2 --
 char  d --
 char  1 --
 char  d --
 char  2 --
 char  d --
 char  1 --
 char  d --
 char  2 --
 char  d --
 char  1 --
 char  d --
 char  2 --
 char  d --
 char  1 --
 char  d --
 char  2 --
 char  d --
 char  1 --
 char  d --
 char  2 --
 char  d --
 char  1 --
 char  d --
 char  2 --
 char  d --
 char  1 --
 char  d --
 char  2 --
 char  d --
 char  1 --
 char  d --
 char  2 --
 char  d --
 char  1 --
 char  d --
 char  2 --
 char  d --
 char  1 --
 char  d --
 char  2 --
 char  d --
 char  1 --
 char  d --
 char  2 --
 char  d --
 char  1 --
 char  d --
 char  2 --
 char  d --
 char  1 --
 char  d --
 char  2 --
 char  d --
 char  1 --
 char  d --
 char  2 --
 char  d --
 char  1 --
 char  d --
 char  2 --
 char  d --
 char  1 --
 char  d --
 char  2 --
 char  d --
 char  1 --
 char  d --
 char  2 --
 char  d --
 char  1 --
 char  d --
 char  2 --
 char  d --
 char  1 --
 char  d --
 char  2 --
 char  d --
 char  1 --
 char  d --
 char  2 --
 char  d --
 char  1 --
 char  d --
 char  2 --
 char  d --
 char  1 --
 char  d --
 char  2 --
 char  d --
 char  1 --
 char  d --
 char  2 --
 char  d --
 char  1 --
 char  d --
 char  2 --
 char  d --
 char  1 --
 char  d --
 char  2 --
 char  d --
 char  1 --
 char  d --
 char  2 --
 char  d --
 char  1 --
 char  d --
 char  2 --
 char  d --
 char  1 --
 char  d --
 char  2 --
 char  d --
 char  1 --
 char  d --
 char  2 --
 char  d --
 char  1 --
 char  d --
 char  2 --
 char  d --
 char  1 --
 char  d --
 char  2 --
 char  d --
 char  1 --
 char  d --
 char  2 --
 char  d --
 char  1 --
 char  d --
 char  2 --
 char  d --
 char  1 --
 char  d --
 char  2 --
 char  d --
 char  1 --
 char  d --
 char  2 --
 char  d --
 char  1 --
 char  d --
 char  2 --
 char  d --
 char  1 --
 char  d --
 char  2 --
 char  d --
 char  1 --
 char  d --
 char  2 --
 char  d --
 char  1 --
 char  d --
 char  2 --
 char  d --
 char  1 --
 char  d --
 char  2 --
 char  d --
 char  1 --
 char  d --
 char  2 --
 char  d --
 char  1 --
 char  d --
 char  2 --
 char  d --
 char  1 --
 char  d --
 char  2 --
 char  d --
 char  1 --
 char  d --
 char  2 --
 char  d --
 char  1 --
 char  d --
 char  2 --
 char  d --
 char  1 --
 char  d --
 char  2 --
 char  d --
 char  1 --
 char  d --
 char  2 --
 char  d --
 char  1 --
 char  d --
 char  2 --
 char  d --
 char  1 --
 char  d --
 char  2 --
 char  d --
 char  1 --
 char  d --
 char  2 --
 char  d --
 char  1 --
 char  d --
 char  2 --
 char  d --
 char  1 --
 char  d --
 char  2 --
 char  d --
 char  1 --
 char  d --
 char  2 --
 char  d --
 char  1 --
 char  d --
 char  2 --
 char  d --
 char  1 --
 char  d --
 char  2 --
 char  d --
 char  1 --
 char  d --
 char  2 --
 char  d --
 char  1 --
 char  d --
 char  2 --
 char  d --
 char  1 --
 char  d --
 char  2 --
 char  d --
 char  1 --
 char  d --
 char  2 --
 char  d --
 char  1 --
 char  d --
 char  2 --
 char  d --
 char  1 --
 char  d --
 char  2 --
 char  d --
 char  1 --
 char  d --
 char  2 --
 char  d --
 char  1 --
 char  d --
 char  2 --
 char  d --
 char  1 --
 char  d --
 char  2 --
 char  d --
 char  1 --
 char  d --
 char  2 --
 char  d --
 char  1 --
 char  d --
 char  2 --
 char  d --
 char  1 --
 char  d --
 char  2 --
 char  d --
 char  1 --
 char  d --
 char  2 --
 char  d --
 char  1 --
 char  d --
 char  2 --
 char  d --
 char  1 --
 char  d --
 char  2 --
 char  d --
 char  1 --
 char  d --
 char  2 --
 char  d --
 char  1 --
 char  d --
 char  2 --
 char  d --
 char  1 --
 char  d --
 char  2 --
 char  d --
 char  1 --
 char  d --
 char  2 --
 char  d --
 char  1 --
 char  d --
 char  2 --
 char  d --
 char  1 --
 char  d --
 char  2 --
 char  d --
 char  1 --
 char  d --
 char  2 --
 char  d --
 char  1 --
 char  d --
 char  2 --
 char  d --
 char  1 --
 char  d --
 char  2 --
 char  d --
 char  1 --
 char  d --
 char  2 --
 char  d --
 char  1 --
 char  d --
 char  2 --
 char  d --
 char  1 --
 char  d --
 char  2 --
 char  d --
 char  1 --
 char  d --
 char  2 --
 char  d --
 char  1 --
 char  d --
 char  2 --
 char  d --
 char  1 --
 char  d --
 char  2 --
 char  d --
 char  1 --
 char  d --
 char  2 --
 char  d --
 char  1 --
 char  d --
 char  2 --
 char  d --
 char  1 --
 char  d --
 char  2 --
 char  d --
 char  1 --
 char  d --
 char  2 --
 char  d --
 char  1 --
 char  d --
 char  2 --
 char  d --
 char  1 --
 char  d --
 char  2 --
 char  d --
 char  1 --
 char  d --
 char  2 --
 char  d --
 char  1 --
 char  d --
 char  2 --
 char  d --
 char  1 --
 char  d --
 char  2 --
 char  d --
 char  1 --
 char  d --
 char  2 --
 char  d --
 char  1 --
 char  d --
 char  2 --
 char  d --
 char  1 --
 char  d --
 char  2 --
 char  d --
 char  1 --
 char  d --
 char  2 --
 char  d --
 char  1 --
 char  d --
 char  2 --
 char  d --
 char  1 --
 char  d --
 char  2 --
 char  d --
 char  1 --
 char  d --
 char  2 --
 char  d --
 char  1 --
 char  d --
 char  2 --
 char  d --
 char  1 --
 char  d --
 char  2 --
 char  d --
 char  1 --
 char  d --
 char  2 --
 char  d --
 char  1 --
 char  d --
 char  2 --
 char  d --
 char  1 --
 char  d --
 char  2 --
 char  d --
 char  1 --
 char  d --
 char  2 --
 char  d --
 char  1 --
 char  d --
 char  2 --
 char  d --
 char  1 --
 char  d --
 char  2 --
 char  d --
 char  1 --
 char  d --
 char  2 --
 char  d --
 char  1 --
 char  d --
 char  2 --
 char  d --
 char  1 --
 char  d --
 char  2 --
 char  d --
 char  1 --
 char  d --
 char  2 --
 char  d --
 char  1 --
 char  d --
 char  2 --
 char  d --
 char  1 --
 char  d --
 char  2 --
 char  d --
 char  1 --
 char  d --
 char  2 --
 char  d --
 char  1 --
 char  d --
 char  2 --
 char  d --
 char  1 --
 char  d --
 char  2 --
 char  d --
 char  1 --
 char  d --
 char  2 --
 char  d --
 char  1 --
 char  d --
 char  2 --
 char  d --
 char  1 --
 char  d --
 char  2 --
 char  d --
 char  1 --
 char  d --
 char  2 --
 char  d --
 char  1 --
 char  d --
 char  2 --
 char  d --
 char  1 --
 char  d --
 char  2 --
 char  d --
 char  1 --
 char  d --
 char  2 --
 char  d --
 char  1 --
 char  d --
 char  2 --
 char  d --
 char  1 --
 char  d --
 char  2 --
 char  d --
 char  1 --
 char  d --
 char  2 --
 char  d --
 char  1 --
 char  d --
 char  2 --
 char  d --
 char  1 --
 char  d --
 char  2 --
 char  d --
 char  1 --
 char  d --
 char  2 --
 char  d --
 char  1 --
 char  d --
 char  2 --
 char  d --
 char  1 --
 char  d --
 char  2 --
 char  d --
 char  1 --
 char  d --
 char  2 --
 char  d --
 char  1 --
 char  d --
 char  2 --
 char  d --
 char  1 --
 char  d --
 char  2 --
 char  d --
 char  1 --
 char  d --
 char  2 --
 char  d --
 char  1 --
 char  d --
 char  2 --
 char  d --
 char  1 --
 char  d --
 char  2 --
 char  d --
 char  1 --
 char  d --
 char  2 --
 char  d --
 char  1 --
 char  d --
 char  2 --
 char  d --
 char  1 --
 char  d --
 char  2 --
 char  d --
 char  1 --
 char  d --
 char  2 --
 char  d --
 char  1 --
 char  d --
 char  2 --
 char  d --
 char  1 --
 char  d --
 char  2 --
 char  d --
 char  1 --
 char  d --
 char  2 --
 char  d --
 char  1 --
 char  d --
 char  2 --
 char  d --
 char  1 --
 char  d --
 char  2 --
 char  d --
 char  1 --
 char  d --
 char  2 --
 char  d --
 char  1 --
 char  d --
 char  2 --
 char  d --
 char  1 --
 char  d --
 char  2 --
 char  d --
 char  1 --
 char  d --
 char  2 --
 char  d --
 char  1 --
 char  d --
 char  2 --
 char  d --
 char  1 --
 char  d --
 char  2 --
 char  d --
 char  1 --
 char  d --
 char  2 --
 char  d --
 char  1 --
 char  d --
 char  2 --
 char  d --
 char  1 --
 char  d --
 char  2 --
 char  d --
 char  1 --
 char  d --
 char  2 --
 char  d --
 char  1 --
 char  d --
 char  2 --
 char  d --
 char  1 --
 char  d --
 char  2 --
 char  d --
 char  1 --
 char  d --
 char  2 --
 char  d --
 char  1 --
 char  d --
 char  2 --
 char  d --
 char  1 --
 char  d --
 char  2 --
 char  d --
 char  1 --
 char  d --
 char  2 --
 char  d --
 char  1 --
 char  d --
 char  2 --
 char  d --
 char  1 --
 char  d --
 char  2 --
 char  d --
 char  1 --
 char  d --
 char  2 --
 char  d --
 char  1 --
 char  d --
 char  2 --
 char  d --
 char  1 --
 char  d --
 char  2 --
 char  d --
 char  1 --
 char  d --
 char  2 --
 char  d --
 char  1 --
 char  d --
 char  2 --
 char  d --
 char  1 --
 char  d --
 char  2 --
 char  d --
 char  1 --
 char  d --
 char  2 --
 char  d --
 char  1 --
 char  d --
 char  2 --
 char  d --
 char  1 --
 char  d --
 char  2 --
 char  d --
 char  1 --
 char  d --
 char  2 --
 char  d --
 char  1 --
 char  d --
 char  2 --
 char  d --
 char  1 --
 char  d --
 char  2 --
 char  d --
 char  1 --
 char  d --
 char  2 --
 char  d --
 char  1 --
 char  d --
 char  2 --
 char  d --
 char  1 --
 char  d --
 char  2 --
 char  d --
 char  1 --
 char  d --
 char  2 --
 char  d --
 char  1 --
 char  d --
 char  2 --
 char  d --
 char  1 --
 char  d --
 char  2 --
 char  d --
 char  1 --
 char  d --
 char  2 --
 char  d --
 char  1 --
 char  d --
 char  2 --
 char  d --
 char  1 --
 char  d --
 char  2 --
 char  d --
 char  1 --
 char  d --
 char  2 --
 char  d --
 char  1 --
 char  d --
 char  2 --
 char  d --
 char  1 --
 char  d --
 char  2 --
 char  d --
 char  1 --
 char  d --
 char  2 --
 char  d --
 char  1 --
 char  d --
 char  2 --
 char  d --
 char  1 --
 char  d --
 char  2 --
 char  d --
 char  1 --
 char  d --
 char  2 --
 char  d --
 char  1 --
 char  d --
 char  2 --
 char  d --
 char  1 --
 char  d --
 char  2 --
 char  d --
 char  1 --
 char  d --
 char  2 --
 char  d --
 char  1 --
 char  d --
 char  2 --
 char  d --
 char  1 --
 char  d --
 char  2 --
 char  d --
 char  1 --
 char  d --
 char  2 --
 char  d --
 char  1 --
 char  d --
 char  2 --
 char  d --
 char  1 --
 char  d --
 char  2 --
 char  d --
 char  1 --
 char  d --
 char  2 --
 char  d --
 char  1 --
 char  d --
 char  2 --
 char  d --
 char  1 --
 char  d --
 char  2 --
 char  d --
 char  1 --
 char  d --
 char  2 --
 char  d --
 char  1 --
 char  d --
 char  2 --
 char  d --
 char  1 --
 char  d --
 char  2 --
 char  d --
 char  1 --
 char  d --
 char  2 --
 char  d --
 char  1 --
 char  d --
 char  2 --
 char  d --
 char  1 --
 char  d --
 char  2 --
 char  d --
 char  1 --
 char  d --
 char  2 --
 char  d --
 char  1 --
 char  d --
 char  2 --
 char  d --
 char  1 --
 char  d --
 char  2 --
 char  d --
 char  1 --
 char  d --
 char  2 --
 char  d --
 char  1 --
 char  d --
 char  2 --
 char  d --
 char  1 --
 char  d --
 char  2 --
 char  d --
 char  1 --
 char  d --
 char  2 --
 char  d --
 char  1 --
 char  d --
 char  2 --
 char  d --
 char  1 --
 char  d --
 char  2 --
 char  d --
 char  1 --
 char  d --
 char  2 --
 char  d --
 char  1 --
 char  d --
 char  2 --
 char  d --
 char  1 --
 char  d --
 char  2 --
 char  d --
 char  1 --
 char  d --
 char  2 --
 char  d --
 char  1 --
 char  d --
 char  2 --
 char  d --
 char  1 --
 char  d --
 char  2 --
 char  d --
 char  1 --
 char  d --
 char  2 --
 char  d --
 char  1 --
 char  d --
 char  2 --
 char  d --
 char  1 --
 char  d --
 char  2 --
 char  d --
 char  1 --
 char  d --
 char  2 --
 char  d --
 char  1 --
 char  d --
 char  2 --
 char  d --
 char  1 --
 char  d --
 char  2 --
 char  d --
 char  1 --
 char  d --
 char  2 --
 char  d --
 char  1 --
 char  d --
 char  2 --
 char  d --
 char  1 --
 char  d --
 char  2 --
 char  d --
 char  1 --
 char  d --
 char  2 --
 char  d --
 char  1 --
 char  d --
 char  2 --
 char  d --
 char  1 --
 char  d --
 char  2 --
 char  d --
 char  1 --
 char  d --
 char  2 --
 char  d --
 char  1 --
 char  d --
 char  2 --
 char  d --
 char  1 --
 char  d --
 char  2 --
 char  d --
 char  1 --
 char  d --
 char  2 --
 char  d --
 char  1 --
 char  d --
 char  2 --
 char  d --
 char  1 --
 char  d --
 char  2 --
 char  d --
 char  1 --
 char  d --
 char  2 --
 char  d --
 char  1 --
 char  d --
 char  2 --
 char  d --
 char  1 --
 char  d --
 char  2 --
 char  d --
 char  1 --
 char  d --
 char  2 --
 char  d --
 char  1 --
 char  d --
 char  2 --
 char  d --
 char  1 --
 char  d --
 char  2 --
 char  d --
 char  1 --
 char  d --
 char  2 --
 char  d --
 char  1 --
 char  d --
 char  2 --
 char  d --
 char  1 --
 char  d --
 char  2 --
 char  d --
 char  1 --
 char  d --
 char  2 --
 char  d --
 char  1 --
 char  d --
 char  2 --
 char  d --
 char  1 --
 char  d --
 char  2 --
 char  d --
 char  1 --
 char  d --
 char  2 --
 char  d --
 char  1 --
 char  d --
 char  2 --
 char  d --
 char  1 --
 char  d --
 char  2 --
 char  d --
 char  1 --
 char  d --
 char  2 --
 char  d --
 char  1 --
 char  d --
 char  2 --
 char  d --
 char  1 --
 char  d --
 char  2 --
 char  d --
 char  1 --
 char  d --
 char  2 --
 char  d --
 char  1 --
 char  d --
 char  2 --
 char  d --
 char  1 --
 char  d --
 char  2 --
 char  d --
 char  1 --
 char  d --
 char  2 --
 char  d --
 char  1 --
 char  d --
 char  2 --
 char  d --
 char  1 --
 char  d --
 char  2 --
 char  d --
 char  1 --
 char  d --
 char  2 --
 char  d --
 char  1 --
 char  d --
 char  2 --
 char  d --
 char  1 --
 char  d --
 char  2 --
 char  d --
 char  1 --
 char  d --
 char  2 --
 char  d --
 char  1 --
 char  d --
 char  2 --
 char  d --
 char  1 --
 char  d --
 char  2 --
 char  d --
 char  1 --
 char  d --
 char  2 --
 char  d --
 char  1 --
 char  d --
 char  2 --
 char  d --
 char  1 --
 char  d --
 char  2 --
 char  d --
 char  1 --
 char  d --
 char  2 --
 char  d --
 char  1 --
 char  d --
 char  2 --
 char  d --
 char  1 --
 char  d --
 char  2 --
 char  d --
 char  1 --
 char  d --
 char  2 --
 char  d --
 char  1 --
 char  d --
 char  2 --
 char  d --
 char  1 --
 char  d --
 char  2 --
 char  d --
 char  1 --
 char  d --
 char  2 --
 char  d --
 char  1 --
 char  d --
 char  2 --
 char  d --
 char  1 --
 char  d --
 char  2 --
 char  d --
 char  1 --
 char  d --
 char  2 --
 char  d --
 char  1 --
 char  d --
 char  2 --
 char  d --
 char  1 --
 char  d --
 char  2 --
 char  d --
 char  1 --
 char  d --
 char  2 --
 char  d --
 char  1 --
 char  d --
 char  2 --
 char  d --
 char  1 --
 char  d --
 char  2 --
 char  d --
 char  1 --
 char  d --
 char  2 --
 char  d --
 char  1 --
 char  d --
 char  2 --
 char  d --
 char  1 --
 char  d --
 char  2 --
 char  d --
 char  1 --
 char  d --
 char  2 --
 char  d --
 char  1 --
 char  d --
 char  2 --
 char  d --
 char  1 --
 char  d --
 char  2 --
 char  d --
 char  1 --
 char  d --
 char  2 --
 char  d --
 char  1 --
 char  d --
 char  2 --
 char  d --
 char  1 --
 char  d --
 char  2 --
 char  d --
 char  1 --
 char  d --
 char  2 --
 char  d --
 char  1 --
 char  d --
 char  2 --
 char  d --
 char  1 --
 char  d --
 char  2 --
 char  d --
 char  1 --
 char  d --
 char  2 --
 char  d --
 char  1 --
 char  d --
 char  2 --
 char  d --
 char  1 --
 char  d --
 char  2 --
 char  d --
 char  1 --
 char  d --
 char  2 --
 char  d --
 char  1 --
 char  d --
 char  2 --
 char  d --
 char  1 --
 char  d --
 char  2 --
 char  d --
 char  1 --
 char  d --
 char  2 --
 char  d --
 char  1 --
 char  d --
 char  2 --
 char  d --
 char  1 --
 char  d --
 char  2 --
 char  d --
 char  1 --
 char  d --
 char  2 --
 char  d --
 char  1 --
 char  d --
 char  2 --
 char  d --
 char  1 --
 char  d --
 char  2 --
 char  d --
 char  1 --
 char  d --
 char  2 --
 char  d --
 char  1 --
 char  d --
 char  2 --
 char  d --
 char  1 --
 char  d --
 char  2 --
 char  d --
 char  1 --
 char  d --
 char  2 --
 char  d --
 char  1 --
 char  d --
 char  2 --
 char  d --
 char  1 --
 char  d --
 char  2 --
 char  d --
 char  1 --
 char  d --
 char  2 --
 char  d --
 char  1 --
 char  d --
 char  2 --
 char  d --
 char  1 --
 char  d --
 char  2 --
 char  d --
 char  1 --
 char  d --
 char  2 --
 char  d --
 char  1 --
 char  d --
 char  2 --
 char  d --
 char  1 --
 char  d --
 char  2 --
 char  d --
 char  1 --
 char  d --
 char  2 --
 char  d --
 char  1 --
 char  d --
 char  2 --
 char  d --
 char  1 --
 char  d --
 char  2 --
 char  d --
 char  1 --
 char  d --
 char  2 --
 char  d --
 char  1 --
 char  d --
 char  2 --
 char  d --
 char  1 --
 char  d --
 char  2 --
 char  d --
 char  1 --
 char  d --
 char  2 --
 char  d --
 char  1 --
 char  d --
 char  2 --
 char  d --
 char  1 --
 char  d --
 char  2 --
 char  d --
 char  1 --
 char  d --
 char  2 --
 char  d --
 char  1 --
 char  d --
 char  2 --
 char  d --
 char  1 --
 char  d --
 char  2 --
 char  d --
 char  1 --
 char  d --
 char  2 --
 char  d --
 char  1 --
 char  d --
 char  2 --
 char  d --
 char  1 --
 char  d --
 char  2 --
 char  d --
 char  1 --
 char  d --
 char  2 --
 char  d --
 char  1 --
 char  d --
 char  2 --
 char  d --
 char  1 --
 char  d --
 char  2 --
 char  d --
 char  1 --
 char  d --
 char  2 --
 char  d --
 char  1 --
 char  d --
 char  2 --
 char  d --
 char  1 --
 char  d --
 char  2 --
 char  d --
 char  1 --
 char  d --
 char  2 --
 char  d --
 char  1 --
 char  d --
 char  2 --
 char  d --
 char  1 --
 char  d --
 char  2 --
 char  d --
 char  1 --
 char  d --
 char  2 --
 char  d --
 char  1 --
 char  d --
 char  2 --
 char  d --
 char  1 --
 char  d --
 char  2 --
 char  d --
 char  1 --
 char  d --
 char  2 --
 char  d --
 char  1 --
 char  d --
 char  2 --
 char  d --
 char  1 --
 char  d --
 char  2 --
 char  d --
 char  1 --
 char  d --
 char  2 --
 char  d --
 char  1 --
 char  d --
 char  2 --
 char  d --
 char  1 --
 char  d --
 char  2 --
 char  d --
 char  1 --
 char  d --
 char  2 --
 char  d --
 char  1 --
 char  d --
 char  2 --
 char  d --
 char  1 --
 char  d --
 char  2 --
 char  d --
 char  1 --
 char  d --
 char  2 --
 char  d --
 char  1 --
 char  d --
 char  2 --
 char  d --
 char  1 --
 char  d --
 char  2 --
 char  d --
 char  1 --
 char  d --
 char  2 --
 char  d --
 char  1 --
 char  d --
 char  2 --
 char  d --
 char  1 --
 char  d --
 char  2 --
 char  d --
 char  1 --
 char  d --
 char  2 --
 char  d --
 char  1 --
 char  d --
 char  2 --
 char  d --
 char  1 --
 char  d --
 char  2 --
 char  d --
 char  1 --
 char  d --
 char  2 --
 char  d --
 char  1 --
 char  d --
 char  2 --
 char  d --
 char  1 --
 char  d --
 char  2 --
 char  d --
 char  1 --
 char  d --
 char  2 --
 char  d --
 char  1 --
 char  d --
 char  2 --
 char  d --
 char  1 --
 char  d --
 char  2 --
 char  d --
 char  1 --
 char  d --
 char  2 --
 char  d --
 char  1 --
 char  d --
 char  2 --
 char  d --
 char  1 --
 char  d --
 char  2 --
 char  d --
 char  1 --
 char  d --
 char  2 --
 char  d --
 char  1 --
 char  d --
 char  2 --
 char  d --
 char  1 --
 char  d --
 char  2 --
 char  d --
 char  1 --
 char  d --
 char  2 --
 char  d --
 char  1 --
 char  d --
 char  2 --
 char  d --
 char  1 --
 char  d --
 char  2 --
 char  d --
 char  1 --
 char  d --
 char  2 --
 char  d --
 char  1 --
 char  d --
 char  2 --
 char  d --
 char  1 --
 char  d --
 char  2 --
 char  d --
 char  1 --
 char  d --
 char  2 --
 char  d --
 char  1 --
 char  d --
 char  2 --
 char  d --
 char  1 --
 char  d --
 char  2 --
 char  d --
 char  1 --
 char  d --
 char  2 --
 char  d --
 char  1 --
 char  d --
 char  2 --
 char  d --
 char  1 --
 char  d --
 char  2 --
 char  d --
 char  1 --
 char  d --
 char  2 --
 char  d --
 char  1 --
 char  d --
 char  2 --
 char  d --
 char  1 --
 char  d --
 char  2 --
 char  d --
 char  1 --
 char  d --
 char  2 --
 char  d --
 char  1 --
 char  d --
 char  2 --
 char  d --
 char  1 --
 char  d --
 char  2 --
 char  d --
 char  1 --
 char  d --
 char  2 --
 char  d --
 char  1 --
 char  d --
 char  2 --
 char  d --
 char  1 --
 char  d --
 char  2 --
 char  d --
 char  1 --
 char  d --
 char  2 --
 char  d --
 char  1 --
 char  d --
 char  2 --
 char  d --
 char  1 --
 char  d --
 char  2 --
 char  d --
 char  1 --
 char  d --
 char  2 --
 char  d --
 char  1 --
 char  d --
 char  2 --
 char  d --
 char  1 --
 char  d --
 char  2 --
 char  d --
 char  1 --
 char  d --
 char  2 --
 char  d --
 char  1 --
 char  d --
 char  2 --
 char  d --
 char  1 --
 char  d --
 char  2 --
 char  d --
 char  1 --
 char  d --
 char  2 --
 char  d --
 char  1 --
 char  d --
 char  2 --
 char  d --
 char  1 --
 char  d --
 char  2 --
 char  d --
 char  1 --
 char  d --
 char  2 --
 char  d --
 char  1 --
 char  d --
 char  2 --
 char  d --
 char  1 --
 char  d --
 char  2 --
 char  d --
 char  1 --
 char  d --
 char  2 --
 char  d --
 char  1 --
 char  d --
 char  2 --
 char  d --
 char  1 --
 char  d --
 char  2 --
 char  d --
 char  1 --
 char  d --
 char  2 --
 char  d --
 char  1 --
 char  d --
 char  2 --
 char  d --
 char  1 --
 char  d --
 char  2 --
 char  d --
 char  1 --
 char  d --
 char  2 --
 char  d --
 char  1 --
 char  d --
 char  2 --
 char  d --
 char  1 --
 char  d --
 char  2 --
 char  d --
 char  1 --
 char  d --
 char  2 --
 char  d --
 char  1 --
 char  d --
 char  2 --
 char  d --
 char  1 --
 char  d --
 char  2 --
 char  d --
 char  1 --
 char  d --
 char  2 --
 char  d --
 char  1 --
 char  d --
 char  2 --
 char  d --
 char  1 --
 char  d --
 char  2 --
 char  d --
 char  1 --
 char  d --
 char  2 --
 char  d --
 char  1 --
 char  d --
 char  2 --
 char  d --
 char  1 --
 char  d --
 char  2 --
 char  d --
 char  1 --
 char  d --
 char  2 --
 char  d --
 char  1 --
 char  d --
 char  2 --
 char  d --
 char  1 --
 char  d --
 char  2 --
 char  d --
 char  1 --
 char  d --
 char  2 --
 char  d --
 char  1 --
 char  d --
 char  2 --
 char  d --
 char  1 --
 char  d --
 char  2 --
 char  d --
 char  1 --
 char  d --
 char  2 --
 char  d --
 char  1 --
 char  d --
 char  2 --
 char  d --
 char  1 --
 char  d --
 char  2 --
 char  d --
 char  1 --
 char  d --
 char  2 --
 char  d --
 char  1 --
 char  d --
 char  2 --
 char  d --
 char  1 --
 char  d --
 char  2 --
 char  d --
 char  1 --
 char  d --
 char  2 --
 char  d --
 char  1 --
 char  d --
 char  2 --
 char  d --
 char  1 --
 char  d --
 char  2 --
 char  d --
 char  1 --
 char  d --
 char  2 --
 char  d --
 char  1 --
 char  d --
 char  2 --
 char  d --
 char  1 --
 char  d --
 char  2 --
 char  d --
 char  1 --
 char  d --
 char  2 --
 char  d --
 char  1 --
 char  d --
 char  2 --
 char  d --
 char  1 --
 char  d --
 char  2 --
 char  d --
 char  1 --
 char  d --
 char  2 --
 char  d --
 char  1 --
 char  d --
 char  2 --
 char  d --
 char  1 --
 char  d --
 char  2 --
 char  d --
 char  1 --
 char  d --
 char  2 --
 char  d --
 char  1 --
 char  d --
 char  2 --
 char  d --
 char  1 --
 char  d --
 char  2 --
 char  d --
 char  1 --
 char  d --
 char  2 --
 char  d --
 char  1 --
 char  d --
 char  2 --
 char  d --
 char  1 --
 char  d --
 char  2 --
 char  d --
 char  1 --
 char  d --
 char  2 --
 char  d --
 char  1 --
 char  d --
 char  2 --
 char  d --
 char  1 --
 char  d --
 char  2 --
 char  d --
 char  1 --
 char  d --
 char  2 --
 char  d --
 char  1 --
 char  d --
 char  2 --
 char  d --
 char  1 --
 char  d --
 char  2 --
 char  d --
 char  1 --
 char  d --
 char  2 --
 char  d --
 char  1 --
 char  d --
 char  2 --
 char  d --
 char  1 --
 char  d --
 char  2 --
 char  d --
 char  1 --
 char  d --
 char  2 --
 char  d --
 char  1 --
 char  d --
 char  2 --
 char  d --
 char  1 --
 char  d --
 char  2 --
 char  d --
 char  1 --
 char  d --
 char  2 --
 char  d --
 char  1 --
 char  d --
 char  2 --
 char  d --
 char  1 --
 char  d --
 char  2 --
 char  d --
 char  1 --
 char  d --
 char  2 --
 char  d --
 char  1 --
 char  d --
 char  2 --
 char  d --
 char  1 --
 char  d --
 char  2 --
 char  d --
 char  1 --
 char  d --
 char  2 --
 char  d --
 char  1 --
 char  d --
 char  2 --
 char  d --
 char  1 --
 char  d --
 char  2 --
 char  d --
 char  1 --
 char  d --
 char  2 --
 char  d --
 char  1 --
 char  d --
 char  2 --
 char  d --
 char  1 --
 char  d --
 char  2 --
 char  d --
 char  1 --
 char  d --
 char  2 --
 char  d --
 char  1 --
 char  d --
 char  2 --
 char  d --
 char  1 --
 char  d --
 char  2 --
 char  d --
 char  1 --
 char  d --
 char  2 --
 char  d --
 char  1 --
 char  d --
 char  2 --
 char  d --
 char  1 --
 char  d --
 char  2 --
 char  d --
 char  1 --
 char  d --
 char  2 --
 char  d --
 char  1 --
 char  d --
 char  2 --
 char  d --
 char  1 --
 char  d --
 char  2 --
 char  d --
 char  1 --
 char  d --
 char  2 --
 char  d --
 char  1 --
 char  d --
 char  2 --
 char  d --
 char  1 --
 char  d --
 char  2 --
 char  d --
 char  1 --
 char  d --
 char  2 --
 char  d --
 char  1 --
 char  d --
 char  2 --
 char  d --
 char  1 --
 char  d --
 char  2 --
 char  d --
 char  1 --
 char  d --
 char  2 --
 char  d --
 char  1 --
 char  d --
 char  2 --
 char  d --
 char  1 --
 char  d --
 char  2 --
 char  d --
 char  1 --
 char  d --
 char  2 --
 char  d --
 char  1 --
 char  d --
 char  2 --
 char  d --
 char  1 --
 char  d --
 char  2 --
 char  d --
 char  1 --
 char  d --
 char  2 --
 char  d --
 char  1 --
 char  d --
 char  2 --
 char  d --
 char  1 --
 char  d --
 char  2 --
 char  d --
 char  1 --
 char  d --
 char  2 --
 char  d --
 char  1 --
 char  d --
 char  2 --
 char  d --
 char  1 --
 char  d --
 char  2 --
 char  d --
 char  1 --
 char  d --
 char  2 --
 char  d --
 char  1 --
 char  d --
 char  2 --
 char  d --
 char  1 --
 char  d --
 char  2 --
 char  d --
 char  1 --
 char  d --
 char  2 --
 char  d --
 char  1 --
 char  d --
 char  2 --
 char  d --
 char  1 --
 char  d --
 char  2 --
 char  d --
 char  1 --
 char  d --
 char  2 --
 char  d --
 char  1 --
 char  d --
 char  2 --
 char  d --
 char  1 --
 char  d --
 char  2 --
 char  d --
 char  1 --
 char  d --
 char  2 --
 char  d --
 char  1 --
 char  d --
 char  2 --
 char  d --
 char  1 --
 char  d --
 char  2 --
 char  d --
 char  1 --
 char  d --
 char  2 --
 char  d --
 char  1 --
 char  d --
 char  2 --
 char  d --
 char  1 --
 char  d --
 char  2 --
 char  d --
 char  1 --
 char  d --
 char  2 --
 char  d --
 char  1 --
 char  d --
 char  2 --
 char  d --
 char  1 --
 char  d --
 char  2 --
 char  d --
 char  1 --
 char  d --
 char  2 --
 char  d --
 char  1 --
 char  d --
 char  2 --
 char  d --
 char  1 --
 char  d --
 char  2 --
 char  d --
 char  1 --
 char  d --
 char  2 --
 char  d --
 char  1 --
 char  d --
 char  2 --
 char  d --
 char  1 --
 char  d --
 char  2 --
 char  d --
 char  1 --
 char  d --
 char  2 --
 char  d --
 char  1 --
 char  d --
 char  2 --
 char  d --
 char  1 --
 char  d --
 char  2 --
 char  d --
 char  1 --
 char  d --
 char  2 --
 char  d --
 char  1 --
 char  d --
 char  2 --
 char  d --
 char  1 --
 char  d --
 char  2 --
 char  d --
 char  1 --
 char  d --
 char  2 --
 char  d --
 char  1 --
 char  d --
 char  2 --
 char  d --
 char  1 --
 char  d --
 char  2 --
 char  d --
 char  1 --
 char  d --
 char  2 --
 char  d --
 char  1 --
 char  d --
 char  2 --
 char  d --
 char  1 --
 char  d --
 char  2 --
 char  d --
 char  1 --
 char  d --
 char  2 --
 char  d --
 char  1 --
 char  d --
 char  2 --
 char  d --
 char  1 --
 char  d --
 char  2 --
 char  d --
 char  1 --
 char  d --
 char  2 --
 char  d --
 char  1 --
 char  d --
 char  2 --
 char  d --
 char  1 --
 char  d --
 char  2 --
 char  d --
 char  1 --
 char  d --
 char  2 --
 char  d --
 char  1 --
 char  d --
 char  2 --
 char  d --
 char  1 --
 char  d --
 char  2 --
 char  d --
 char  1 --
 char  d --
 char  2 --
 char  d --
 char  1 --
 char  d --
 char  2 --
 char  d --
 char  1 --
 char  d --
 char  2 --
 char  d --
 char  1 --
 char  d --
 char  2 --
 char  d --
 char  1 --
 char  d --
 char  2 --
 char  d --
 char  1 --
 char  d --
 char  2 --
 char  d --
 char  1 --
 char  d --
 char  2 --
 char  d --
 char  1 --
 char  d --
 char  2 --
 char  d --
 char  1 --
 char  d --
 char  2 --
 char  d --
 char  1 --
 char  d --
 char  2 --
 char  d --
 char  1 --
 char  d --
 char  2 --
 char  d --
 char  1 --
 char  d --
 char  2 --
 char  d --
 char  1 --
 char  d --
 char  2 --
 char  d --
 char  1 --
 char  d --
 char  2 --
 char  d --
 char  1 --
 char  d --
 char  2 --
 char  d --
 char  1 --
 char  d --
 char  2 --
 char  d --
 char  1 --
 char  d --
 char  2 --
 char  d --
 char  1 --
 char  d --
 char  2 --
 char  d --
 char  1 --
 char  d --
 char  2 --
 char  d --
 char  1 --
 char  d --
 char  2 --
 char  d --
 char  1 --
 char  d --
 char  2 --
 char  d --
 char  1 --
 char  d --
 char  2 --
 char  d --
 char  1 --
 char  d --
 char  2 --
 char  d --
 char  1 --
 char  d --
 char  2 --
 char  d --
 char  1 --
 char  d --
 char  2 --
 char  d --
 char  1 --
 char  d --
 char  2 --
 char  d --
 char  1 --
 char  d --
 char  2 --
 char  d --
 char  1 --
 char  d --
 char  2 --
 char  d --
 char  1 --
 char  d --
 char  2 --
 char  d --
 char  1 --
 char  d --
 char  2 --
 char  d --
 char  1 --
 char  d --
 char  2 --
 char  d --
 char  1 --
 char  d --
 char  2 --
 char  d --
 char  1 --
 char  d --
 char  2 --
 char  d --
 char  1 --
 char  d --
 char  2 --
 char  d --
 char  1 --
 char  d --
 char  2 --
 char  d --
 char  1 --
 char  d --
 char  2 --
 char  d --
 char  1 --
 char  d --
 char  2 --
 char  d --
 char  1 --
 char  d --
 char  2 --
 char  d --
 char  1 --
 char  d --
 char  2 --
 char  d --
 char  1 --
 char  d --
 char  2 --
 char  d --
 char  1 --
 char  d --
 char  2 --
 char  d --
 char  1 --
 char  d --
 char  2 --
 char  d --
 char  1 --
 char  d --
 char  2 --
 char  d --
 char  1 --
 char  d --
 char  2 --
 char  d --
 char  1 --
 char  d --
 char  2 --
 char  d --
 char  1 --
 char  d --
 char  2 --
 char  d --
 char  1 --
 char  d --
 char  2 --
 char  d --
 char  1 --
 char  d --
 char  2 --
 char  d --
 char  1 --
 char  d --
 char  2 --
 char  d --
 char  1 --
 char  d --
 char  2 --
 char  d --
 char  1 --
 char  d --
 char  2 --
 char  d --
 char  1 --
 char  d --
 char  2 --
 char  d --
 char  1 --
 char  d --
 char  2 --
 char  d --
 char  1 --
 char  d --
 char  2 --
 char  d --
 char  1 --
 char  d --
 char  2 --
 char  d --
 char  1 --
 char  d --
 char  2 --
 char  d --
 char  1 --
 char  d --
 char  2 --
 char  d --
 char  1 --
 char  d --
 char  2 --
 char  d --
 char  1 --
 char  d --
 char  2 --
 char  d --
 char  1 --
 char  d --
 char  2 --
 char  d --
 char  1 --
 char  d --
 char  2 --
 char  d --
 char  1 --
 char  d --
 char  2 --
 char  d --
 char  1 --
 char  d --
 char  2 --
 char  d --
 char  1 --
 char  d --
 char  2 --
 char  d --
 char  1 --
 char  d --
 char  2 --
 char  d --
 char  1 --
 char  d --
 char  2 --
 char  d --
 char  1 --
 char  d --
 char  2 --
 char  d --
 char  1 --
 char  d --
 char  2 --
 char  d --
 char  1 --
 char  d --
 char  2 --
 char  d --
 char  1 --
 char  d --
 char  2 --
 char  d --
 char  1 --
 char  d --
 char  2 --
 char  d --
 char  1 --
 char  d --
 char  2 --
 char  d --
 char  1 --
 char  d --
 char  2 --
 char  d --
 char  1 --
 char  d --
 char  2 --
 char  d --
 char  1 --
 char  d --
 char  2 --
 char  d --
 char  1 --
 char  d --
 char  2 --
 char  d --
 char  1 --
 char  d --
 char  2 --
 char  d --
 char  1 --
 char  d --
 char  2 --
 char  d --
 char  1 --
 char  d --
 char  2 --
 char  d --
 char  1 --
 char  d --
 char  2 --
 char  d --
 char  1 --
 char  d --
 char  2 --
 char  d --
 char  1 --
 char  d --
 char  2 --
 char  d --
 char  1 --
 char  d --
 char  2 --
 char  d --
 char  1 --
 char  d --
 char  2 --
 char  d --
 char  1 --
 char  d --
 char  2 --
 char  d --
 char  1 --
 char  d --
 char  2 --
 char  d --
 char  1 --
 char  d --
 char  2 --
 char  d --
 char  1 --
 char  d --
 char  2 --
 char  d --
 char  1 --
 char  d --
 char  2 --
 char  d --
 char  1 --
 char  d --
 char  2 --
 char  d --
 char  1 --
 char  d --
 char  2 --
 char  d --
 char  1 --
 char  d --
 char  2 --
 char  d --
 char  1 --
 char  d --
 char  2 --
 char  d --
 char  1 --
 char  d --
 char  2 --
 char  d --
 char  1 --
 char  d --
 char  2 --
 char  d --
 char  1 --
 char  d --
 char  2 --
 char  d --
 char  1 --
 char  d --
 char  2 --
 char  d --
 char  1 --
 char  d --
 char  2 --
 char  d --
 char  1 --
 char  d --
 char  2 --
 char  d --
 char  1 --
 char  d --
 char  2 --
 char  d --
 char  1 --
 char  d --
 char  2 --
 char  d --
 char  1 --
 char  d --
 char  2 --
 char  d --
 char  1 --
 char  d --
 char  2 --
 char  d --
 char  1 --
 char  d --
 char  2 --
 char  d --
 char  1 --
 char  d --
 char  2 --
 char  d --
 char  1 --
 char  d --
 char  2 --
 char  d --
 char  1 --
 char  d --
 char  2 --
 char  d --
 char  1 --
 char  d --
 char  2 --
 char  d --
 char  1 --
 char  d --
 char  2 --
 char  d --
 char  1 --
 char  d --
 char  2 --
 char  d --
 char  1 --
 char  d --
 char  2 --
 char  d --
 char  1 --
 char  d --
 char  2 --
 char  d --
 char  1 --
 char  d --
 char  2 --
 char  d --
 char  1 --
 char  d --
 char  2 --
 char  d --
 char  1 --
 char  d --
 char  2 --
 char  d --
 char  1 --
 char  d --
 char  2 --
 char  d --
 char  1 --
 char  d --
 char  2 --
 char  d --
 char  1 --
 char  d --
 char  2 --
 char  d --
 char  1 --
 char  d --
 char  2 --
 char  d --
 char  1 --
 char  d --
 char  2 --
 char  d --
 char  1 --
 char  d --
 char  2 --
 char  d --
 char  1 --
 char  d --
 char  2 --
 char  d --
 char  1 --
 char  d --
 char  2 --
 char  d --
 char  1 --
 char  d --
 char  2 --
 char  d --
 char  1 --
 char  d --
 char  2 --
 char  d --
 char  1 --
 char  d --
 char  2 --
 char  d --
 char  1 --
 char  d --
 char  2 --
 char  d --
 char  1 --
 char  d --
 char  2 --
 char  d --
 char  1 --
 char  d --
 char  2 --
 char  d --
 char  1 --
 char  d --
 char  2 --
 char  d --
 char  1 --
 char  d --
 char  2 --
 char  d --
 char  1 --
 char  d --
 char  2 --
 char  d --
 char  1 --
 char  d --
 char  2 --
 char  d --
 char  1 --
 char  d --
 char  2 --
 char  d --
 char  1 --
 char  d --
 char  2 --
 char  d --
 char  1 --
 char  d --
 char  2 --
 char  d --
 char  1 --
 char  d --
 char  2 --
 char  d --
 char  1 --
 char  d --
 char  2 --
 char  d --
 char  1 --
 char  d --
 char  2 --
 char  d --
 char  1 --
 char  d --
 char  2 --
 char  d --
 char  1 --
 char  d --
 char  2 --
 char  d --
 char  1 --
 char  d --
 char  2 --
 char  d --
 char  1 --
 char  d --
 char  2 --
 char  d --
 char  1 --
 char  d --
 char  2 --
 char  d --
 char  1 --
 char  d --
 char  2 --
 char  d --
 char  1 --
 char  d --
 char  2 --
 char  d --
 char  1 --
 char  d --
 char  2 --
 char  d --
 char  1 --
 char  d --
 char  2 --
 char  d --
 char  1 --
 char  d --
 char  2 --
 char  d --
 char  1 --
 char  d --
 char  2 --
 char  d --
 char  1 --
 char  d --
 char  2 --
 char  d --
 char  1 --
 char  d --
 char  2 --
 char  d --
 char  1 --
 char  d --
 char  2 --
 char  d --
 char  1 --
 char  d --
 char  2 --
 char  d --
 char  1 --
 char  d --
 char  2 --
 char  d --
 char  1 --
 char  d --
 char  2 --
 char  d --
 char  1 --
 char  d --
 char  2 --
 char  d --
 char  1 --
 char  d --
 char  2 --
 char  d --
 char  1 --
 char  d --
 char  2 --
 char  d --
 char  1 --
 char  d --
 char  2 --
 char  d --
 char  1 --
 char  d --
 char  2 --
 char  d --
 char  1 --
 char  d --
 char  2 --
 char  d --
 char  1 --
 char  d --
 char  2 --
 char  d --
 char  1 --
 char  d --
 char  2 --
 char  d --
 char  1 --
 char  d --
 char  2 --
 char  d --
 char  1 --
 char  d --
 char  2 --
 char  d --
 char  1 --
 char  d --
 char  2 --
 char  d --
 char  1 --
 char  d --
 char  2 --
 char  d --
 char  1 --
 char  d --
 char  2 --
 char  d --
 char  1 --
 char  d --
 char  2 --
 char  d --
 char  1 --
 char  d --
 char  2 --
 char  d --
 char  1 --
 char  d --
 char  2 --
 char  d --
 char  1 --
 char  d --
 char  2 --
 char  d --
 char  1 --
 char  d --
 char  2 --
 char  d --
 char  1 --
 char  d --
 char  2 --
 char  d --
 char  1 --
 char  d --
 char  2 --
 char  d --
 char  1 --
 char  d --
 char  2 --
 char  d --
 char  1 --
 char  d --
 char  2 --
 char  d --
 char  1 --
 char  d --
 char  2 --
 char  d --
 char  1 --
 char  d --
 char  2 --
 char  d --
 char  1 --
 char  d --
 char  2 --
 char  d --
 char  1 --
 char  d --
 char  2 --
 char  d --
 char  1 --
 char  d --
 char  2 --
 char  d --
 char  1 --
 char  d --
 char  2 --
 char  d --
 char  1 --
 char  d --
 char  2 --
 char  d --
 char  1 --
 char  d --
 char  2 --
 char  d --
 char  1 --
 char  d --
 char  2 --
 char  d --
 char  1 --
 char  d --
 char  2 --
 char  d --
 char  1 --
 char  d --
 char  2 --
 char  d --
 char  1 --
 char  d --
 char  2 --
 char  d --
 char  1 --
 char  d --
 char  2 --
 char  d --
 char  1 --
 char  d --
 char  2 --
 char  d --
 char  1 --
 char  d --
 char  2 --
 char  d --
 char  1 --
 char  d --
 char  2 --
 char  d --
 char  1 --
 char  d --
 char  2 --
 char  d --
 char  1 --
 char  d --
 char  2 --
 char  d --
 char  1 --
 char  d --
 char  2 --
 char  d --
 char  1 --
 char  d --
 char  2 --
 char  d --
 char  1 --
 char  d --
 char  2 --
 char  d --
 char  1 --
 char  d --
 char  2 --
 char  d --
 char  1 --
 char  d --
 char  2 --
 char  d --
 char  1 --
 char  d --
 char  2 --
 char  d --
 char  1 --
 char  d --
 char  2 --
 char  d --
 char  1 --
 char  d --
 char  2 --
 char  d --
 char  1 --
 char  d --
 char  2 --
 char  d --
 char  1 --
 char  d --
 char  2 --
 char  d --
 char  1 --
 char  d --
 char  2 --
 char  d --
 char  1 --
 char  d --
 char  2 --
 char  d --
 char  1 --
 char  d --
 char  2 --
 char  d --
 char  1 --
 char  d --
 char  2 --
 char  d --
 char  1 --
 char  d --
 char  2 --
 char  d --
 char  1 --
 char  d --
 char  2 --
 char  d --
 char  1 --
 char  d --
 char  2 --
 char  d --
 char  1 --
 char  d --
 char  2 --
 char  d --
 char  1 --
 char  d --
 char  2 --
 char  d --
 char  1 --
 char  d --
 char  2 --
 char  d --
 char  1 --
 char  d --
 char  2 --
 char  d --
 char  1 --
 char  d --
 char  2 --
 char  d --
 char  1 --
 char  d --
 char  2 --
 char  d --
 char  1 --
 char  d --
 char  2 --
 char  d --
 char  1 --
 char  d --
 char  2 --
 char  d --
 char  1 --
 char  d --
 char  2 --
 char  d --
 char  1 --
 char  d --
 char  2 --
 char  d --
 char  1 --
 char  d --
 char  2 --
 char  d --
 char  1 --
 char  d --
 char  2 --
 char  d --
 char  1 --
 char  d --
 char  2 --
 char  d --
 char  1 --
 char  d --
 char  2 --
 char  d --
 char  1 --
 char  d --
 char  2 --
 char  d --
 char  1 --
 char  d --
 char  2 --
 char  d --
 char  1 --
 char  d --
 char  2 --
 char  d --
 char  1 --
 char  d --
 char  2 --
 char  d --
 char  1 --
 char  d --
 char  2 --
 char  d --
 char  1 --
 char  d --
 char  2 --
 char  d --
 char  1 --
 char  d --
 char  2 --
 char  d --
 char  1 --
 char  d --
 char  2 --
 char  d --
 char  1 --
 char  d --
 char  2 --
 char  d --
 char  1 --
 char  d --
 char  2 --
 char  d --
 char  1 --
 char  d --
 char  2 --
 char  d --
 char  1 --
 char  d --
 char  2 --
 char  d --
 char  1 --
 char  d --
 char  2 --
 char  d --
 char  1 --
 char  d --
 char  2 --
 char  d --
 char  1 --
 char  d --
 char  2 --
 char  d --
 char  1 --
 char  d --
 char  2 --
 char  d --
 char  1 --
 char  d --
 char  2 --
 char  d --
 char  1 --
 char  d --
 char  2 --
 char  d --
 char  1 --
 char  d --
 char  2 --
 char  d --
 char  1 --
 char  d --
 char  2 --
 char  d --
 char  1 --
 char  d --
 char  2 --
 char  d --
 char  1 --
 char  d --
 char  2 --
 char  d --
 char  1 --
 char  d --
 char  2 --
 char  d --
 char  1 --
 char  d --
 char  2 --
 char  d --
 char  1 --
 char  d --
 char  2 --
 char  d --
 char  1 --
 char  d --
 char  2 --
 char  d --
 char  1 --
 char  d --
 char  2 --
 char  d --
 char  1 --
 char  d --
 char  2 --
 char  d --
 char  1 --
 char  d --
 char  2 --
 char  d --
 char  1 --
 char  d --
 char  2 --
 char  d --
 char  1 --
 char  d --
 char  2 --
 char  d --
 char  1 --
 char  d --
 char  2 --
 char  d --
 char  1 --
 char  d --
 char  2 --
 char  d --
 char  1 --
 char  d --
 char  2 --
 char  d --
 char  1 --
 char  d --
 char  2 --
 char  d --
 char  1 --
 char  d --
 char  2 --
 char  d --
 char  1 --
 char  d --
 char  2 --
 char  d --
 char  1 --
 char  d --
 char  2 --
 char  d --
 char  1 --
 char  d --
 char  2 --
 char  d --
 char  1 --
 char  d --
 char  2 --
 char  d --
 char  1 --
 char  d --
 char  2 --
 char  d --
 char  1 --
 char  d --
 char  2 --
 char  d --
 char  1 --
 char  d --
 char  2 --
 char  d --
 char  1 --
 char  d --
 char  2 --
 char  d --
 char  1 --
 char  d --
 char  2 --
 char  d --
 char  1 --
 char  d --
 char  2 --
 char  d --
 char  1 --
 char  d --
 char  2 --
 char  d --
 char  1 --
 char  d --
 char  2 --
 char  d --
 char  1 --
 char  d --
 char  2 --
 char  d --
 char  1 --
 char  d --
 char  2 --
 char  d --
 char  1 --
 char  d --
 char  2 --
 char  d --
 char  1 --
 char  d --
 char  2 --
 char  d --
 char  1 --
 char  d --
 char  2 --
 char  d --
 char  1 --
 char  d --
 char  2 --
 char  d --
 char  1 --
 char  d --
 char  2 --
 char  d --
 char  1 --
 char  d --
 char  2 --
 char  d --
 char  1 --
 char  d --
 char  2 --
 char  d --
 char  1 --
 char  d --
 char  2 --
 char  d --
 char  1 --
 char  d --
 char  2 --
 char  d --
 char  1 --
 char  d --
 char  2 --
 char  d --
 char  1 --
 char  d --
 char  2 --
 char  d --
 char  1 --
 char  d --
 char  2 --
 char  d --
 char  1 --
 char  d --
 char  2 --
 char  d --
 char  1 --
 char  d --
 char  2 --
 char  d --
 char  1 --
 char  d --
 char  2 --
 char  d --
 char  1 --
 char  d --
 char  2 --
 char  d --
 char  1 --
 char  d --
 char  2 --
 char  d --
 char  1 --
 char  d --
 char  2 --
 char  d --
 char  1 --
 char  d --
 char  2 --
 char  d --
 char  1 --
 char  d --
 char  2 --
 char  d --
 char  1 --
 char  d --
 char  2 --
 char  d --
 char  1 --
 char  d --
 char  2 --
 char  d --
 char  1 --
 char  d --
 char  2 --
 char  d --
 char  1 --
 char  d --
 char  2 --
 char  d --
 char  1 --
 char  d --
 char  2 --
 char  d --
 char  1 --
 char  d --
 char  2 --
 char  d --
 char  1 --
 char  d --
 char  2 --
 char  d --
 char  1 --
 char  d --
 char  2 --
 char  d --
 char  1 --
 char  d --
 char  2 --
 char  d --
 char  1 --
 char  d --
 char  2 --
 char  d --
 char  1 --
 char  d --
 char  2 --
 char  d --
 char  1 --
 char  d --
 char  2 --
 char  d --
 char  1 --
 char  d --
 char  2 --
 char  d --
 char  1 --
 char  d --
 char  2 --
 char  d --
 char  1 --
 char  d --
 char  2 --
 char  d --
 char  1 --
 char  d --
 char  2 --
 char  d --
 char  1 --
 char  d --
 char  2 --
 char  d --
 char  1 --
 char  d --
 char  2 --
 char  d --
 char  1 --
 char  d --
 char  2 --
 char  d --
 char  1 --
 char  d --
 char  2 --
 char  d --
 char  1 --
 char  d --
 char  2 --
 char  d --
 char  1 --
 char  d --
 char  2 --
 char  d --
 char  1 --
 char  d --
 char  2 --
 char  d --
 char  1 --
 char  d --
 char  2 --
 char  d --
 char  1 --
 char  d --
 char  2 --
 char  d --
 char  1 --
 char  d --
 char  2 --
 char  d --
 char  1 --
 char  d --
 char  2 --
 char  d --
 char  1 --
 char  d --
 char  2 --
 char  d --
 char  1 --
 char  d --
 char  2 --
 char  d --
 char  1 --
 char  d --
 char  2 --
 char  d --
 char  1 --
 char  d --
 char  2 --
 char  d --
 char  1 --
 char  d --
 char  2 --
 char  d --
 char  1 --
 char  d --
 char  2 --
 char  d --
 char  1 --
 char  d --
 char  2 --
 char  d --
 char  1 --
 char  d --
 char  2 --
 char  d --
 char  1 --
 char  d --
 char  2 --
 char  d --
 char  1 --
 char  d --
 char  2 --
 char  d --
 char  1 --
 char  d --
 char  2 --
 char  d --
 char  1 --
 char  d --
 char  2 --
 char  d --
 char  1 --
 char  d --
 char  2 --
 char  d --
 char  1 --
 char  d --
 char  2 --
 char  d --
 char  1 --
 char  d --
 char  2 --
 char  d --
 char  1 --
 char  d --
 char  2 --
 char  d --
 char  1 --
 char  d --
 char  2 --
 char  d --
 char  1 --
 char  d --
 char  2 --
 char  d --
 char  1 --
 char  d --
 char  2 --
 char  d --
 char  1 --
 char  d --
 char  2 --
 char  d --
 char  1 --
 char  d --
 char  2 --
 char  d --
 char  1 --
 char  d --
 char  2 --
 char  d --
 char  1 --
 char  d --
 char  2 --
 char  d --
 char  1 --
 char  d --
 char  2 --
 char  d --
 char  1 --
 char  d --
 char  2 --
 char  d --
 char  1 --
 char  d --
 char  2 --
 char  d --
 char  1 --
 char  d --
 char  2 --
 char  d --
 char  1 --
 char  d --
 char  2 --
 char  d --
 char  1 --
 char  d --
 char  2 --
 char  d --
 char  1 --
 char  d --
 char  2 --
 char  d --
 char  1 --
 char  d --
 char  2 --
 char  d --
 char  1 --
 char  d --
 char  2 --
 char  d --
 char  1 --
 char  d --
 char  2 --
 char  d --
 char  1 --
 char  d --
 char  2 --
 char  d --
 char  1 --
 char  d --
 char  2 --
 char  d --
 char  1 --
 char  d --
 char  2 --
 char  d --
 char  1 --
 char  d --
 char  2 --
 char  d --
 char  1 --
 char  d --
 char  2 --
 char  d --
 char  1 --
 char  d --
 char  2 --
 char  d --
 char  1 --
 char  d --
 char  2 --
 char  d --
 char  1 --
 char  d --
 char  2 --
 char  d --
 char  1 --
 char  d --
 char  2 --
 char  d --
 char  1 --
 char  d --
 char  2 --
 char  d --
 char  1 --
 char  d --
 char  2 --
 char  d --
 char  1 --
 char  d --
 char  2 --
 char  d --
 char  1 --
 char  d --
 char  2 --
 char  d --
 char  1 --
 char  d --
 char  2 --
 char  d --
 char  1 --
 char  d --
 char  2 --
 char  d --
 char  1 --
 char  d --
 char  2 --
 char  d --
 char  1 --
 char  d --
 char  2 --
 char  d --
 char  1 --
 char  d --
 char  2 --
 char  d --
 char  1 --
 char  d --
 char  2 --
 char  d --
 char  1 --
 char  d --
 char  2 --
 char  d --
 char  1 --
 char  d --
 char  2 --
 char  d --
 char  1 --
 char  d --
 char  2 --
 char  d --
 char  1 --
 char  d --
 char  2 --
 char  d --
 char  1 --
 char  d --
 char  2 --
 char  d --
 char  1 --
 char  d --
 char  2 --
 char  d --
 char  1 --
 char  d --
 char  2 --
 char  d --
 char  1 --
 char  d --
 char  2 --
 char  d --
 char  1 --
 char  d --
 char  2 --
 char  d --
 char  1 --
 char  d --
 char  2 --
 char  d --
 char  1 --
 char  d --
 char  2 --
 char  d --
 char  1 --
 char  d --
 char  2 --
 char  d --
 char  1 --
 char  d --
 char  2 --
 char  d --
 char  1 --
 char  d --
 char  2 --
 char  d --
 char  1 --
 char  d --
 char  2 --
 char  d --
 char  1 --
 char  d --
 char  2 --
 char  d --
 char  1 --
 char  d --
 char  2 --
 char  d --
 char  1 --
 char  d --
 char  2 --
 char  d --
 char  1 --
 char  d --
 char  2 --
 char  d --
 char  1 --
 char  d --
 char  2 --
 char  d --
 char  1 --
 char  d --
 char  2 --
 char  d --
 char  1 --
 char  d --
 char  2 --
 char  d --
 char  1 --
 char  d --
 char  2 --
 char  d --
 char  1 --
 char  d --
 char  2 --
 char  d --
 char  1 --
 char  d --
 char  2 --
 char  d --
 char  1 --
 char  d --
 char  2 --
 char  d --
 char  1 --
 char  d --
 char  2 --
 char  d --
 char  1 --
 char  d --
 char  2 --
 char  d --
 char  1 --
 char  d --
 char  2 --
 char  d --
 char  1 --
 char  d --
 char  2 --
 char  d --
 char  1 --
 char  d --
 char  2 --
 char  d --
 char  1 --
 char  d --
 char  2 --
 char  d --
 char  1 --
 char  d --
 char  2 --
 char  d --
 char  1 --
 char  d --
 char  2 --
 char  d --
 char  1 --
 char  d --
 char  2 --
 char  d --
 char  1 --
 char  d --
 char  2 --
 char  d --
 char  1 --
 char  d --
 char  2 --
 char  d --
 char  1 --
 char  d --
 char  2 --
 char  d --
 char  1 --
 char  d --
 char  2 --
 char  d --
 char  1 --
 char  d --
 char  2 --
 char  d --
 char  1 --
 char  d --
 char  2 --
 char  d --
 char  1 --
 char  d --
 char  2 --
 char  d --
 char  1 --
 char  d --
 char  2 --
 char  d --
 char  1 --
 char  d --
 char  2 --
 char  d --
 char  1 --
 char  d --
 char  2 --
 char  d --
 char  1 --
 char  d --
 char  2 --
 char  d --
 char  1 --
 char  d --
 char  2 --
 char  d --
 char  1 --
 char  d --
 char  2 --
 char  d --
 char  1 --
 char  d --
 char  2 --
 char  d --
 char  1 --
 char  d --
 char  2 --
 char  d --
 char  1 --
 char  d --
 char  2 --
 char  d --
 char  1 --
 char  d --
 char  2 --
 char  d --
 char  1 --
 char  d --
 char  2 --
 char  d --
 char  1 --
 char  d --
 char  2 --
 char  d --
 char  1 --
 char  d --
 char  2 --
 char  d --
 char  1 --
 char  d --
 char  2 --
 char  d --
 char  1 --
 char  d --
 char  2 --
 char  d --
 char  1 --
 char  d --
 char  2 --
 char  d --
 char  1 --
 char  d --
 char  2 --
 char  d --
 char  1 --
 char  d --
 char  2 --
 char  d --
 char  1 --
 char  d --
 char  2 --
 char  d --
 char  1 --
 char  d --
 char  2 --
 char  d --
 char  1 --
 char  d --
 char  2 --
 char  d --
 char  1 --
 char  d --
 char  2 --
 char  d --
 char  1 --
 char  d --
 char  2 --
 char  d --
 char  1 --
 char  d --
 char  2 --
 char  d --
 char  1 --
 char  d --
 char  2 --
 char  d --
 char  1 --
 char  d --
 char  2 --
 char  d --
 char  1 --
 char  d --
 char  2 --
 char  d --
 char  1 --
 char  d --
 char  2 --
 char  d --
 char  1 --
 char  d --
 char  2 --
 char  d --
 char  1 --
 char  d --
 char  2 --
 char  d --
 char  1 --
 char  d --
 char  2 --
 char  d --
 char  1 --
 char  d --
 char  2 --
 char  d --
 char  1 --
 char  d --
 char  2 --
 char  d --
 char  1 --
 char  d --
 char  2 --
 char  d --
 char  1 --
 char  d --
 char  2 --
 char  d --
 char  1 --
 char  d --
 char  2 --
 char  d --
 char  1 --
 char  d --
 char  2 --
 char  d --
 char  1 --
 char  d --
 char  2 --
 char  d --
 char  1 --
 char  d --
 char  2 --
 char  d --
 char  1 --
 char  d --
 char  2 --
 char  d --
 char  1 --
 char  d --
 char  2 --
 char  d --
 char  1 --
 char  d --
 char  2 --
 char  d --
 char  1 --
 char  d --
 char  2 --
 char  d --
 char  1 --
 char  d --
 char  2 --
 char  d --
 char  1 --
 char  d --
 char  2 --
 char  d --
 char  1 --
 char  d --
 char  2 --
 char  d --
 char  1 --
 char  d --
 char  2 --
 char  d --
 char  1 --
 char  d --
 char  2 --
 char  d --
 char  1 --
 char  d --
 char  2 --
 char  d --
 char  1 --
 char  d --
 char  2 --
 char  d --
 char  1 --
 char  d --
 char  2 --
 char  d --
 char  1 --
 char  d --
 char  2 --
 char  d --
 char  1 --
 char  d --
 char  2 --
 char  d --
 char  1 --
 char  d --
 char  2 --
 char  d --
 char  1 --
 char  d --
 char  2 --
 char  d --
 char  1 --
 char  d --
 char  2 --
 char  d --
 char  1 --
 char  d --
 char  2 --
 char  d --
 char  1 --
 char  d --
 char  2 --
 char  d --
 char  1 --
 char  d --
 char  2 --
 char  d --
 char  1 --
 char  d --
 char  2 --
 char  d --
 char  1 --
 char  d --
 char  2 --
 char  d --
 char  1 --
 char  d --
 char  2 --
 char  d --
 char  1 --
 char  d --
 char  2 --
 char  d --
 char  1 --
 char  d --
 char  2 --
 char  d --
 char  1 --
 char  d --
 char  2 --
 char  d --
 char  1 --
 char  d --
 char  2 --
 char  d --
 char  1 --
 char  d --
 char  2 --
 char  d --
 char  1 --
 char  d --
 char  2 --
 char  d --
 char  1 --
 char  d --
 char  2 --
 char  d --
 char  1 --
 char  d --
 char  2 --
 char  d --
 char  1 --
 char  d --
 char  2 --
 char  d --
 char  1 --
 char  d --
 char  2 --
 char  d --
 char  1 --
 char  d --
 char  2 --
 char  d --
 char  1 --
 char  d --
 char  2 --
 char  d --
 char  1 --
 char  d --
 char  2 --
 char  d --
 char  1 --
 char  d --
 char  2 --
 char  d --
 char  1 --
 char  d --
 char  2 --
 char  d --
 char  1 --
 char  d --
 char  2 --
 char  d --
 char  1 --
 char  d --
 char  2 --
 char  d --
 char  1 --
 char  d --
 char  2 --
 char  d --
 char  1 --
 char  d --
 char  2 --
 char  d --
 char  1 --
 char  d --
 char  2 --
 char  d --
 char  1 --
 char  d --
 char  2 --
 char  d --
 char  1 --
 char  d --
 char  2 --
 char  d --
 char  1 --
 char  d --
 char  2 --
 char  d --
 char  1 --
 char  d --
 char  2 --
 char  d --
 char  1 --
 char  d --
 char  2 --
 char  d --
 char  1 --
 char  d --
 char  2 --
 char  d --
 char  1 --
 char  d --
 char  2 --
 char  d --
 char  1 --
 char  d --
 char  2 --
 char  d --
 char  1 --
 char  d --
 char  2 --
 char  d --
 char  1 --
 char  d --
 char  2 --
 char  d --
 char  1 --
 char  d --
 char  2 --
 char  d --
 char  1 --
 char  d --
 char  2 --
 char  d --
 char  1 --
 char  d --
 char  2 --
 char  d --
 char  1 --
 char  d --
 char  2 --
 char  d --
 char  1 --
 char  d --
 char  2 --
 char  d --
 char  1 --
 char  d --
 char  2 --
 char  d --
 char  1 --
 char  d --
 char  2 --
 char  d --
 char  1 --
 char  d --
 char  2 --
 char  d --
 char  1 --
 char  d --
 char  2 --
 char  d --
 char  1 --
 char  d --
 char  2 --
 char  d --
 char  1 --
 char  d --
 char  2 --
 char  d --
 char  1 --
 char  d --
 char  2 --
 char  d --
 char  1 --
 char  d --
 char  2 --
 char  d --
 char  1 --
 char  d --
 char  2 --
 char  d --
 char  1 --
 char  d --
 char  2 --
 char  d --
 char  1 --
 char  d --
 char  2 --
 char  d --
 char  1 --
 char  d --
 char  2 --
 char  d --
 char  1 --
 char  d --
 char  2 --
 char  d --
 char  1 --
 char  d --
 char  2 --
 char  d --
 char  1 --
 char  d --
 char  2 --
 char  d --
 char  1 --
 char  d --
 char  2 --
 char  d --
 char  1 --
 char  d --
 char  2 --
 char  d --
 char  1 --
 char  d --
 char  2 --
 char  d --
 char  1 --
 char  d --
 char  2 --
 char  d --
 char  1 --
 char  d --
 char  2 --
 char  d --
 char  1 --
 char  d --
 char  2 --
 char  d --
 char  1 --
 char  d --
 char  2 --
 char  d --
 char  1 --
 char  d --
 char  2 --
 char  d --
 char  1 --
 char  d --
 char  2 --
 char  d --
 char  1 --
 char  d --
 char  2 --
 char  d --
 char  1 --
 char  d --
 char  2 --
 char  d --
 char  1 --
 char  d --
 char  2 --
 char  d --
 char  1 --
 char  d --
 char  2 --
 char  d --
 char  1 --
 char  d --
 char  2 --
 char  d --
 char  1 --
 char  d --
 char  2 --
 char  d --
 char  1 --
 char  d --
 char  2 --
 char  d --
 char  1 --
 char  d --
 char  2 --
 char  d --
 char  1 --
 char  d --
 char  2 --
 char  d --
 char  1 --
 char  d --
 char  2 --
 char  d --
 char  1 --
 char  d --
 char  2 --
 char  d --
 char  1 --
 char  d --
 char  2 --
 char  d --
 char  1 --
 char  d --
 char  2 --
 char  d --
 char  1 --
 char  d --
 char  2 --
 char  d --
 char  1 --
 char  d --
 char  2 --
 char  d --
 char  1 --
 char  d --
 char  2 --
 char  d --
 char  1 --
 char  d --
 char  2 --
 char  d --
 char  1 --
 char  d --
 char  2 --
 char  d --
 char  1 --
 char  d --
 char  2 --
 char  d --
 char  1 --
 char  d --
 char  2 --
 char  d --
 char  1 --
 char  d --
 char  2 --
 char  d --
 char  1 --
 char  d --
 char  2 --
 char  d --
 char  1 --
 char  d --
 char  2 --
 char  d --
 char  1 --
 char  d --
 char  2 --
 char  d --
 char  1 --
 char  d --
 char  2 --
 char  d --
 char  1 --
 char  d --
 char  2 --
 char  d --
 char  1 --
 char  d --
 char  2 --
 char  d --
 char  1 --
 char  d --
 char  2 --
 char  d --
 char  1 --
 char  d --
 char  2 --
 char  d --
 char  1 --
 char  d --
 char  2 --
 char  d --
 char  1 --
 char  d --
 char  2 --
 char  d --
 char  1 --
 char  d --
 char  2 --
 char  d --
 char  1 --
 char  d --
 char  2 --
 char  d --
 char  1 --
 char  d --
 char  2 --
 char  d --
 char  1 --
 char  d --
 char  2 --
 char  d --
 char  1 --
 char  d --
 char  2 --
 char  d --
 char  1 --
 char  d --
 char  2 --
 char  d --
 char  1 --
 char  d --
 char  2 --
 char  d --
 char  1 --
 char  d --
 char  2 --
 char  d --
 char  1 --
 char  d --
 char  2 --
 char  d --
 char  1 --
 char  d --
 char  2 --
 char  d --
 char  1 --
 char  d --
 char  2 --
 char  d --
 char  1 --
 char  d --
 char  2 --
 char  d --
 char  1 --
 char  d --
 char  2 --
 char  d --
 char  1 --
 char  d --
 char  2 --
 char  d --
 char  1 --
 char  d --
 char  2 --
 char  d --
 char  1 --
 char  d --
 char  2 --
 char  d --
 char  1 --
 char  d --
 char  2 --
 char  d --
 char  1 --
 char  d --
 char  2 --
 char  d --
 char  1 --
 char  d --
 char  2 --
 char  d --
 char  1 --
 char  d --
 char  2 --
 char  d --
 char  1 --
 char  d --
 char  2 --
 char  d --
 char  1 --
 char  d --
 char  2 --
 char  d --
 char  1 --
 char  d --
 char  2 --
 char  d --
 char  1 --
 char  d --
 char  2 --
 char  d --
 char  1 --
 char  d --
 char  2 --
 char  d --
 char  1 --
 char  d --
 char  2 --
 char  d --
 char  1 --
 char  d --
 char  2 --
 char  d --
 char  1 --
 char  d --
 char  2 --
 char  d --
 char  1 --
 char  d --
 char  2 --
 char  d --
 char  1 --
 char  d --
 char  2 --
 char  d --
 char  1 --
 char  d --
 char  2 --
 char  d --
 char  1 --
 char  d --
 char  2 --
 char  d --
 char  1 --
 char  d --
 char  2 --
 char  d --
 char  1 --
 char  d --
 char  2 --
 char  d --
 char  1 --
 char  d --
 char  2 --
 char  d --
 char  1 --
 char  d --
 char  2 --
 char  d --
 char  1 --
 char  d --
 char  2 --
 char  d --
 char  1 --
 char  d --
 char  2 --
 char  d --
 char  1 --
 char  d --
 char  2 --
 char  d --
 char  1 --
 char  d --
 char  2 --
 char  d --
 char  1 --
 char  d --
 char  2 --
 char  d --
 char  1 --
 char  d --
 char  2 --
 char  d --
 char  1 --
 char  d --
 char  2 --
 char  d --
 char  1 --
 char  d --
 char  2 --
 char  d --
 char  1 --
 char  d --
 char  2 --
 char  d --
 char  1 --
 char  d --
 char  2 --
 char  d --
 char  1 --
 char  d --
 char  2 --
 char  d --
 char  1 --
 char  d --
 char  2 --
 char  d --
 char  1 --
 char  d --
 char  2 --
 char  d --
 char  1 --
 char  d --
 char  2 --
 char  d --
 char  1 --
 char  d --
 char  2 --
 char  d --
 char  1 --
 char  d --
 char  2 --
 char  d --
 char  1 --
 char  d --
 char  2 --
 char  d --
 char  1 --
 char  d --
 char  2 --
 char  d --
 char  1 --
 char  d --
 char  2 --
 char  d --
 char  1 --
 char  d --
 char  2 --
 char  d --
 char  1 --
 char  d --
 char  2 --
 char  d --
 char  1 --
 char  d --
 char  2 --
 char  d --
 char  1 --
 char  d --
 char  2 --
 char  d --
 char  1 --
 char  d --
 char  2 --
 char  d --
 char  1 --
 char  d --
 char  2 --
 char  d --
 char  1 --
 char  d --
 char  2 --
 char  d --
 char  1 --
 char  d --
 char  2 --
 char  d --
 char  1 --
 char  d --
 char  2 --
 char  d --
 char  1 --
 char  d --
 char  2 --
 char  d --
 char  1 --
 char  d --
 char  2 --
 char  d --
 char  1 --
 char  d --
 char  2 --
 char  d --
 char  1 --
 char  d --
 char  2 --
 char  d --
 char  1 --
 char  d --
 char  2 --
 char  d --
 char  1 --
 char  d --
 char  2 --
 char  d --
 char  1 --
 char  d --
 char  2 --
 char  d --
 char  1 --
 char  d --
 char  2 --
 char  d --
 char  1 --
 char  d --
 char  2 --
 char  d --
 char  1 --
 char  d --
 char  2 --
 char  d --
 char  1 --
 char  d --
 char  2 --
 char  d --
 char  1 --
 char  d --
 char  2 --
 char  d --
 char  1 --
 char  d --
 char  2 --
 char  d --
 char  1 --
 char  d --
 char  2 --
 char  d --
 char  1 --
 char  d --
 char  2 --
 char  d --
 char  1 --
 char  d --
 char  2 --
 char  d --
 char  1 --
 char  d --
 char  2 --
 char  d --
 char  1 --
 char  d --
 char  2 --
 char  d --
 char  1 --
 char  d --
 char  2 --
 char  d --
 char  1 --
 char  d --
 char  2 --
 char  d --
 char  1 --
 char  d --
 char  2 --
 char  d --
 char  1 --
 char  d --
 char  2 --
 char  d --
 char  1 --
 char  d --
 char  2 --
 char  d --
 char  1 --
 char  d --
 char  2 --
 char  d --
 char  1 --
 char  d --
 char  2 --
 char  d --
 char  1 --
 char  d --
 char  2 --
 char  d --
 char  1 --
 char  d --
 char  2 --
 char  d --
 char  1 --
 char  d --
 char  2 --
 char  d --
 char  1 --
 char  d --
 char  2 --
 char  d --
 char  1 --
 char  d --
 char  2 --
 char  d --
 char  1 --
 char  d --
 char  2 --
 char  d --
 char  1 --
 char  d --
 char  2 --
 char  d --
 char  1 --
 char  d --
 char  2 --
 char  d --
 char  1 --
 char  d --
 char  2 --
 char  d --
 char  1 --
 char  d --
 char  2 --
 char  d --
 char  1 --
 char  d --
 char  2 --
 char  d --
 char  1 --
 char  d --
 char  2 --
 char  d --
 char  1 --
 char  d --
 char  2 --
 char  d --
 char  1 --
 char  d --
 char  2 --
 char  d --
 char  1 --
 char  d --
 char  2 --
 char  d --
 char  1 --
 char  d --
 char  2 --
 char  d --
 char  1 --
 char  d --
 char  2 --
 char  d --
 char  1 --
 char  d --
 char  2 --
 char  d --
 char  1 --
 char  d --
 char  2 --
 char  d --
 char  1 --
 char  d --
 char  2 --
 char  d --
 char  1 --
 char  d --
 char  2 --
 char  d --
 char  1 --
 char  d --
 char  2 --
 char  d --
 char  1 --
 char  d --
 char  2 --
 char  d --
 char  1 --
 char  d --
 char  2 --
 char  d --
 char  1 --
 char  d --
 char  2 --
 char  d --
 char  1 --
 char  d --
 char  2 --
 char  d --
 char  1 --
 char  d --
 char  2 --
 char  d --
 char  1 --
 char  d --
 char  2 --
 char  d --
 char  1 --
 char  d --
 char  2 --
 char  d --
 char  1 --
 char  d --
 char  2 --
 char  d --
 char  1 --
 char  d --
 char  2 --
 char  d --
 char  1 --
 char  d --
 char  2 --
 char  d --
 char  1 --
 char  d --
 char  2 --
 char  d --
 char  1 --
 char  d --
 char  2 --
 char  d --
 char  1 --
 char  d --
 char  2 --
 char  d --
 char  1 --
 char  d --
 char  2 --
 char  d --
 char  1 --
 char  d --
 char  2 --
 char  d --
 char  1 --
 char  d --
 char  2 --
 char  d --
 char  1 --
 char  d --
 char  2 --
 char  d --
 char  1 --
 char  d --
 char  2 --
 char  d --
 char  1 --
 char  d --
 char  2 --
 char  d --
 char  1 --
 char  d --
 char  2 --
 char  d --
 char  1 --
 char  d --
 char  2 --
 char  d --
 char  1 --
 char  d --
 char  2 --
 char  d --
 char  1 --
 char  d --
 char  2 --
 char  d --
 char  1 --
 char  d --
 char  2 --
 char  d --
 char  1 --
 char  d --
 char  2 --
 char  d --
 char  1 --
 char  d --
 char  2 --
 char  d --
 char  1 --
 char  d --
 char  2 --
 char  d --
 char  1 --
 char  d --
 char  2 --
 char  d --
 char  1 --
 char  d --
 char  2 --
 char  d --
 char  1 --
 char  d --
 char  2 --
 char  d --
 char  1 --
 char  d --
 char  2 --
 char  d --
 char  1 --
 char  d --
 char  2 --
 char  d --
 char  1 --
 char  d --
 char  2 --
 char  d --
 char  1 --
 char  d --
 char  2 --
 char  d --
 char  1 --
 char  d --
 char  2 --
 char  d --
 char  1 --
 char  d --
 char  2 --
 char  d --
 char  1 --
 char  d --
 char  2 --
 char  d --
 char  1 --
 char  d --
 char  2 --
 char  d --
 char  1 --
 char  d --
 char  2 --
 char  d --
 char  1 --
 char  d --
 char  2 --
 char  d --
 char  1 --
 char  d --
 char  2 --
 char  d --
 char  1 --
 char  d --
 char  2 --
 char  d --
 char  1 --
 char  d --
 char  2 --
 char  d --
 char  1 --
 char  d --
 char  2 --
 char  d --
 char  1 --
 char  d --
 char  2 --
 char  d --
 char  1 --
 char  d --
 char  2 --
 char  d --
 char  1 --
 char  d --
 char  2 --
 char  d --
 char  1 --
 char  d --
 char  2 --
 char  d --
 char  1 --
 char  d --
 char  2 --
 char  d --
 char  1 --
 char  d --
 char  2 --
 char  d --
 char  1 --
 char  d --
 char  2 --
 char  d --
 char  1 --
 char  d --
 char  2 --
 char  d --
 char  1 --
 char  d --
 char  2 --
 char  d --
 char  1 --
 char  d --
 char  2 --
 char  d --
 char  1 --
 char  d --
 char  2 --
 char  d --
 char  1 --
 char  d --
 char  2 --
 char  d --
 char  1 --
 char  d --
 char  2 --
 char  d --
 char  1 --
 char  d --
 char  2 --
 char  d --
 char  1 --
 char  d --
 char  2 --
 char  d --
 char  1 --
 char  d --
 char  2 --
 char  d --
 char  1 --
 char  d --
 char  2 --
 char  d --
 char  1 --
 char  d --
 char  2 --
 char  d --
 char  1 --
 char  d --
 char  2 --
 char  d --
 char  1 --
 char  d --
 char  2 --
 char  d --
 char  1 --
 char  d --
 char  2 --
 char  d --
 char  1 --
 char  d --
 char  2 --
 char  d --
 char  1 --
 char  d --
 char  2 --
 char  d --
 char  1 --
 char  d --
 char  2 --
 char  d --
 char  1 --
 char  d --
 char  2 --
 char  d --
 char  1 --
 char  d --
 char  2 --
 char  d --
 char  1 --
 char  d --
 char  2 --
 char  d --
 char  1 --
 char  d --
 char  2 --
 char  d --
 char  1 --
 char  d --
 char  2 --
 char  d --
 char  1 --
 char  d --
 char  2 --
 char  d --
 char  1 --
 char  d --
 char  2 --
 char  d --
 char  1 --
 char  d --
 char  2 --
 char  d --
 char  1 --
 char  d --
 char  2 --
 char  d --
 char  1 --
 char  d --
 char  2 --
 char  d --
 char  1 --
 char  d --
 char  2 --
 char  d --
 char  1 --
 char  d --
 char  2 --
 char  d --
 char  1 --
 char  d --
 char  2 --
 char  d --
 char  1 --
 char  d --
 char  2 --
 char  d --
 char  1 --
 char  d --
 char  2 --
 char  d --
 char  1 --
 char  d --
 char  2 --
 char  d --
 char  1 --
 char  d --
 char  2 --
 char  d --
 char  1 --
 char  d --
 char  2 --
 char  d --
 char  1 --
 char  d --
 char  2 --
 char  d --
 char  1 --
 char  d --
 char  2 --
 char  d --
 char  1 --
 char  d --
 char  2 --
 char  d --
 char  1 --
 char  d --
 char  2 --
 char  d --
 char  1 --
 char  d --
 char  2 --
 char  d --
 char  1 --
 char  d --
 char  2 --
 char  d --
 char  1 --
 char  d --
 char  2 --
 char  d --
 char  1 --
 char  d --
 char  2 --
 char  d --
 char  1 --
 char  d --
 char  2 --
 char  d --
 char  1 --
 char  d --
 char  2 --
 char  d --
 char  1 --
 char  d --
 char  2 --
 char  d --
 char  1 --
 char  d --
 char  2 --
 char  d --
 char  1 --
 char  d --
 char  2 --
 char  d --
 char  1 --
 char  d --
 char  2 --
 char  d --
 char  1 --
 char  d --
 char  2 --
 char  d --
 char  1 --
 char  d --
 char  2 --
 char  d --
 char  1 --
 char  d --
 char  2 --
 char  d --
 char  1 --
 char  d --
 char  2 --
 char  d --
 char  1 --
 char  d --
 char  2 --
 char  d --
 char  1 --
 char  d --
 char  2 --
 char  d --
 char  1 --
 char  d --
 char  2 --
 char  d --
 char  1 --
 char  d --
 char  2 --
 char  d --
 char  1 --
 char  d --
 char  2 --
 char  d --
 char  1 --
 char  d --
 char  2 --
 char  d --
 char  1 --
 char  d --
 char  2 --
 char  d --
 char  1 --
 char  d --
 char  2 --
 char  d --
 char  1 --
 char  d --
 char  2 --
 char  d --
 char  1 --
 char  d --
 char  2 --
 char  d --
 char  1 --
 char  d --
 char  2 --
 char  d --
 char  1 --
 char  d --
 char  2 --
 char  d --
 char  1 --
 char  d --
 char  2 --
 char  d --
 char  1 --
 char  d --
 char  2 --
 char  d --
 char  1 --
 char  d --
 char  2 --
 char  d --
 char  1 --
 char  d --
 char  2 --
 char  d --
 char  1 --
 char  d --
 char  2 --
 char  d --
 char  1 --
 char  d --
 char  2 --
 char  d --
 char  1 --
 char  d --
 char  2 --
 char  d --
 char  1 --
 char  d --
 char  2 --
 char  d --
 char  1 --
 char  d --
 char  2 --
 char  d --
 char  1 --
 char  d --
 char  2 --
 char  d --
 char  1 --
 char  d --
 char  2 --
 char  d --
 char  1 --
 char  d --
 char  2 --
 char  d --
 char  1 --
 char  d --
 char  2 --
 char  d --
 char  1 --
 char  d --
 char  2 --
 char  d --
 char  1 --
 char  d --
 char  2 --
 char  d --
 char  1 --
 char  d --
 char  2 --
 char  d --
 char  1 --
 char  d --
 char  2 --
 char  d --
 char  1 --
 char  d --
 char  2 --
 char  d --
 char  1 --
 char  d --
 char  2 --
 char  d --
 char  1 --
 char  d --
 char  2 --
 char  d --
 char  1 --
 char  d --
 char  2 --
 char  d --
 char  1 --
 char  d --
 char  2 --
 char  d --
 char  1 --
 char  d --
 char  2 --
 char  d --
 char  1 --
 char  d --
 char  2 --
 char  d --
 char  1 --
 char  d --
 char  2 --
 char  d --
 char  1 --
 char  d --
 char  2 --
 char  d --
 char  1 --
 char  d --
 char  2 --
 char  d --
 char  1 --
 char  d --
 char  2 --
 char  d --
 char  1 --
 char  d --
 char  2 --
 char  d --
 char  1 --
 char  d --
 char  2 --
 char  d --
 char  1 --
 char  d --
 char  2 --
 char  d --
 char  1 --
 char  d --
 char  2 --
 char  d --
 char  1 --
 char  d --
 char  2 --
 char  d --
 char  1 --
 char  d --
 char  2 --
 char  d --
 char  1 --
 char  d --
 char  2 --
 char  d --
 char  1 --
 char  d --
 char  2 --
 char  d --
 char  1 --
 char  d --
 char  2 --
 char  d --
 char  1 --
 char  d --
 char  2 --
 char  d --
 char  1 --
 char  d --
 char  2 --
 char  d --
 char  1 --
 char  d --
 char  2 --
 char  d --
 char  1 --
 char  d --
 char  2 --
 char  d --
 char  1 --
 char  d --
 char  2 --
 char  d --
 char  1 --
 char  d --
 char  2 --
 char  d --
 char  1 --
 char  d --
 char  2 --
 char  d --
 char  1 --
 char  d --
 char  2 --
 char  d --
 char  1 --
 char  d --
 char  2 --
 char  d --
 char  1 --
 char  d --
 char  2 --
 char  d --
 char  1 --
 char  d --
 char  2 --
 char  d --
 char  1 --
 char  d --
 char  2 --
 char  d --
 char  1 --
 char  d --
 char  2 --
 char  d --
 char  1 --
 char  d --
 char  2 --
 char  d --
 char  1 --
 char  d --
 char  2 --
 char  d --
 char  1 --
 char  d --
 char  2 --
 char  d --
 char  1 --
 char  d --
 char  2 --
 char  d --
 char  1 --
 char  d --
 char  2 --
 char  d --
 char  1 --
 char  d --
 char  2 --
 char  d --
 char  1 --
 char  d --
 char  2 --
 char  d --
 char  1 --
 char  d --
 char  2 --
 char  d --
 char  1 --
 char  d --
 char  2 --
 char  d --
 char  1 --
 char  d --
 char  2 --
 char  d --
 char  1 --
 char  d --
 char  2 --
 char  d --
 char  1 --
 char  d --
 char  2 --
 char  d --
 char  1 --
 char  d --
 char  2 --
 char  d --
 char  1 --
 char  d --
 char  2 --
 char  d --
 char  1 --
 char  d --
 char  2 --
 char  d --
 char  1 --
 char  d --
 char  2 --
 char  d --
 char  1 --
 char  d --
 char  2 --
 char  d --
 char  1 --
 char  d --
 char  2 --
 char  d --
 char  1 --
 char  d --
 char  2 --
 char  d --
 char  1 --
 char  d --
 char  2 --
 char  d --
 char  1 --
 char  d --
 char  2 --
 char  d --
 char  1 --
 char  d --
 char  2 --
 char  d --
 char  1 --
 char  d --
 char  2 --
 char  d --
 char  1 --
 char  d --
 char  2 --
 char  d --
 char  1 --
 char  d --
 char  2 --
 char  d --
 char  1 --
 char  d --
 char  2 --
 char  d --
 char  1 --
 char  d --
 char  2 --
 char  d --
 char  1 --
 char  d --
 char  2 --
 char  d --
 char  1 --
 char  d --
 char  2 --
 char  d --
 char  1 --
 char  d --
 char  2 --
 char  d --
 char  1 --
 char  d --
 char  2 --
 char  d --
 char  1 --
 char  d --
 char  2 --
 char  d --
 char  1 --
 char  d --
 char  2 --
 char  d --
 char  1 --
 char  d --
 char  2 --
 char  d --
 char  1 --
 char  d --
 char  2 --
 char  d --
 char  1 --
 char  d --
 char  2 --
 char  d --
 char  1 --
 char  d --
 char  2 --
 char  d --
 char  1 --
 char  d --
 char  2 --
 char  d --
 char  1 --
 char  d --
 char  2 --
 char  d --
 char  1 --
 char  d --
 char  2 --
 char  d --
 char  1 --
 char  d --
 char  2 --
 char  d --
 char  1 --
 char  d --
 char  2 --
 char  d --
 char  1 --
 char  d --
 char  2 --
 char  d --
 char  1 --
 char  d --
 char  2 --
 char  d --
 char  1 --
 char  d --
 char  2 --
 char  d --
 char  1 --
 char  d --
 char  2 --
 char  d --
 char  1 --
 char  d --
 char  2 --
 char  d --
 char  1 --
 char  d --
 char  2 --
 char  d --
 char  1 --
 char  d --
 char  2 --
 char  d --
 char  1 --
 char  d --
 char  2 --
 char  d --
 char  1 --
 char  d --
 char  2 --
 char  d --
 char  1 --
 char  d --
 char  2 --
 char  d --
 char  1 --
 char  d --
 char  2 --
 char  d --
 char  1 --
 char  d --
 char  2 --
 char  d --
 char  1 --
 char  d --
 char  2 --
 char  d --
 char  1 --
 char  d --
 char  2 --
 char  d --
 char  1 --
 char  d --
 char  2 --
 char  d --
 char  1 --
 char  d --
 char  2 --
 char  d --
 char  1 --
 char  d --
 char  2 --
 char  d --
 char  1 --
 char  d --
 char  2 --
 char  d --
 char  1 --
 char  d --
 char  2 --
 char  d --
 char  1 --
 char  d --
 char  2 --
 char  d --
 char  1 --
 char  d --
 char  2 --
 char  d --
 char  1 --
 char  d --
 char  2 --
 char  d --
 char  1 --
 char  d --
 char  2 --
 char  d --
 char  1 --
 char  d --
 char  2 --
 char  d --
 char  1 --
 char  d --
 char  2 --
 char  d --
 char  1 --
 char  d --
 char  2 --
 char  d --
 char  1 --
 char  d --
 char  2 --
 char  d --
 char  1 --
 char  d --
 char  2 --
 char  d --
 char  1 --
 char  d --
 char  2 --
 char  d --
 char  1 --
 char  d --
 char  2 --
 char  d --
 char  1 --
 char  d --
 char  2 --
 char  d --
 char  1 --
 char  d --
 char  2 --
 char  d --
 char  1 --
 char  d --
 char  2 --
 char  d --
 char  1 --
 char  d --
 char  2 --
 char  d --
 char  1 --
 char  d --
 char  2 --
 char  d --
 char  1 --
 char  d --
 char  2 --
 char  d --
 char  1 --
 char  d --
 char  2 --
 char  d --
 char  1 --
 char  d --
 char  2 --
 char  d --
 char  1 --
 char  d --
 char  2 --
 char  d --
 char  1 --
 char  d --
 char  2 --
 char  d --
 char  1 --
 char  d --
 char  2 --
 char  d --
 char  1 --
 char  d --
 char  2 --
 char  d --
 char  1 --
 char  d --
 char  2 --
 char  d --
 char  1 --
 char  d --
 char  2 --
 char  d --
 char  1 --
 char  d --
 char  2 --
 char  d --
 char  1 --
 char  d --
 char  2 --
 char  d --
 char  1 --
 char  d --
 char  2 --
 char  d --
 char  1 --
 char  d --
 char  2 --
 char  d --
 char  1 --
 char  d --
 char  2 --
 char  d --
 char  1 --
 char  d --
 char  2 --
 char  d --
 char  1 --
 char  d --
 char  2 --
 char  d --
 char  1 --
 char  d --
 char  2 --
 char  d --
 char  1 --
 char  d --
 char  2 --
 char  d --
 char  1 --
 char  d --
 char  2 --
 char  d --
 char  1 --
 char  d --
 char  2 --
 char  d --
 char  1 --
 char  d --
 char  2 --
 char  d --
 char  1 --
 char  d --
 char  2 --
 char  d --
 char  1 --
 char  d --
 char  2 --
 char  d --
 char  1 --
 char  d --
 char  2 --
 char  d --
 char  1 --
 char  d --
 char  2 --
 char  d --
 char  1 --
 char  d --
 char  2 --
 char  d --
 char  1 --
 char  d --
 char  2 --
 char  d --
 char  1 --
 char  d --
 char  2 --
 char  d --
 char  1 --
 char  d --
 char  2 --
 char  d --
 char  1 --
 char  d --
 char  2 --
 char  d --
 char  1 --
 char  d --
 char  2 --
 char  d --
 char  1 --
 char  d --
 char  2 --
 char  d --
 char  1 --
 char  d --
 char  2 --
 char  d --
 char  1 --
 char  d --
 char  2 --
 char  d --
 char  1 --
 char  d --
 char  2 --
 char  d --
 char  1 --
 char  d --
 char  2 --
 char  d --
 char  1 --
 char  d --
 char  2 --
 char  d --
 char  1 --
 char  d --
 char  2 --
 char  d --
 char  1 --
 char  d --
 char  2 --
 char  d --
 char  1 --
 char  d --
 char  2 --
 char  d --
 char  1 --
 char  d --
 char  2 --
 char  d --
 char  1 --
 char  d --
 char  2 --
 char  d --
 char  1 --
 char  d --
 char  2 --
 char  d --
 char  1 --
 char  d --
 char  2 --
 char  d --
 char  1 --
 char  d --
 char  2 --
 char  d --
 char  1 --
 char  d --
 char  2 --
 char  d --
 char  1 --
 char  d --
 char  2 --
 char  d --
 char  1 --
 char  d --
 char  2 --
 char  d --
 char  1 --
 char  d --
 char  2 --
 char  d --
 char  1 --
 char  d --
 char  2 --
 char  d --
 char  1 --
 char  d --
 char  2 --
 char  d --
 char  1 --
 char  d --
 char  2 --
 char  d --
 char  1 --
 char  d --
 char  2 --
 char  d --
 char  1 --
 char  d --
 char  2 --
 char  d --
 char  1 --
 char  d --
 char  2 --
 char  d --
 char  1 --
 char  d --
 char  2 --
 char  d --
 char  1 --
 char  d --
 char  2 --
 char  d --
 char  1 --
 char  d --
 char  2 --
 char  d --
 char  1 --
 char  d --
 char  2 --
 char  d --
 char  1 --
 char  d --
 char  2 --
 char  d --
 char  1 --
 char  d --
 char  2 --
 char  d --
 char  1 --
 char  d --
 char  2 --
 char  d --
 char  1 --
 char  d --
 char  2 --
 char  d --
 char  1 --
 char  d --
 char  2 --
 char  d --
 char  1 --
 char  d --
 char  2 --
 char  d --
 char  1 --
 char  d --
 char  2 --
 char  d --
 char  1 --
 char  d --
 char  2 --
 char  d --
 char  1 --
 char  d --
 char  2 --
 char  d --
 char  1 --
 char  d --
 char  2 --
 char  d --
 char  1 --
 char  d --
 char  2 --
 char  d --
 char  1 --
 char  d --
 char  2 --
 char  d --
 char  1 --
 char  d --
 char  2 --
 char  d --
 char  1 --
 char  d --
 char  2 --
 char  d --
 char  1 --
 char  d --
 char  2 --
 char  d --
 char  1 --
 char  d --
 char  2 --
 char  d --
 char  1 --
 char  d --
 char  2 --
 char  d --
 char  1 --
 char  d --
 char  2 --
 char  d --
 char  1 --
 char  d --
 char  2 --
 char  d --
 char  1 --
 char  d --
 char  2 --
 char  d --
 char  1 --
 char  d --
 char  2 --
 char  d --
 char  1 --
 char  d --
 char  2 --
 char  d --
 char  1 --
 char  d --
 char  2 --
 char  d --
 char  1 --
 char  d --
 char  2 --
 char  d --
 char  1 --
 char  d --
 char  2 --
 char  d --
 char  1 --
 char  d --
 char  2 --
 char  d --
 char  1 --
 char  d --
 char  2 --
 char  d --
 char  1 --
 char  d --
 char  2 --
 char  d --
 char  1 --
 char  d --
 char  2 --
 char  d --
 char  1 --
 char  d --
 char  2 --
 char  d --
 char  1 --
 char  d --
 char  2 --
 char  d --
 char  1 --
 char  d --
 char  2 --
 char  d --
 char  1 --
 char  d --
 char  2 --
 char  d --
 char  1 --
 char  d --
 char  2 --
 char  d --
 char  1 --
 char  d --
 char  2 --
 char  d --
 char  1 --
 char  d --
 char  2 --
 char  d --
 char  1 --
 char  d --
 char  2 --
 char  d --
 char  1 --
 char  d --
 char  2 --
 char  d --
 char  1 --
 char  d --
 char  2 --
 char  d --
 char  1 --
 char  d --
 char  2 --
 char  d --
 char  1 --
 char  d --
 char  2 --
 char  d --
 char  1 --
 char  d --
 char  2 --
 char  d --
 char  1 --
 char  d --
 char  2 --
 char  d --
 char  1 --
 char  d --
 char  2 --
 char  d --
 char  1 --
 char  d --
 char  2 --
 char  d --
 char  1 --
 char  d --
 char  2 --
 char  d --
 char  1 --
 char  d --
 char  2 --
 char  d --
 char  1 --
 char  d --
 char  2 --
 char  d --
 char  1 --
 char  d --
 char  2 --
 char  d --
 char  1 --
 char  d --
 char  2 --
 char  d --
 char  1 --
 char  d --
 char  2 --
 char  d --
 char  1 --
 char  d --
 char  2 --
 char  d --
 char  1 --
 char  d --
 char  2 --
 char  d --
 char  1 --
 char  d --
 char  2 --
 char  d --
 char  1 --
 char  d --
 char  2 --
 char  d --
 char  1 --
 char  d --
 char  2 --
 char  d --
 char  1 --
 char  d --
 char  2 --
 char  d --
 char  1 --
 char  d --
 char  2 --
 char  d --
 char  1 --
 char  d --
 char  2 --
 char  d --
 char  1 --
 char  d --
 char  2 --
 char  d --
 char  1 --
 char  d --
 char  2 --
 char  d --
 char  1 --
 char  d --
 char  2 --
 char  d --
 char  1 --
 char  d --
 char  2 --
 char  d --
 char  1 --
 char  d --
 char  2 --
 char  d --
 char  1 --
 char  d --
 char  2 --
 char  d --
 char  1 --
 char  d --
 char  2 --
 char  d --
 char  1 --
 char  d --
 char  2 --
 char  d --
 char  1 --
 char  d --
 char  2 --
 char  d --
 char  1 --
 char  d --
 char  2 --
 char  d --
 char  1 --
 char  d --
 char  2 --
 char  d --
 char  1 --
 char  d --
 char  2 --
 char  d --
 char  1 --
 char  d --
 char  2 --
 char  d --
 char  1 --
 char  d --
 char  2 --
 char  d --
 char  1 --
 char  d --
 char  2 --
 char  d --
 char  1 --
 char  d --
 char  2 --
 char  d --
 char  1 --
 char  d --
 char  2 --
 char  d --
 char  1 --
 char  d --
 char  2 --
 char  d --
 char  1 --
 char  d --
 char  2 --
 char  d --
 char  1 --
 char  d --
 char  2 --
 char  d --
 char  1 --
 char  d --
 char  2 --
 char  d --
 char  1 --
 char  d --
 char  2 --
 char  d --
 char  1 --
 char  d --
 char  2 --
 char  d --
 char  1 --
 char  d --
 char  2 --
 char  d --
 char  1 --
 char  d --
 char  2 --
 char  d --
 char  1 --
 char  d --
 char  2 --
 char  d --
 char  1 --
 char  d --
 char  2 --
 char  d --
 char  1 --
 char  d --
 char  2 --
 char  d --
 char  1 --
 char  d --
 char  2 --
 char  d --
 char  1 --
 char  d --
 char  2 --
 char  d --
 char  1 --
 char  d --
 char  2 --
 char  d --
 char  1 --
 char  d --
 char  2 --
 char  d --
 char  1 --
 char  d --
 char  2 --
 char  d --
 char  1 --
 char  d --
 char  2 --
 char  d --
 char  1 --
 char  d --
 char  2 --
 char  d --
 char  1 --
 char  d --
 char  2 --
 char  d --
 char  1 --
 char  d --
 char  2 --
 char  d --
 char  1 --
 char  d --
 char  2 --
 char  d --
 char  1 --
 char  d --
 char  2 --
 char  d --
 char  1 --
 char  d --
 char  2 --
 char  d --
 char  1 --
 char  d --
 char  2 --
 char  d --
 char  1 --
 char  d --
 char  2 --
 char  d --
 char  1 --
 char  d --
 char  2 --
 char  d --
 char  1 --
 char  d --
 char  2 --
 char  d --
 char  1 --
 char  d --
 char  2 --
 char  d --
 char  1 --
 char  d --
 char  2 --
 char  d --
 char  1 --
 char  d --
 char  2 --
 char  d --
 char  1 --
 char  d --
 char  2 --
 char  d --
 char  1 --
 char  d --
 char  2 --
 char  d --
 char  1 --
 char  d --
 char  2 --
 char  d --
 char  1 --
 char  d --
 char  2 --
 char  d --
 char  1 --
 char  d --
 char  2 --
 char  d --
 char  1 --
 char  d --
 char  2 --
 char  d --
 char  1 --
 char  d --
 char  2 --
 char  d --
 char  1 --
 char  d --
 char  2 --
 char  d --
 char  1 --
 char  d --
 char  2 --
 char  d --
 char  1 --
 char  d --
 char  2 --
 char  d --
 char  1 --
 char  d --
 char  2 --
 char  d --
 char  1 --
 char  d --
 char  2 --
 char  d --
 char  1 --
 char  d --
 char  2 --
 char  d --
 char  1 --
 char  d --
 char  2 --
 char  d --
 char  1 --
 char  d --
 char  2 --
 char  d --
 char  1 --
 char  d --
 char  2 --
 char  d --
 char  1 --
 char  d --
 char  2 --
 char  d --
 char  1 --
 char  d --
 char  2 --
 char  d --
 char  1 --
 char  d --
 char  2 --
 char  d --
 char  1 --
 char  d --
 char  2 --
 char  d --
 char  1 --
 char  d --
 char  2 --
 char  d --
 char  1 --
 char  d --
 char  2 --
 char  d --
 char  1 --
 char  d --
 char  2 --
 char  d --
 char  1 --
 char  d --
 char  2 --
 char  d --
 char  1 --
 char  d --
 char  2 --
 char  d --
 char  1 --
 char  d --
 char  2 --
 char  d --
 char  1 --
 char  d --
 char  2 --
 char  d --
 char  1 --
 char  d --
 char  2 --
 char  d --
 char  1 --
 char  d --
 char  2 --
 char  d --
 char  1 --
 char  d --
 char  2 --
 char  d --
 char  1 --
 char  d --
 char  2 --
 char  d --
 char  1 --
 char  d --
 char  2 --
 char  d --
 char  1 --
 char  d --
 char  2 --
 char  d --
 char  1 --
 char  d --
 char  2 --
 char  d --
 char  1 --
 char  d --
 char  2 --
 char  d --
 char  1 --
 char  d --
 char  2 --
 char  d --
 char  1 --
 char  d --
 char  2 --
 char  d --
 char  1 --
 char  d --
 char  2 --
 char  d --
 char  1 --
 char  d --
 char  2 --
 char  d --
 char  1 --
 char  d --
 char  2 --
 char  d --
 char  1 --
 char  d --
 char  2 --
 char  d --
 char  1 --
 char  d --
 char  2 --
 char  d --
 char  1 --
 char  d --
 char  2 --
 char  d --
 char  1 --
 char  d --
 char  2 --
 char  d --
 char  1 --
 char  d --
 char  2 --
 char  d --
 char  1 --
 char  d --
 char  2 --
 char  d --
 char  1 --
 char  d --
 char  2 --
 char  d --
 char  1 --
 char  d --
 char  2 --
 char  d --
 char  1 --
 char  d --
 char  2 --
 char  d --
 char  1 --
 char  d --
 char  2 --
 char  d --
 char  1 --
 char  d --
 char  2 --
 char  d --
 char  1 --
 char  d --
 char  2 --
 char  d --
 char  1 --
 char  d --
 char  2 --
 char  d --
 char  1 --
 char  d --
 char  2 --
 char  d --
 char  1 --
 char  d --
 char  2 --
 char  d --
 char  1 --
 char  d --
 char  2 --
 char  d --
 char  1 --
 char  d --
 char  2 --
 char  d --
 char  1 --
 char  d --
 char  2 --
 char  d --
 char  1 --
 char  d --
 char  2 --
 char  d --
 char  1 --
 char  d --
 char  2 --
 char  d --
 char  1 --
 char  d --
 char  2 --
 char  d --
 char  1 --
 char  d --
 char  2 --
 char  d --
 char  1 --
 char  d --
 char  2 --
 char  d --
 char  1 --
 char  d --
 char  2 --
 char  d --
 char  1 --
 char  d --
 char  2 --
 char  d --
 char  1 --
 char  d --
 char  2 --
 char  d --
 char  1 --
 char  d --
 char  2 --
 char  d --
 char  1 --
 char  d --
 char  2 --
 char  d --
 char  1 --
 char  d --
 char  2 --
 char  d --
 char  1 --
 char  d --
 char  2 --
 char  d --
 char  1 --
 char  d --
 char  2 --
 char  d --
 char  1 --
 char  d --
 char  2 --
 char  d --
 char  1 --
 char  d --
 char  2 --
 char  d --
 char  1 --
 char  d --
 char  2 --
 char  d --
 char  1 --
 char  d --
 char  2 --
 char  d --
 char  1 --
 char  d --
 char  2 --
 char  d --
 char  1 --
 char  d --
 char  2 --
 char  d --
 char  1 --
 char  d --
 char  2 --
 char  d --
 char  1 --
 char  d --
 char  2 --
 char  d --
 char  1 --
 char  d --
 char  2 --
 char  d --
 char  1 --
 char  d --
 char  2 --
 char  d --
 char  1 --
 char  d --
 char  2 --
 char  d --
 char  1 --
 char  d --
 char  2 --
 char  d --
 char  1 --
 char  d --
 char  2 --
 char  d --
 char  1 --
 char  d --
 char  2 --
 char  d --
 char  1 --
 char  d --
 char  2 --
 char  d --
 char  1 --
 char  d --
 char  2 --
 char  d --
 char  1 --
 char  d --
 char  2 --
 char  d --
 char  1 --
 char  d --
 char  2 --
 char  d --
 char  1 --
 char  d --
 char  2 --
 char  d --
 char  1 --
 char  d --
 char  2 --
 char  d --
 char  1 --
 char  d --
 char  2 --
 char  d --
 char  1 --
 char  d --
 char  2 --
 char  d --
 char  1 --
 char  d --
 char  2 --
 char  d --
 char  1 --
 char  d --
 char  2 --
 char  d --
 char  1 --
 char  d --
 char  2 --
 char  d --
 char  1 --
 char  d --
 char  2 --
 char  d --
 char  1 --
 char  d --
 char  2 --
 char  d --
 char  1 --
 char  d --
 char  2 --
 char  d --
 char  1 --
 char  d --
 char  2 --
 char  d --
 char  1 --
 char  d --
 char  2 --
 char  d --
 char  1 --
 char  d --
 char  2 --
 char  d --
 char  1 --
 char  d --
 char  2 --
 char  d --
 char  1 --
 char  d --
 char  2 --
 char  d --
 char  1 --
 char  d --
 char  2 --
 char  d --
 char  1 --
 char  d --
 char  2 --
 char  d --
 char  1 --
 char  d --
 char  2 --
 char  d --
 char  1 --
 char  d --
 char  2 --
 char  d --
 char  1 --
 char  d --
 char  2 --
 char  d --
 char  1 --
 char  d --
 char  2 --
 char  d --
 char  1 --
 char  d --
 char  2 --
 char  d --
 char  1 --
 char  d --
 char  2 --
 char  d --
 char  1 --
 char  d --
 char  2 --
 char  d --
 char  1 --
 char  d --
 char  2 --
 char  d --
 char  1 --
 char  d --
 char  2 --
 char  d --
 char  1 --
 char  d --
 char  2 --
 char  d --
 char  1 --
 char  d --
 char  2 --
 char  d --
 char  1 --
 char  d --
 char  2 --
 char  d --
 char  1 --
 char  d --
 char  2 --
 char  d --
 char  1 --
 char  d --
 char  2 --
 char  d --
 char  1 --
 char  d --
 char  2 --
 char  d --
 char  1 --
 char  d --
 char  2 --
 char  d --
 char  1 --
 char  d --
 char  2 --
 char  d --
 char  1 --
 char  d --
 char  2 --
 char  d --
 char  1 --
 char  d --
 char  2 --
 char  d --
 char  1 --
 char  d --
 char  2 --
 char  d --
 char  1 --
 char  d --
 char  2 --
 char  d --
 char  1 --
 char  d --
 char  2 --
 char  d --
 char  1 --
 char  d --
 char  2 --
 char  d --
 char  1 --
 char  d --
 char  2 --
 char  d --
 char  1 --
 char  d --
 char  2 --
 char  d --
 char  1 --
 char  d --
 char  2 --
 char  d --
 char  1 --
 char  d --
 char  2 --
 char  d --
 char  1 --
 char  d --
 char  2 --
 char  d --
 char  1 --
 char  d --
 char  2 --
 char  d --
 char  1 --
 char  d --
 char  2 --
 char  d --
 char  1 --
 char  d --
 char  2 --
 char  d --
 char  1 --
 char  d --
 char  2 --
 char  d --
 char  1 --
 char  d --
 char  2 --
 char  d --
 char  1 --
 char  d --
 char  2 --
 char  d --
 char  1 --
 char  d --
 char  2 --
 char  d --
 char  1 --
 char  d --
 char  2 --
 char  d --
 char  1 --
 char  d --
 char  2 --
 char  d --
 char  1 --
 char  d --
 char  2 --
 char  d --
 char  1 --
 char  d --
 char  2 --
 char  d --
 char  1 --
 char  d --
 char  2 --
 char  d --
 char  1 --
 char  d --
 char  2 --
 char  d --
 char  1 --
 char  d --
 char  2 --
 char  d --
 char  1 --
 char  d --
 char  2 --
 char  d --
 char  1 --
 char  d --
 char  2 --
 char  d --
 char  1 --
 char  d --
 char  2 --
 char  d --
 char  1 --
 char  d --
 char  2 --
 char  d --
 char  1 --
 char  d --
 char  2 --
 char  d --
 char  1 --
 char  d --
 char  2 --
 char  d --
 char  1 --
 char  d --
 char  2 --
 char  d --
 char  1 --
 char  d --
 char  2 --
 char  d --
 char  1 --
 char  d --
 char  2 --
 char  d --
 char  1 --
 char  d --
 char  2 --
 char  d --
 char  1 --
 char  d --
 char  2 --
 char  d --
 char  1 --
 char  d --
 char  2 --
 char  d --
 char  1 --
 char  d --
 char  2 --
 char  d --
 char  1 --
 char  d --
 char  2 --
 char  d --
 char  1 --
 char  d --
 char  2 --
 char  d --
 char  1 --
 char  d --
 char  2 --
 char  d --
 char  1 --
 char  d --
 char  2 --
 char  d --
 char  1 --
 char  d --
 char  2 --
 char  d --
 char  1 --
 char  d --
 char  2 --
 char  d --
 char  1 --
 char  d --
 char  2 --
 char  d --
 char  1 --
 char  d --
 char  2 --
 char  d --
 char  1 --
 char  d --
 char  2 --
 char  d --
 char  1 --
 char  d --
 char  2 --
 char  d --
 char  1 --
 char  d --
 char  2 --
 char  d --
 char  1 --
 char  d --
 char  2 --
 char  d --
 char  1 --
 char  d --
 char  2 --
 char  d --
 char  1 --
 char  d --
 char  2 --
 char  d --
 char  1 --
 char  d --
 char  2 --
 char  d --
 char  1 --
 char  d --
 char  2 --
 char  d --
 char  1 --
 char  d --
 char  2 --
 char  d --
 char  1 --
 char  d --
 char  2 --
 char  d --
 char  1 --
 char  d --
 char  2 --
 char  d --
 char  1 --
 char  d --
 char  2 --
 char  d --
 char  1 --
 char  d --
 char  2 --
 char  d --
 char  1 --
 char  d --
 char  2 --
 char  d --
 char  1 --
 char  d --
 char  2 --
 char  d --
 char  1 --
 char  d --
 char  2 --
 char  d --
 char  1 --
 char  d --
 char  2 --
 char  d --
 char  1 --
 char  d --
 char  2 --
 char  d --
 char  1 --
 char  d --
 char  2 --
 char  d --
 char  1 --
 char  d --
 char  2 --
 char  d --
 char  1 --
 char  d --
 char  2 --
 char  d --
 char  1 --
 char  d --
 char  2 --
 char  d --
 char  1 --
 char  d --
 char  2 --
 char  d --
 char  1 --
 char  d --
 char  2 --
 char  d --
 char  1 --
 char  d --
 char  2 --
 char  d --
 char  1 --
 char  d --
 char  2 --
 char  d --
 char  1 --
 char  d --
 char  2 --
 char  d --
 char  1 --
 char  d --
 char  2 --
 char  d --
 char  1 --
 char  d --
 char  2 --
 char  d --
 char  1 --
 char  d --
 char  2 --
 char  d --
 char  1 --
 char  d --
 char  2 --
 char  d --
 char  1 --
 char  d --
 char  2 --
 char  d --
 char  1 --
 char  d --
 char  2 --
 char  d --
 char  1 --
 char  d --
 char  2 --
 char  d --
 char  1 --
 char  d --
 char  2 --
 char  d --
 char  1 --
 char  d --
 char  2 --
 char  d --
 char  1 --
 char  d --
 char  2 --
 char  d --
 char  1 --
 char  d --
 char  2 --
 char  d --
 char  1 --
 char  d --
 char  2 --
 char  d --
 char  1 --
 char  d --
 char  2 --
 char  d --
 char  1 --
 char  d --
 char  2 --
 char  d --
 char  1 --
 char  d --
 char  2 --
 char  d --
 char  1 --
 char  d --
 char  2 --
 char  d --
 char  1 --
 char  d --
 char  2 --
 char  d --
 char  1 --
 char  d --
 char  2 --
 char  d --
 char  1 --
 char  d --
 char  2 --
 char  d --
 char  1 --
 char  d --
 char  2 --
 char  d --
 char  1 --
 char  d --
 char  2 --
 char  d --
 char  1 --
 char  d --
 char  2 --
 char  d --
 char  1 --
 char  d --
 char  2 --
 char  d --
 char  1 --
 char  d --
 char  2 --
 char  d --
 char  1 --
 char  d --
 char  2 --
 char  d --
 char  1 --
 char  d --
 char  2 --
 char  d --
 char  1 --
 char  d --
 char  2 --
 char  d --
 char  1 --
 char  d --
 char  2 --
 char  d --
 char  1 --
 char  d --
 char  2 --
 char  d --
 char  1 --
 char  d --
 char  2 --
 char  d --
 char  1 --
 char  d --
 char  2 --
 char  d --
 char  1 --
 char  d --
 char  2 --
 char  d --
 char  1 --
 char  d --
 char  2 --
 char  d --
 char  1 --
 char  d --
 char  2 --
 char  d --
 char  1 --
 char  d --
 char  2 --
 char  d --
 char  1 --
 char  d --
 char  2 --
 char  d --
 char  1 --
 char  d --
 char  2 --
 char  d --
 char  1 --
 char  d --
 char  2 --
 char  d --
 char  1 --
 char  d --
 char  2 --
 char  d --
 char  1 --
 char  d --
 char  2 --
 char  d --
 char  1 --
 char  d --
 char  2 --
 char  d --
 char  1 --
 char  d --
 char  2 --
 char  d --
 char  1 --
 char  d --
 char  2 --
 char  d --
 char  1 --
 char  d --
 char  2 --
 char  d --
 char  1 --
 char  d --
 char  2 --
 char  d --
 char  1 --
 char  d --
 char  2 --
 char  d --
 char  1 --
 char  d --
 char  2 --
 char  d --
 char  1 --
 char  d --
 char  2 --
 char  d --
 char  1 --
 char  d --
 char  2 --
 char  d --
 char  1 --
 char  d --
 char  2 --
 char  d --
 char  1 --
 char  d --
 char  2 --
 char  d --
 char  1 --
 char  d --
 char  2 --
 char  d --
 char  1 --
 char  d --
 char  2 --
 char  d --
 char  1 --
 char  d --
 char  2 --
 char  d --
 char  1 --
 char  d --
 char  2 --
 char  d --
 char  1 --
 char  d --
 char  2 --
 char  d --
 char  1 --
 char  d --
 char  2 --
 char  d --
 char  1 --
 char  d --
 char  2 --
 char  d --
 char  1 --
 char  d --
 char  2 --
 char  d --
 char  1 --
 char  d --
 char  2 --
 char  d --
 char  1 --
 char  d --
 char  2 --
 char  d --
 char  1 --
 char  d --
 char  2 --
 char  d --
 char  1 --
 char  d --
 char  2 --
 char  d --
 char  1 --
 char  d --
 char  2 --
 char  d --
 char  1 --
 char  d --
 char  2 --
 char  d --
 char  1 --
 char  d --
 char  2 --
 char  d --
 char  1 --
 char  d --
 char  2 --
 char  d --
 char  1 --
 char  d --
 char  2 --
 char  d --
 char  1 --
 char  d --
 char  2 --
 char  d --
 char  1 --
 char  d --
 char  2 --
 char  d --
 char  1 --
 char  d --
 char  2 --
 char  d --
 char  1 --
 char  d --
 char  2 --
 char  d --
 char  1 --
 char  d --
 char  2 --
 char  d --
 char  1 --
 char  d --
 char  2 --
 char  d --
 char  1 --
 char  d --
 char  2 --
 char  d --
 char  1 --
 char  d --
 char  2 --
 char  d --
 char  1 --
 char  d --
 char  2 --
 char  d --
 char  1 --
 char  d --
 char  2 --
 char  d --
 char  1 --
 char  d --
 char  2 --
 char  d --
 char  1 --
 char  d --
 char  2 --
 char  d --
 char  1 --
 char  d --
 char  2 --
 char  d --
 char  1 --
 char  d --
 char  2 --
 char  d --
 char  1 --
 char  d --
 char  2 --
 char  d --
 char  1 --
 char  d --
 char  2 --
 char  d --
 char  1 --
 char  d --
 char  2 --
 char  d --
 char  1 --
 char  d --
 char  2 --
 char  d --
 char  1 --
 char  d --
 char  2 --
 char  d --
 char  1 --
 char  d --
 char  2 --
 char  d --
 char  1 --
 char  d --
 char  2 --
 char  d --
 char  1 --
 char  d --
 char  2 --
 char  d --
 char  1 --
 char  d --
 char  2 --
 char  d --
 char  1 --
 char  d --
 char  2 --
 char  d --
 char  1 --
 char  d --
 char  2 --
 char  d --
 char  1 --
 char  d --
 char  2 --
 char  d --
 char  1 --
 char  d --
 char  2 --
 char  d --
 char  1 --
 char  d --
 char  2 --
 char  d --
 char  1 --
 char  d --
 char  2 --
 char  d --
 char  1 --
 char  d --
 char  2 --
 char  d --
 char  1 --
 char  d --
 char  2 --
 char  d --
 char  1 --
 char  d --
 char  2 --
 char  d --
 char  1 --
 char  d --
 char  2 --
 char  d --
 char  1 --
 char  d --
 char  2 --
 char  d --
 char  1 --
 char  d --
 char  2 --
 char  d --
 char  1 --
 char  d --
 char  2 --
 char  d --
 char  1 --
 char  d --
 char  2 --
 char  d --
 char  1 --
 char  d --
 char  2 --
 char  d --
 char  1 --
 char  d --
 char  2 --
 char  d --
 char  1 --
 char  d --
 char  2 --
 char  d --
 char  1 --
 char  d --
 char  2 --
 char  d --
 char  1 --
 char  d --
 char  2 --
 char  d --
 char  1 --
 char  d --
 char  2 --
 char  d --
 char  1 --
 char  d --
 char  2 --
 char  d --
 char  1 --
 char  d --
 char  2 --
 char  d --
 char  1 --
 char  d --
 char  2 --
 char  d --
 char  1 --
 char  d --
 char  2 --
 char  d --
 char  1 --
 char  d --
 char  2 --
 char  d --
 char  1 --
 char  d --
 char  2 --
 char  d --
 char  1 --
 char  d --
 char  2 --
 char  d --
 char  1 --
 char  d --
 char  2 --
 char  d --
 char  1 --
 char  d --
 char  2 --
 char  d --
 char  1 --
 char  d --
 char  2 --
 char  d --
 char  1 --
 char  d --
 char  2 --
 char  d --
 char  1 --
 char  d --
 char  2 --
 char  d --
 char  1 --
 char  d --
 char  2 --
 char  d --
 char  1 --
 char  d --
 char  2 --
 char  d --
 char  1 --
 char  d --
 char  2 --
 char  d --
 char  1 --
 char  d --
 char  2 --
 char  d --
 char  1 --
 char  d --
 char  2 --
 char  d --
 char  1 --
 char  d --
 char  2 --
 char  d --
 char  1 --
 char  d --
 char  2 --
 char  d --
 char  1 --
 char  d --
 char  2 --
 char  d --
 char  1 --
 char  d --
 char  2 --
 char  d --
 char  1 --
 char  d --
 char  2 --
 char  d --
 char  1 --
 char  d --
 char  2 --
 char  d --
 char  1 --
 char  d --
 char  2 --
 char  d --
 char  1 --
 char  d --
 char  2 --
 char  d --
 char  1 --
 char  d --
 char  2 --
 char  d --
 char  1 --
 char  d --
 char  2 --
 char  d --
 char  1 --
 char  d --
 char  2 --
 char  d --
 char  1 --
 char  d --
 char  2 --
 char  d --
 char  1 --
 char  d --
 char  2 --
 char  d --
 char  1 --
 char  d --
 char  2 --
 char  d --
 char  1 --
 char  d --
 char  2 --
 char  d --
 char  1 --
 char  d --
 char  2 --
 char  d --
 char  1 --
 char  d --
 char  2 --
 char  d --
 char  1 --
 char  d --
 char  2 --
 char  d --
 char  1 --
 char  d --
 char  2 --
 char  d --
 char  1 --
 char  d --
 char  2 --
 char  d --
 char  1 --
 char  d --
 char  2 --
 char  d --
 char  1 --
 char  d --
 char  2 --
 char  d --
 char  1 --
 char  d --
 char  2 --
 char  d --
 char  1 --
 char  d --
 char  2 --
 char  d --
 char  1 --
 char  d --
 char  2 --
 char  d --
 char  1 --
 char  d --
 char  2 --
 char  d --
 char  1 --
 char  d --
 char  2 --
 char  d --
 char  1 --
 char  d --
 char  2 --
 char  d --
 char  1 --
 char  d --
 char  2 --
 char  d --
 char  1 --
 char  d --
 char  2 --
 char  d --
 char  1 --
 char  d --
 char  2 --
 char  d --
 char  1 --
 char  d --
 char  2 --
 char  d --
 char  1 --
 char  d --
 char  2 --
 char  d --
 char  1 --
 char  d --
 char  2 --
 char  d --
 char  1 --
 char  d --
 char  2 --
 char  d --
 char  1 --
 char  d --
 char  2 --
 char  d --
 char  1 --
 char  d --
 char  2 --
 char  d --
 char  1 --
 char  d --
 char  2 --
 char  d --
 char  1 --
 char  d --
 char  2 --
 char  d --
 char  1 --
 char  d --
 char  2 --
 char  d --
 char  1 --
 char  d --
 char  2 --
 char  d --
 char  1 --
 char  d --
 char  2 --
 char  d --
 char  1 --
 char  d --
 char  2 --
 char  d --
 char  1 --
 char  d --
 char  2 --
 char  d --
 char  1 --
 char  d --
 char  2 --
 char  d --
 char  1 --
 char  d --
 char  2 --
 char  d --
 char  1 --
 char  d --
 char  2 --
 char  d --
 char  1 --
 char  d --
 char  2 --
 char  d --
 char  1 --
 char  d --
 char  2 --
 char  d --
 char  1 --
 char  d --
 char  2 --
 char  d --
 char  1 --
 char  d --
 char  2 --
 char  d --
 char  1 --
 char  d --
 char  2 --
 char  d --
 char  1 --
 char  d --
 char  2 --
 char  d --
 char  1 --
 char  d --
 char  2 --
 char  d --
 char  1 --
 char  d --
 char  2 --
 char  d --
 char  1 --
 char  d --
 char  2 --
 char  d --
 char  1 --
 char  d --
 char  2 --
 char  d --
 char  1 --
 char  d --
 char  2 --
 char  d --
 char  1 --
 char  d --
 char  2 --
 char  d --
 char  1 --
 char  d --
 char  2 --
 char  d --
 char  1 --
 char  d --
 char  2 --
 char  d --
 char  1 --
 char  d --
 char  2 --
 char  d --
 char  1 --
 char  d --
 char  2 --
 char  d --
 char  1 --
 char  d --
 char  2 --
 char  d --
 char  1 --
 char  d --
 char  2 --
 char  d --
 char  1 --
 char  d --
 char  2 --
 char  d --
 char  1 --
 char  d --
 char  2 --
 char  d --
 char  1 --
 char  d --
 char  2 --
 char  d --
 char  1 --
 char  d --
 char  2 --
 char  d --
 char  1 --
 char  d --
 char  2 --
 char  d --
 char  1 --
 char  d --
 char  2 --
 char  d --
 char  1 --
 char  d --
 char  2 --
 char  d --
 char  1 --
 char  d --
 char  2 --
 char  d --
 char  1 --
 char  d --
 char  2 --
 char  d --
 char  1 --
 char  d --
 char  2 --
 char  d --
 char  1 --
 char  d --
 char  2 --
 char  d --
 char  1 --
 char  d --
 char  2 --
 char  d --
 char  1 --
 char  d --
 char  2 --
 char  d --
 char  1 --
 char  d --
 char  2 --
 char  d --
 char  1 --
 char  d --
 char  2 --
 char  d --
 char  1 --
 char  d --
 char  2 --
 char  d --
 char  1 --
 char  d --
 char  2 --
 char  d --
 char  1 --
 char  d --
 char  2 --
 char  d --
 char  1 --
 char  d --
 char  2 --
 char  d --
 char  1 --
 char  d --
 char  2 --
 char  d --
 char  1 --
 char  d --
 char  2 --
 char  d --
 char  1 --
 char  d --
 char  2 --
 char  d --
 char  1 --
 char  d --
 char  2 --
 char  d --
 char  1 --
 char  d --
 char  2 --
 char  d --
 char  1 --
 char  d --
 char  2 --
 char  d --
 char  1 --
 char  d --
 char  2 --
 char  d --
 char  1 --
 char  d --
 char  2 --
 char  d --
 char  1 --
 char  d --
 char  2 --
 char  d --
 char  1 --
 char  d --
 char  2 --
 char  d --
 char  1 --
 char  d --
 char  2 --
 char  d --
 char  1 --
 char  d --
 char  2 --
 char  d --
 char  1 --
 char  d --
 char  2 --
 char  d --
 char  1 --
 char  d --
 char  2 --
 char  d --
 char  1 --
 char  d --
 char  2 --
 char  d --
 char  1 --
 char  d --
 char  2 --
 char  d --
 char  1 --
 char  d --
 char  2 --
 char  d --
 char  1 --
 char  d --
 char  2 --
 char  d --
 char  1 --
 char  d --
 char  2 --
 char  d --
 char  1 --
 char  d --
 char  2 --
 char  d --
 char  1 --
 char  d --
 char  2 --
 char  d --
 char  1 --
 char  d --
 char  2 --
 char  d --
 char  1 --
 char  d --
 char  2 --
 char  d --
 char  1 --
 char  d --
 char  2 --
 char  d --
 char  1 --
 char  d --
 char  2 --
 char  d --
 char  1 --
 char  d --
 char  2 --
 char  d --
 char  1 --
 char  d --
 char  2 --
 char  d --
 char  1 --
 char  d --
 char  2 --
 char  d --
 char  1 --
 char  d --
 char  2 --
 char  d --
 char  1 --
 char  d --
 char  2 --
 char  d --
 char  1 --
 char  d --
 char  2 --
 char  d --
 char  1 --
 char  d --
 char  2 --
 char  d --
 char  1 --
 char  d --
 char  2 --
 char  d --
 char  1 --
 char  d --
 char  2 --
 char  d --
 char  1 --
 char  d --
 char  2 --
 char  d --
 char  1 --
 char  d --
 char  2 --
 char  d --
 char  1 --
 char  d --
 char  2 --
 char  d --
 char  1 --
 char  d --
 char  2 --
 char  d --
 char  1 --
 char  d --
 char  2 --
 char  d --
 char  1 --
 char  d --
 char  2 --
 char  d --
 char  1 --
 char  d --
 char  2 --
 char  d --
 char  1 --
 char  d --
 char  2 --
 char  d --
 char  1 --
 char  d --
 char  2 --
 char  d --
 char  1 --
 char  d --
 char  2 --
 char  d --
 char  1 --
 char  d --
 char  2 --
 char  d --
 char  1 --
 char  d --
 char  2 --
 char  d --
 char  1 --
 char  d --
 char  2 --
 char  d --
 char  1 --
 char  d --
 char  2 --
 char  d --
 char  1 --
 char  d --
 char  2 --
 char  d --
 char  1 --
 char  d --
 char  2 --
 char  d --
 char  1 --
 char  d --
 char  2 --
 char  d --
 char  1 --
 char  d --
 char  2 --
 char  d --
 char  1 --
 char  d --
 char  2 --
 char  d --
 char  1 --
 char  d --
 char  2 --
 char  d --
 char  1 --
 char  d --
 char  2 --
 char  d --
 char  1 --
 char  d --
 char  2 --
 char  d --
 char  1 --
 char  d --
 char  2 --
 char  d --
 char  1 --
 char  d --
 char  2 --
 char  d --
 char  1 --
 char  d --
 char  2 --
 char  d --
 char  1 --
 char  d --
 char  2 --
 char  d --
 char  1 --
 char  d --
 char  2 --
 char  d --
 char  1 --
 char  d --
 char  2 --
 char  d --
 char  1 --
 char  d --
 char  2 --
 char  d --
 char  1 --
 char  d --
 char  2 --
 char  d --
 char  1 --
 char  d --
 char  2 --
 char  d --
 char  1 --
 char  d --
 char  2 --
 char  d --
 char  1 --
 char  d --
 char  2 --
 char  d --
 char  1 --
 char  d --
 char  2 --
 char  d --
 char  1 --
 char  d --
 char  2 --
 char  d --
 char  1 --
 char  d --
 char  2 --
 char  d --
 char  1 --
 char  d --
 char  2 --
 char  d --
 char  1 --
 char  d --
 char  2 --
 char  d --
 char  1 --
 char  d --
 char  2 --
 char  d --
 char  1 --
 char  d --
 char  2 --
 char  d --
 char  1 --
 char  d --
 char  2 --
 char  d --
 char  1 --
 char  d --
 char  2 --
 char  d --
 char  1 --
 char  d --
 char  2 --
 char  d --
 char  1 --
 char  d --
 char  2 --
 char  d --
 char  1 --
 char  d --
 char  2 --
 char  d --
 char  1 --
 char  d --
 char  2 --
 char  d --
 char  1 --
 char  d --
 char  2 --
 char  d --
 char  1 --
 char  d --
 char  2 --
 char  d --
 char  1 --
 char  d --
 char  2 --
 char  d --
 char  1 --
 char  d --
 char  2 --
 char  d --
 char  1 --
 char  d --
 char  2 --
 char  d --
 char  1 --
 char  d --
 char  2 --
 char  d --
 char  1 --
 char  d --
 char  2 --
 char  d --
 char  1 --
 char  d --
 char  2 --
 char  d --
 char  1 --
 char  d --
 char  2 --
 char  d --
 char  1 --
 char  d --
 char  2 --
 char  d --
 char  1 --
 char  d --
 char  2 --
 char  d --
 char  1 --
 char  d --
 char  2 --
 char  d --
 char  1 --
 char  d --
 char  2 --
 char  d --
 char  1 --
 char  d --
 char  2 --
 char  d --
 char  1 --
 char  d --
 char  2 --
 char  d --
 char  1 --
 char  d --
 char  2 --
 char  d --
 char  1 --
 char  d --
 char  2 --
 char  d --
 char  1 --
 char  d --
 char  2 --
 char  d --
 char  1 --
 char  d --
 char  2 --
 char  d --
 char  1 --
 char  d --
 char  2 --
 char  d --
 char  1 --
 char  d --
 char  2 --
 char  d --
 char  1 --
 char  d --
 char  2 --
 char  d --
 char  1 --
 char  d --
 char  2 --
 char  d --
 char  1 --
 char  d --
 char  2 --
 char  d --
 char  1 --
 char  d --
 char  2 --
 char  d --
 char  1 --
 char  d --
 char  2 --
 char  d --
 char  1 --
 char  d --
 char  2 --
 char  d --
 char  1 --
 char  d --
 char  2 --
 char  d --
 char  1 --
 char  d --
 char  2 --
 char  d --
 char  1 --
 char  d --
 char  2 --
 char  d --
 char  1 --
 char  d --
 char  2 --
 char  d --
 char  1 --
 char  d --
 char  2 --
 char  d --
 char  1 --
 char  d --
 char  2 --
 char  d --
 char  1 --
 char  d --
 char  2 --
 char  d --
 char  1 --
 char  d --
 char  2 --
 char  d --
 char  1 --
 char  d --
 char  2 --
 char  d --
 char  1 --
 char  d --
 char  2 --
 char  d --
 char  1 --
 char  d --
 char  2 --
 char  d --
 char  1 --
 char  d --
 char  2 --
 char  d --
 char  1 --
 char  d --
 char  2 --
 char  d --
 char  1 --
 char  d --
 char  2 --
 char  d --
 char  1 --
 char  d --
 char  2 --
 char  d --
 char  1 --
 char  d --
 char  2 --
 char  d --
 char  1 --
 char  d --
 char  2 --
 char  d --
 char  1 --
 char  d --
 char  2 --
 char  d --
 char  1 --
 char  d --
 char  2 --
 char  d --
 char  1 --
 char  d --
 char  2 --
 char  d --
 char  1 --
 char  d --
 char  2 --
 char  d --
 char  1 --
 char  d --
 char  2 --
 char  d --
 char  1 --
 char  d --
 char  2 --
 char  d --
 char  1 --
 char  d --
 char  2 --
 char  d --
 char  1 --
 char  d --
 char  2 --
 char  d --
 char  1 --
 char  d --
 char  2 --
 char  d --
 char  1 --
 char  d --
 char  2 --
 char  d --
 char  1 --
 char  d --
 char  2 --
 char  d --
 char  1 --
 char  d --
 char  2 --
 char  d --
 char  1 --
 char  d --
 char  2 --
 char  d --
 char  1 --
 char  d --
 char  2 --
 char  d --
 char  1 --
 char  d --
 char  2 --
 char  d --
 char  1 --
 char  d --
 char  2 --
 char  d --
 char  1 --
 char  d --
 char  2 --
 char  d --
 char  1 --
 char  d --
 char  2 --
 char  d --
 char  1 --
 char  d --
 char  2 --
 char  d --
 char  1 --
 char  d --
 char  2 --
 char  d --
 char  1 --
 char  d --
 char  2 --
 char  d --
 char  1 --
 char  d --
 char  2 --
 char  d --
 char  1 --
 char  d --
 char  2 --
 char  d --
 char  1 --
 char  d --
 char  2 --
 char  d --
 char  1 --
 char  d --
 char  2 --
 char  d --
 char  1 --
 char  d --
 char  2 --
 char  d --
 char  1 --
 char  d --
 char  2 --
 char  d --
 char  1 --
 char  d --
 char  2 --
 char  d --
 char  1 --
 char  d --
 char  2 --
 char  d --
 char  1 --
 char  d --
 char  2 --
 char  d --
 char  1 --
 char  d --
 char  2 --
 char  d --
 char  1 --
 char  d --
 char  2 --
 char  d --
 char  1 --
 char  d --
 char  2 --
 char  d --
 char  1 --
 char  d --
 char  2 --
 char  d --
 char  1 --
 char  d --
 char  2 --
 char  d --
 char  1 --
 char  d --
 char  2 --
 char  d --
 char  1 --
 char  d --
 char  2 --
 char  d --
 char  1 --
 char  d --
 char  2 --
 char  d --
 char  1 --
 char  d --
 char  2 --
 char  d --
 char  1 --
 char  d --
 char  2 --
 char  d --
 char  1 --
 char  d --
 char  2 --
 char  d --
 char  1 --
 char  d --
 char  2 --
 char  d --
 char  1 --
 char  d --
 char  2 --
 char  d --
 char  1 --
 char  d --
 char  2 --
 char  d --
 char  1 --
 char  d --
 char  2 --
 char  d --
 char  1 --
 char  d --
 char  2 --
 char  d --
 char  1 --
 char  d --
 char  2 --
 char  d --
 char  1 --
 char  d --
 char  2 --
 char  d --
 char  1 --
 char  d --
 char  2 --
 char  d --
 char  1 --
 char  d --
 char  2 --
 char  d --
 char  1 --
 char  d --
 char  2 --
 char  d --
 char  1 --
 char  d --
 char  2 --
 char  d --
 char  1 --
 char  d --
 char  2 --
 char  d --
 char  1 --
 char  d --
 char  2 --
 char  d --
 char  1 --
 char  d --
 char  2 --
 char  d --
 char  1 --
 char  d --
 char  2 --
 char  d --
 char  1 --
 char  d --
 char  2 --
 char  d --
 char  1 --
 char  d --
 char  2 --
 char  d --
 char  1 --
 char  d --
 char  2 --
 char  d --
 char  1 --
 char  d --
 char  2 --
 char  d --
 char  1 --
 char  d --
 char  2 --
 char  d --
 char  1 --
 char  d --
 char  2 --
 char  d --
 char  1 --
 char  d --
 char  2 --
 char  d --
 char  1 --
 char  d --
 char  2 --
 char  d --
 char  1 --
 char  d --
 char  2 --
 char  d --
 char  1 --
 char  d --
 char  2 --
 char  d --
 char  1 --
 char  d --
 char  2 --
 char  d --
 char  1 --
 char  d --
 char  2 --
 char  d --
 char  1 --
 char  d --
 char  2 --
 char  d --
 char  1 --
 char  d --
 char  2 --
 char  d --
 char  1 --
 char  d --
 char  2 --
 char  d --
 char  1 --
 char  d --
 char  2 --
 char  d --
 char  1 --
 char  d --
 char  2 --
 char  d --
 char  1 --
 char  d --
 char  2 --
 char  d --
 char  1 --
 char  d --
 char  2 --
 char  d --
 char  1 --
 char  d --
 char  2 --
 char  d --
 char  1 --
 char  d --
 char  2 --
 char  d --
 char  1 --
 char  d --
 char  2 --
 char  d --
 char  1 --
 char  d --
 char  2 --
 char  d --
 char  1 --
 char  d --
 char  2 --
 char  d --
 char  1 --
 char  d --
 char  2 --
 char  d --
 char  1 --
 char  d --
 char  2 --
 char  d --
 char  1 --
 char  d --
 char  2 --
 char  d --
 char  1 --
 char  d --
 char  2 --
 char  d --
 char  1 --
 char  d --
 char  2 --
 char  d --
 char  1 --
 char  d --
 char  2 --
 char  d --
 char  1 --
 char  d --
 char  2 --
 char  d --
 char  1 --
 char  d --
 char  2 --
 char  d --
 char  1 --
 char  d --
 char  2 --
 char  d --
 char  1 --
 char  d --
 char  2 --
 char  d --
 char  1 --
 char  d --
 char  2 --
 char  d --
 char  1 --
 char  d --
 char  2 --
 char  d --
 char  1 --
 char  d --
 char  2 --
 char  d --
 char  1 --
 char  d --
 char  2 --
 char  d --
 char  1 --
 char  d --
 char  2 --
 char  d --
 char  1 --
 char  d --
 char  2 --
 char  d --
 char  1 --
 char  d --
 char  2 --
 char  d --
 char  1 --
 char  d --
 char  2 --
 char  d --
 char  1 --
 char  d --
 char  2 --
 char  d --
 char  1 --
 char  d --
 char  2 --
 char  d --
 char  1 --
 char  d --
 char  2 --
 char  d --
 char  1 --
 char  d --
 char  2 --
 char  d --
 char  1 --
 char  d --
 char  2 --
 char  d --
 char  1 --
 char  d --
 char  2 --
 char  d --
 char  1 --
 char  d --
 char  2 --
 char  d --
 char  1 --
 char  d --
 char  2 --
 char  d --
 char  1 --
 char  d --
 char  2 --
 char  d --
 char  1 --
 char  d --
 char  2 --
 char  d --
 char  1 --
 char  d --
 char  2 --
 char  d --
 char  1 --
 char  d --
 char  2 --
 char  d --
 char  1 --
 char  d --
 char  2 --
 char  d --
 char  1 --
 char  d --
 char  2 --
 char  d --
 char  1 --
 char  d --
 char  2 --
 char  d --
 char  1 --
 char  d --
 char  2 --
 char  d --
 char  1 --
 char  d --
 char  2 --
 char  d --
 char  1 --
 char  d --
 char  2 --
 char  d --
 char  1 --
 char  d --
 char  2 --
 char  d --
 char  1 --
 char  d --
 char  2 --
 char  d --
 char  1 --
 char  d --
 char  2 --
 char  d --
 char  1 --
 char  d --
 char  2 --
 char  d --
 char  1 --
 char  d --
 char  2 --
 char  d --
 char  1 --
 char  d --
 char  2 --
 char  d --
 char  1 --
 char  d --
 char  2 --
 char  d --
 char  1 --
 char  d --
 char  2 --
 char  d --
 char  1 --
 char  d --
 char  2 --
 char  d --
 char  1 --
 char  d --
 char  2 --
 char  d --
 char  1 --
 char  d --
 char  2 --
 char  d --
 char  1 --
 char  d --
 char  2 --
 char  d --
 char  1 --
 char  d --
 char  2 --
 char  d --
 char  1 --
 char  d --
 char  2 --
 char  d --
 char  1 --
 char  d --
 char  2 --
 char  d --
 char  1 --
 char  d --
 char  2 --
 char  d --
 char  1 --
 char  d --
 char  2 --
 char  d --
 char  1 --
 char  d --
 char  2 --
 char  d --
 char  1 --
 char  d --
 char  2 --
 char  d --
 char  1 --
 char  d --
 char  2 --
 char  d --
 char  1 --
 char  d --
 char  2 --
 char  d --
 char  1 --
 char  d --
 char  2 --
 char  d --
 char  1 --
 char  d --
 char  2 --
 char  d --
 char  1 --
 char  d --
 char  2 --
 char  d --
 char  1 --
 char  d --
 char  2 --
 char  d --
 char  1 --
 char  d --
 char  2 --
 char  d --
 char  1 --
 char  d --
 char  2 --
 char  d --
 char  1 --
 char  d --
 char  2 --
 char  d --
 char  1 --
 char  d --
 char  2 --
 char  d --
 char  1 --
 char  d --
 char  2 --
 char  d --
 char  1 --
 char  d --
 char  2 --
 char  d --
 char  1 --
 char  d --
 char  2 --
 char  d --
 char  1 --
 char  d --
 char  2 --
 char  d --
 char  1 --
 char  d --
 char  2 --
 char  d --
 char  1 --
 char  d --
 char  2 --
 char  d --
 char  1 --
 char  d --
 char  2 --
 char  d --
 char  1 --
 char  d --
 char  2 --
 char  d --
 char  1 --
 char  d --
 char  2 --
 char  d --
 char  1 --
 char  d --
 char  2 --
 char  d --
 char  1 --
 char  d --
 char  2 --
 char  d --
 char  1 --
 char  d --
 char  2 --
 char  d --
 char  1 --
 char  d --
 char  2 --
 char  d --
 char  1 --
 char  d --
 char  2 --
 char  d --
 char  1 --
 char  d --
 char  2 --
 char  d --
 char  1 --
 char  d --
 char  2 --
 char  d --
 char  1 --
 char  d --
 char  2 --
 char  d --
 char  1 --
 char  d --
 char  2 --
 char  d --
 char  1 --
 char  d --
 char  2 --
 char  d --
 char  1 --
 char  d --
 char  2 --
 char  d --
 char  1 --
 char  d --
 char  2 --
 char  d --
 char  1 --
 char  d --
 char  2 --
 char  d --
 char  1 --
 char  d --
 char  2 --
 char  d --
 char  1 --
 char  d --
 char  2 --
 char  d --
 char  1 --
 char  d --
 char  2 --
 char  d --
 char  1 --
 char  d --
 char  2 --
 char  d --
 char  1 --
 char  d --
 char  2 --
 char  d --
 char  1 --
 char  d --
 char  2 --
 char  d --
 char  1 --
 char  d --
 char  2 --
 char  d --
 char  1 --
 char  d --
 char  2 --
 char  d --
 char  1 --
 char  d --
 char  2 --
 char  d --
 char  1 --
 char  d --
 char  2 --
 char  d --
 char  1 --
 char  d --
 char  2 --
 char  d --
 char  1 --
 char  d --
 char  2 --
 char  d --
 char  1 --
 char  d --
 char  2 --
 char  d --
 char  1 --
 char  d --
 char  2 --
 char  d --
 char  1 --
 char  d --
 char  2 --
 char  d --
 char  1 --
 char  d --
 char  2 --
 char  d --
 char  1 --
 char  d --
 char  2 --
 char  d --
 char  1 --
 char  d --
 char  2 --
 char  d --
 char  1 --
 char  d --
 char  2 --
 char  d --
 char  1 --
 char  d --
 char  2 --
 char  d --
 char  1 --
 char  d --
 char  2 --
 char  d --
 char  1 --
 char  d --
 char  2 --
 char  d --
 char  1 --
 char  d --
 char  2 --
 char  d --
 char  1 --
 char  d --
 char  2 --
 char  d --
 char  1 --
 char  d --
 char  2 --
 char  d --
 char  1 --
 char  d --
 char  2 --
 char  d --
 char  1 --
 char  d --
 char  2 --
 char  d --
 char  1 --
 char  d --
 char  2 --
 char  d --
 char  1 --
 char  d --
 char  2 --
 char  d --
 char  1 --
 char  d --
 char  2 --
 char  d --
 char  1 --
 char  d --
 char  2 --
 char  d --
 char  1 --
 char  d --
 char  2 --
 char  d --
 char  1 --
 char  d --
 char  2 --
 char  d --
 char  1 --
 char  d --
 char  2 --
 char  d --
 char  1 --
 char  d --
 char  2 --
 char  d --
 char  1 --
 char  d --
 char  2 --
 char  d --
 char  1 --
 char  d --
 char  2 --
 char  d --
 char  1 --
 char  d --
 char  2 --
 char  d --
 char  1 --
 char  d --
 char  2 --
 char  d --
 char  1 --
 char  d --
 char  2 --
 char  d --
 char  1 --
 char  d --
 char  2 --
 char  d --
 char  1 --
 char  d --
 char  2 --
 char  d --
 char  1 --
 char  d --
 char  2 --
 char  d --
 char  1 --
 char  d --
 char  2 --
 char  d --
 char  1 --
 char  d --
 char  2 --
 char  d --
 char  1 --
 char  d --
 char  2 --
 char  d --
 char  1 --
 char  d --
 char  2 --
 char  d --
 char  1 --
 char  d --
 char  2 --
 char  d --
 char  1 --
 char  d --
 char  2 --
 char  d --
 char  1 --
 char  d --
 char  2 --
 char  d --
 char  1 --
 char  d --
 char  2 --
 char  d --
 char  1 --
 char  d --
 char  2 --
 char  d --
 char  1 --
 char  d --
 char  2 --
 char  d --
 char  1 --
 char  d --
 char  2 --
 char  d --
 char  1 --
 char  d --
 char  2 --
 char  d --
 char  1 --
 char  d --
 char  2 --
 char  d --
 char  1 --
 char  d --
 char  2 --
 char  d --
 char  1 --
 char  d --
 char  2 --
 char  d --
 char  1 --
 char  d --
 char  2 --
 char  d --
 char  1 --
 char  d --
 char  2 --
 char  d --
 char  1 --
 char  d --
 char  2 --
 char  d --
 char  1 --
 char  d --
 char  2 --
 char  d --
 char  1 --
 char  d --
 char  2 --
 char  d --
 char  1 --
 char  d --
 char  2 --
 char  d --
 char  1 --
 char  d --
 char  2 --
 char  d --
 char  1 --
 char  d --
 char  2 --
 char  d --
 char  1 --
 char  d --
 char  2 --
 char  d --
 char  1 --
 char  d --
 char  2 --
 char  d --
 char  1 --
 char  d --
 char  2 --
 char  d --
 char  1 --
 char  d --
 char  2 --
 char  d --
 char  1 --
 char  d --
 char  2 --
 char  d --
 char  1 --
 char  d --
 char  2 --
 char  d --
 char  1 --
 char  d --
 char  2 --
 char  d --
 char  1 --
 char  d --
 char  2 --
 char  d --
 char  1 --
 char  d --
 char  2 --
 char  d --
 char  1 --
 char  d --
 char  2 --
 char  d --
 char  1 --
 char  d --
 char  2 --
 char  d --
 char  1 --
 char  d --
 char  2 --
 char  d --
 char  1 --
 char  d --
 char  2 --
 char  d --
 char  1 --
 char  d --
 char  2 --
 char  d --
 char  1 --
 char  d --
 char  2 --
 char  d --
 char  1 --
 char  d --
 char  2 --
 char  d --
 char  1 --
 char  d --
 char  2 --
 char  d --
 char  1 --
 char  d --
 char  2 --
 char  d --
 char  1 --
 char  d --
 char  2 --
 char  d --
 char  1 --
 char  d --
 char  2 --
 char  d --
 char  1 --
 char  d --
 char  2 --
 char  d --
 char  1 --
 char  d --
 char  2 --
 char  d --
 char  1 --
 char  d --
 char  2 --
 char  d --
 char  1 --
 char  d --
 char  2 --
 char  d --
 char  1 --
 char  d --
 char  2 --
 char  d --
 char  1 --
 char  d --
 char  2 --
 char  d --
 char  1 --
 char  d --
 char  2 --
 char  d --
 char  1 --
 char  d --
 char  2 --
 char  d --
 char  1 --
 char  d --
 char  2 --
 char  d --
 char  1 --
 char  d --
 char  2 --
 char  d --
 char  1 --
 char  d --
 char  2 --
 char  d --
 char  1 --
 char  d --
 char  2 --
 char  d --
 char  1 --
 char  d --
 char  2 --
 char  d --
 char  1 --
 char  d --
 char  2 --
 char  d --
 char  1 --
 char  d --
 char  2 --
 char  d --
 char  1 --
 char  d --
 char  2 --
 char  d --
 char  1 --
 char  d --
 char  2 --
 char  d --
 char  1 --
 char  d --
 char  2 --
 char  d --
 char  1 --
 char  d --
 char  2 --
 char  d --
 char  1 --
 char  d --
 char  2 --
 char  d --
 char  1 --
 char  d --
 char  2 --
 char  d --
 char  1 --
 char  d --
 char  2 --
 char  d --
 char  1 --
 char  d --
 char  2 --
 char  d --
 char  1 --
 char  d --
 char  2 --
 char  d --
 char  1 --
 char  d --
 char  2 --
 char  d --
 char  1 --
 char  d --
 char  2 --
 char  d --
 char  1 --
 char  d --
 char  2 --
 char  d --
 char  1 --
 char  d --
 char  2 --
 char  d --
 char  1 --
 char  d --
 char  2 --
 char  d --
 char  1 --
 char  d --
 char  2 --
 char  d --
 char  1 --
 char  d --
 char  2 --
 char  d --
 char  1 --
 char  d --
 char  2 --
 char  d --
 char  1 --
 char  d --
 char  2 --
 char  d --
 char  1 --
 char  d --
 char  2 --
 char  d --
 char  1 --
 char  d --
 char  2 --
 char  d --
 char  1 --
 char  d --
 char  2 --
 char  d --
 char  1 --
 char  d --
 char  2 --
 char  d --
 char  1 --
 char  d --
 char  2 --
 char  d --
 char  1 --
 char  d --
 char  2 --
 char  d --
 char  1 --
 char  d --
 char  2 --
 char  d --
 char  1 --
 char  d --
 char  2 --
 char  d --
 char  1 --
 char  d --
 char  2 --
 char  d --
 char  1 --
 char  d --
 char  2 --
 char  d --
 char  1 --
 char  d --
 char  2 --
 char  d --
 char  1 --
 char  d --
 char  2 --
 char  d --
 char  1 --
 char  d --
 char  2 --
 char  d --
 char  1 --
 char  d --
 char  2 --
 char  d --
 char  1 --
 char  d --
 char  2 --
 char  d --
 char  1 --
 char  d --
 char  2 --
 char  d --
 char  1 --
 char  d --
 char  2 --
 char  d --
 char  1 --
 char  d --
 char  2 --
 char  d --
 char  1 --
 char  d --
 char  2 --
 char  d --
 char  1 --
 char  d --
 char  2 --
 char  d --
 char  1 --
 char  d --
 char  2 --
 char  d --
 char  1 --
 char  d --
 char  2 --
 char  d --
 char  1 --
 char  d --
 char  2 --
 char  d --
 char  1 --
 char  d --
 char  2 --
 char  d --
 char  1 --
 char  d --
 char  2 --
 char  d --
 char  1 --
 char  d --
 char  2 --
 char  d --
 char  1 --
 char  d --
 char  2 --
 char  d --
 char  1 --
 char  d --
 char  2 --
 char  d --
 char  1 --
 char  d --
 char  2 --
 char  d --
 char  1 --
 char  d --
 char  2 --
 char  d --
 char  1 --
 char  d --
 char  2 --
 char  d --
 char  1 --
 char  d --
 char  2 --
 char  d --
 char  1 --
 char  d --
 char  2 --
 char  d --
 char  1 --
 char  d --
 char  2 --
 char  d --
 char  1 --
 char  d --
 char  2 --
 char  d --
 char  1 --
 char  d --
 char  2 --
 char  d --
 char  1 --
 char  d --
 char  2 --
 char  d --
 char  1 --
 char  d --
 char  2 --
 char  d --
 char  1 --
 char  d --
 char  2 --
 char  d --
 char  1 --
 char  d --
 char  2 --
 char  d --
 char  1 --
 char  d --
 char  2 --
 char  d --
 char  1 --
 char  d --
 char  2 --
 char  d --
 char  1 --
 char  d --
 char  2 --
 char  d --
 char  1 --
 char  d --
 char  2 --
 char  d --
 char  1 --
 char  d --
 char  2 --
 char  d --
 char  1 --
 char  d --
 char  2 --
 char  d --
 char  1 --
 char  d --
 char  2 --
 char  d --
 char  1 --
 char  d --
 char  2 --
 char  d --
 char  1 --
 char  d --
 char  2 --
 char  d --
 char  1 --
 char  d --
 char  2 --
 char  d --
 char  1 --
 char  d --
 char  2 --
 char  d --
 char  1 --
 char  d --
 char  2 --
 char  d --
 char  1 --
 char  d --
 char  2 --
 char  d --
 char  1 --
 char  d --
 char  2 --
 char  d --
 char  1 --
 char  d --
 char  2 --
 char  d --
 char  1 --
 char  d --
 char  2 --
 char  d --
 char  1 --
 char  d --
 char  2 --
 char  d --
 char  1 --
 char  d --
 char  2 --
 char  d --
 char  1 --
 char  d --
 char  2 --
 char  d --
 char  1 --
 char  d --
 char  2 --
 char  d --
 char  1 --
 char  d --
 char  2 --
 char  d --
 char  1 --
 char  d --
 char  2 --
 char  d --
 char  1 --
 char  d --
 char  2 --
 char  d --
 char  1 --
 char  d --
 char  2 --
 char  d --
 char  1 --
 char  d --
 char  2 --
 char  d --
 char  1 --
 char  d --
 char  2 --
 char  d --
 char  1 --
 char  d --
 char  2 --
 char  d --
 char  1 --
 char  d --
 char  2 --
 char  d --
 char  1 --
 char  d --
 char  2 --
 char  d --
 char  1 --
 char  d --
 char  2 --
 char  d --
 char  1 --
 char  d --
 char  2 --
 char  d --
 char  1 --
 char  d --
 char  2 --
 char  d --
 char  1 --
 char  d --
 char  2 --
 char  d --
 char  1 --
 char  d --
 char  2 --
 char  d --
 char  1 --
 char  d --
 char  2 --
 char  d --
 char  1 --
 char  d --
 char  2 --
 char  d --
 char  1 --
 char  d --
 char  2 --
 char  d --
 char  1 --
 char  d --
 char  2 --
 char  d --
 char  1 --
 char  d --
 char  2 --
 char  d --
 char  1 --
 char  d --
 char  2 --
 char  d --
 char  1 --
 char  d --
 char  2 --
 char  d --
 char  1 --
 char  d --
 char  2 --
 char  d --
 char  1 --
 char  d --
 char  2 --
 char  d --
 char  1 --
 char  d --
 char  2 --
 char  d --
 char  1 --
 char  d --
 char  2 --
 char  d --
 char  1 --
 char  d --
 char  2 --
 char  d --
 char  1 --
 char  d --
 char  2 --
 char  d --
 char  1 --
 char  d --
 char  2 --
 char  d --
 char  1 --
 char  d --
 char  2 --
 char  d --
 char  1 --
 char  d --
 char  2 --
 char  d --
 char  1 --
 char  d --
 char  2 --
 char  d --
 char  1 --
 char  d --
 char  2 --
 char  d --
 char  1 --
 char  d --
 char  2 --
 char  d --
 char  1 --
 char  d --
 char  2 --
 char  d --
 char  1 --
 char  d --
 char  2 --
 char  d --
 char  1 --
 char  d --
 char  2 --
 char  d --
 char  1 --
 char  d --
 char  2 --
 char  d --
 char  1 --
 char  d --
 char  2 --
 char  d --
 char  1 --
 char  d --
 char  2 --
 char  d --
 char  1 --
 char  d --
 char  2 --
 char  d --
 char  1 --
 char  d --
 char  2 --
 char  d --
 char  1 --
 char  d --
 char  2 --
 char  d --
 char  1 --
 char  d --
 char  2 --
 char  d --
 char  1 --
 char  d --
 char  2 --
 char  d --
 char  1 --
 char  d --
 char  2 --
 char  d --
 char  1 --
 char  d --
 char  2 --
 char  d --
 char  1 --
 char  d --
 char  2 --
 char  d --
 char  1 --
 char  d --
 char  2 --
 char  d --
 char  1 --
 char  d --
 char  2 --
 char  d --
 char  1 --
 char  d --
 char  2 --
 char  d --
 char  1 --
 char  d --
 char  2 --
 char  d --
 char  1 --
 char  d --
 char  2 --
 char  d --
 char  1 --
 char  d --
 char  2 --
 char  d --
 char  1 --
 char  d --
 char  2 --
 char  d --
 char  1 --
 char  d --
 char  2 --
 char  d --
 char  1 --
 char  d --
 char  2 --
 char  d --
 char  1 --
 char  d --
 char  2 --
 char  d --
 char  1 --
 char  d --
 char  2 --
 char  d --
 char  1 --
 char  d --
 char  2 --
 char  d --
 char  1 --
 char  d --
 char  2 --
 char  d --
 char  1 --
 char  d --
 char  2 --
 char  d --
 char  1 --
 char  d --
 char  2 --
 char  d --
 char  1 --
 char  d --
 char  2 --
 char  d --
 char  1 --
 char  d --
 char  2 --
 char  d --
 char  1 --
 char  d --
 char  2 --
 char  d --
 char  1 --
 char  d --
 char  2 --
 char  d --
 char  1 --
 char  d --
 char  2 --
 char  d --
 char  1 --
 char  d --
 char  2 --
 char  d --
 char  1 --
 char  d --
 char  2 --
 char  d --
 char  1 --
 char  d --
 char  2 --
 char  d --
 char  1 --
 char  d --
 char  2 --
 char  d --
 char  1 --
 char  d --
 char  2 --
 char  d --
 char  1 --
 char  d --
 char  2 --
 char  d --
 char  1 --
 char  d --
 char  2 --
 char  d --
 char  1 --
 char  d --
 char  2 --
 char  d --
 char  1 --
 char  d --
 char  2 --
 char  d --
 char  1 --
 char  d --
 char  2 --
 char  d --
 char  1 --
 char  d --
 char  2 --
 char  d --
 char  1 --
 char  d --
 char  2 --
 char  d --
 char  1 --
 char  d --
 char  2 --
 char  d --
 char  1 --
 char  d --
 char  2 --
 char  d --
 char  1 --
 char  d --
 char  2 --
 char  d --
 char  1 --
 char  d --
 char  2 --
 char  d --
 char  1 --
 char  d --
 char  2 --
 char  d --
 char  1 --
 char  d --
 char  2 --
 char  d --
 char  1 --
 char  d --
 char  2 --
 char  d --
 char  1 --
 char  d --
 char  2 --
 char  d --
 char  1 --
 char  d --
 char  2 --
 char  d --
 char  1 --
 char  d --
 char  2 --
 char  d --
 char  1 --
 char  d --
 char  2 --
 char  d --
 char  1 --
 char  d --
 char  2 --
 char  d --
 char  1 --
 char  d --
 char  2 --
 char  d --
 char  1 --
 char  d --
 char  2 --
 char  d --
 char  1 --
 char  d --
 char  2 --
 char  d --
 char  1 --
 char  d --
 char  2 --
 char  d --
 char  1 --
 char  d --
 char  2 --
 char  d --
 char  1 --
 char  d --
 char  2 --
 char  d --
 char  1 --
 char  d --
 char  2 --
 char  d --
 char  1 --
 char  d --
 char  2 --
 char  d --
 char  1 --
 char  d --
 char  2 --
 char  d --
 char  1 --
 char  d --
 char  2 --
 char  d --
 char  1 --
 char  d --
 char  2 --
 char  d --
 char  1 --
 char  d --
 char  2 --
 char  d --
 char  1 --
 char  d --
 char  2 --
 char  d --
 char  1 --
 char  d --
 char  2 --
 char  d --
 char  1 --
 char  d --
 char  2 --
 char  d --
 char  1 --
 char  d --
 char  2 --
 char  d --
 char  1 --
 char  d --
 char  2 --
 char  d --
 char  1 --
 char  d --
 char  2 --
 char  d --
 char  1 --
 char  d --
 char  2 --
 char  d --
 char  1 --
 char  d --
 char  2 --
 char  d --
 char  1 --
 char  d --
 char  2 --
 char  d --
 char  1 --
 char  d --
 char  2 --
 char  d --
 char  1 --
 char  d --
 char  2 --
 char  d --
 char  1 --
 char  d --
 char  2 --
 char  d --
 char  1 --
 char  d --
 char  2 --
 char  d --
 char  1 --
 char  d --
 char  2 --
 char  d --
 char  1 --
 char  d --
 char  2 --
 char  d --
 char  1 --
 char  d --
 char  2 --
 char  d --
 char  1 --
 char  d --
 char  2 --
 char  d --
 char  1 --
 char  d --
 char  2 --
 char  d --
 char  1 --
 char  d --
 char  2 --
 char  d --
 char  1 --
 char  d --
 char  2 --
 char  d --
 char  1 --
 char  d --
 char  2 --
 char  d --
 char  1 --
 char  d --
 char  2 --
 char  d --
 char  1 --
 char  d --
 char  2 --
 char  d --
 char  1 --
 char  d --
 char  2 --
 char  d --
 char  1 --
 char  d --
 char  2 --
 char  d --
 char  1 --
 char  d --
 char  2 --
 char  d --
 char  1 --
 char  d --
 char  2 --
 char  d --
 char  1 --
 char  d --
 char  2 --
 char  d --
 char  1 --
 char  d --
 char  2 --
 char  d --
 char  1 --
 char  d --
 char  2 --
 char  d --
 char  1 --
 char  d --
 char  2 --
 char  d --
 char  1 --
 char  d --
 char  2 --
 char  d --
 char  1 --
 char  d --
 char  2 --
 char  d --
 char  1 --
 char  d --
 char  2 --
 char  d --
 char  1 --
 char  d --
 char  2 --
 char  d --
 char  1 --
 char  d --
 char  2 --
 char  d --
 char  1 --
 char  d --
 char  2 --
 char  d --
 char  1 --
 char  d --
 char  2 --
 char  d --
 char  1 --
 char  d --
 char  2 --
 char  d --
 char  1 --
 char  d --
 char  2 --
 char  d --
 char  1 --
 char  d --
 char  2 --
 char  d --
 char  1 --
 char  d --
 char  2 --
 char  d --
 char  1 --
 char  d --
 char  2 --
 char  d --
 char  1 --
 char  d --
 char  2 --
 char  d --
 char  1 --
 char  d --
 char  2 --
 char  d --
 char  1 --
 char  d --
 char  2 --
 char  d --
 char  1 --
 char  d --
 char  2 --
 char  d --
 char  1 --
 char  d --
 char  2 --
 char  d --
 char  1 --
 char  d --
 char  2 --
 char  d --
 char  1 --
 char  d --
 char  2 --
 char  d --
 char  1 --
 char  d --
 char  2 --
 char  d --
 char  1 --
 char  d --
 char  2 --
 char  d --
 char  1 --
 char  d --
 char  2 --
 char  d --
 char  1 --
 char  d --
 char  2 --
 char  d --
 char  1 --
 char  d --
 char  2 --
 char  d --
 char  1 --
 char  d --
 char  2 --
 char  d --
 char  1 --
 char  d --
 char  2 --
 char  d --
 char  1 --
 char  d --
 char  2 --
 char  d --
 char  1 --
 char  d --
 char  2 --
 char  d --
 char  1 --
 char  d --
 char  2 --
 char  d --
 char  1 --
 char  d --
 char  2 --
 char  d --
 char  1 --
 char  d --
 char  2 --
 char  d --
 char  1 --
 char  d --
 char  2 --
 char  d --
 char  1 --
 char  d --
 char  2 --
 char  d --
 char  1 --
 char  d --
 char  2 --
 char  d --
 char  1 --
 char  d --
 char  2 --
 char  d --
 char  1 --
 char  d --
 char  2 --
 char  d --
 char  1 --
 char  d --
 char  2 --
 char  d --
 char  1 --
 char  d --
 char  2 --
 char  d --
 char  1 --
 char  d --
 char  2 --
 char  d --
 char  1 --
 char  d --
 char  2 --
 char  d --
 char  1 --
 char  d --
 char  2 --
 char  d --
 char  1 --
 char  d --
 char  2 --
 char  d --
 char  1 --
 char  d --
 char  2 --
 char  d --
 char  1 --
 char  d --
 char  2 --
 char  d --
 char  1 --
 char  d --
 char  2 --
 char  d --
 char  1 --
 char  d --
 char  2 --
 char  d --
 char  1 --
 char  d --
 char  2 --
 char  d --
 char  1 --
 char  d --
 char  2 --
 char  d --
 char  1 --
 char  d --
 char  2 --
 char  d --
 char  1 --
 char  d --
 char  2 --
 char  d --
 char  1 --
 char  d --
 char  2 --
 char  d --
 char  1 --
 char  d --
 char  2 --
 char  d --
 char  1 --
 char  d --
 char  2 --
 char  d --
 char  1 --
 char  d --
 char  2 --
 char  d --
 char  1 --
 char  d --
 char  2 --
 char  d --
 char  1 --
 char  d --
 char  2 --
 char  d --
 char  1 --
 char  d --
 char  2 --
 char  d --
 char  1 --
 char  d --
 char  2 --
 char  d --
 char  1 --
 char  d --
 char  2 --
 char  d --
 char  1 --
 char  d --
 char  2 --
 char  d --
 char  1 --
 char  d --
 char  2 --
 char  d --
 char  1 --
 char  d --
 char  2 --
 char  d --
 char  1 --
 char  d --
 char  2 --
 char  d --
 char  1 --
 char  d --
 char  2 --
 char  d --
 char  1 --
 char  d --
 char  2 --
 char  d --
 char  1 --
 char  d --
 char  2 --
 char  d --
 char  1 --
 char  d --
 char  2 --
 char  d --
 char  1 --
 char  d --
 char  2 --
 char  d --
 char  1 --
 char  d --
 char  2 --
 char  d --
 char  1 --
 char  d --
 char  2 --
 char  d --
 char  1 --
 char  d --
 char  2 --
 char  d --
 char  1 --
 char  d --
 char  2 --
 char  d --
 char  1 --
 char  d --
 char  2 --
 char  d --
 char  1 --
 char  d --
 char  2 --
 char  d --
 char  1 --
 char  d --
 char  2 --
 char  d --
 char  1 --
 char  d --
 char  2 --
 char  d --
 char  1 --
 char  d --
 char  2 --
 char  d --
 char  1 --
 char  d --
 char  2 --
 char  d --
 char  1 --
 char  d --
 char  2 --
 char  d --
 char  1 --
 char  d --
 char  2 --
 char  d --
 char  1 --
 char  d --
 char  2 --
 char  d --
 char  1 --
 char  d --
 char  2 --
 char  d --
 char  1 --
 char  d --
 char  2 --
 char  d --
 char  1 --
 char  d --
 char  2 --
 char  d --
 char  1 --
 char  d --
 char  2 --
 char  d --
 char  1 --
 char  d --
 char  2 --
 char  d --
 char  1 --
 char  d --
 char  2 --
 char  d --
 char  1 --
 char  d --
 char  2 --
 char  d --
 char  1 --
 char  d --
 char  2 --
 char  d --
 char  1 --
 char  d --
 char  2 --
 char  d --
 char  1 --
 char  d --
 char  2 --
 char  d --
 char  1 --
 char  d --
 char  2 --
 char  d --
 char  1 --
 char  d --
 char  2 --
 char  d --
 char  1 --
 char  d --
 char  2 --
 char  d --
 char  1 --
 char  d --
 char  2 --
 char  d --
 char  1 --
 char  d --
 char  2 --
 char  d --
 char  1 --
 char  d --
 char  2 --
 char  d --
 char  1 --
 char  d --
 char  2 --
 char  d --
 char  1 --
 char  d --
 char  2 --
 char  d --
 char  1 --
 char  d --
 char  2 --
 char  d --
 char  1 --
 char  d --
 char  2 --
 char  d --
 char  1 --
 char  d --
 char  2 --
 char  d --
 char  1 --
 char  d --
 char  2 --
 char  d --
 char  1 --
 char  d --
 char  2 --
 char  d --
 char  1 --
 char  d --
 char  2 --
 char  d --
 char  1 --
 char  d --
 char  2 --
 char  d --
 char  1 --
 char  d --
 char  2 --
 char  d --
 char  1 --
 char  d --
 char  2 --
 char  d --
 char  1 --
 char  d --
 char  2 --
 char  d --
 char  1 --
 char  d --
 char  2 --
 char  d --
 char  1 --
 char  d --
 char  2 --
 char  d --
 char  1 --
 char  d --
 char  2 --
 char  d --
 char  1 --
 char  d --
 char  2 --
 char  d --
 char  1 --
 char  d --
 char  2 --
 char  d --
 char  1 --
 char  d --
 char  2 --
 char  d --
 char  1 --
 char  d --
 char  2 --
 char  d --
 char  1 --
 char  d --
 char  2 --
 char  d --
 char  1 --
 char  d --
 char  2 --
 char  d --
 char  1 --
 char  d --
 char  2 --
 char  d --
 char  1 --
 char  d --
 char  2 --
 char  d --
 char  1 --
 char  d --
 char  2 --
 char  d --
 char  1 --
 char  d --
 char  2 --
 char  d --
 char  1 --
 char  d --
 char  2 --
 char  d --
 char  1 --
 char  d --
 char  2 --
 char  d --
 char  1 --
 char  d --
 char  2 --
 char  d --
 char  1 --
 char  d --
 char  2 --
 char  d --
 char  1 --
 char  d --
 char  2 --
 char  d --
 char  1 --
 char  d --
 char  2 --
 char  d --
 char  1 --
 char  d --
 char  2 --
 char  d --
 char  1 --
 char  d --
 char  2 --
 char  d --
 char  1 --
 char  d --
 char  2 --
 char  d --
 char  1 --
 char  d --
 char  2 --
 char  d --
 char  1 --
 char  d --
 char  2 --
 char  d --
 char  1 --
 char  d --
 char  2 --
 char  d --
 char  1 --
 char  d --
 char  2 --
 char  d --
 char  1 --
 char  d --
 char  2 --
 char  d --
 char  1 --
 char  d --
 char  2 --
 char  d --
 char  1 --
 char  d --
 char  2 --
 char  d --
 char  1 --
 char  d --
 char  2 --
 char  d --
 char  1 --
 char  d --
 char  2 --
 char  d --
 char  1 --
 char  d --
 char  2 --
 char  d --
 char  1 --
 char  d --
 char  2 --
 char  d --
 char  1 --
 char  d --
 char  2 --
 char  d --
 char  1 --
 char  d --
 char  2 --
 char  d --
 char  1 --
 char  d --
 char  2 --
 char  d --
 char  1 --
 char  d --
 char  2 --
 char  d --
 char  1 --
 char  d --
 char  2 --
 char  d --
 char  1 --
 char  d --
 char  2 --
 char  d --
 char  1 --
 char  d --
 char  2 --
 char  d --
 char  1 --
 char  d --
 char  2 --
 char  d --
 char  1 --
 char  d --
 char  2 --
 char  d --
 char  1 --
 char  d --
 char  2 --
 char  d --
 char  1 --
 char  d --
 char  2 --
 char  d --
 char  1 --
 char  d --
 char  2 --
 char  d --
 char  1 --
 char  d --
 char  2 --
 char  d --
 char  1 --
 char  d --
 char  2 --
 char  d --
 char  1 --
 char  d --
 char  2 --
 char  d --
 char  1 --
 char  d --
 char  2 --
 char  d --
 char  1 --
 char  d --
 char  2 --
 char  d --
 char  1 --
 char  d --
 char  2 --
 char  d --
 char  1 --
 char  d --
 char  2 --
 char  d --
 char  1 --
 char  d --
 char  2 --
 char  d --
 char  1 --
 char  d --
 char  2 --
 char  d --
 char  1 --
 char  d --
 char  2 --
 char  d --
 char  1 --
 char  d --
 char  2 --
 char  d --
 char  1 --
 char  d --
 char  2 --
 char  d --
 char  1 --
 char  d --
 char  2 --
 char  d --
 char  1 --
 char  d --
 char  2 --
 char  d --
 char  1 --
 char  d --
 char  2 --
 char  d --
 char  1 --
 char  d --
 char  2 --
 char  d --
 char  1 --
 char  d --
 char  2 --
 char  d --
 char  1 --
 char  d --
 char  2 --
 char  d --
 char  1 --
 char  d --
 char  2 --
 char  d --
 char  1 --
 char  d --
 char  2 --
 char  d --
 char  1 --
 char  d --
 char  2 --
 char  d --
 char  1 --
 char  d --
 char  2 --
 char  d --
 char  1 --
 char  d --
 char  2 --
 char  d --
 char  1 --
 char  d --
 char  2 --
 char  d --
 char  1 --
 char  d --
 char  2 --
 char  d --
 char  1 --
 char  d --
 char  2 --
 char  d --
 char  1 --
 char  d --
 char  2 --
 char  d --
 char  1 --
 char  d --
 char  2 --
 char  d --
 char  1 --
 char  d --
 char  2 --
 char  d --
 char  1 --
 char  d --
 char  2 --
 char  d --
 char  1 --
 char  d --
 char  2 --
 char  d --
 char  1 --
 char  d --
 char  2 --
 char  d --
 char  1 --
 char  d --
 char  2 --
 char  d --
 char  1 --
 char  d --
 char  2 --
 char  d --
 char  1 --
 char  d --
 char  2 --
 char  d --
 char  1 --
 char  d --
 char  2 --
 char  d --
 char  1 --
 char  d --
 char  2 --
 char  d --
 char  1 --
 char  d --
 char  2 --
 char  d --
 char  1 --
 char  d --
 char  2 --
 char  d --
 char  1 --
 char  d --
 char  2 --
 char  d --
 char  1 --
 char  d --
 char  2 --
 char  d --
 char  1 --
 char  d --
 char  2 --
 char  d --
 char  1 --
 char  d --
 char  2 --
 char  d --
 char  1 --
 char  d --
 char  2 --
 char  d --
 char  1 --
 char  d --
 char  2 --
 char  d --
 char  1 --
 char  d --
 char  2 --
 char  d --
 char  1 --
 char  d --
 char  2 --
 char  d --
 char  1 --
 char  d --
 char  2 --
 char  d --
 char  1 --
 char  d --
 char  2 --
 char  d --
 char  1 --
 char  d --
 char  2 --
 char  d --
 char  1 --
 char  d --
 char  2 --
 char  d --
 char  1 --
 char  d --
 char  2 --
 char  d --
 char  1 --
 char  d --
 char  2 --
 char  d --
 char  1 --
 char  d --
 char  2 --
 char  d --
 char  1 --
 char  d --
 char  2 --
 char  d --
 char  1 --
 char  d --
 char  2 --
 char  d --
 char  1 --
 char  d --
 char  2 --
 char  d --
 char  1 --
 char  d --
 char  2 --
 char  d --
 char  1 --
 char  d --
 char  2 --
 char  d --
 char  1 --
 char  d --
 char  2 --
 char  d --
 char  1 --
 char  d --
 char  2 --
 char  d --
 char  1 --
 char  d --
 char  2 --
 char  d --
 char  1 --
 char  d --
 char  2 --
 char  d --
 char  1 --
 char  d --
 char  2 --
 char  d --
 char  1 --
 char  d --
 char  2 --
 char  d --
 char  1 --
 char  d --
 char  2 --
 char  d --
 char  1 --
 char  d --
 char  2 --
 char  d --
 char  1 --
 char  d --
 char  2 --
 char  d --
 char  1 --
 char  d --
 char  2 --
 char  d --
 char  1 --
 char  d --
 char  2 --
 char  d --
 char  1 --
 char  d --
 char  2 --
 char  d --
 char  1 --
 char  d --
 char  2 --
 char  d --
 char  1 --
 char  d --
 char  2 --
 char  d --
 char  1 --
 char  d --
 char  2 --
 char  d --
 char  1 --
 char  d --
 char  2 --
 char  d --
 char  1 --
 char  d --
 char  2 --
 char  d --
 char  1 --
 char  d --
 char  2 --
 char  d --
 char  1 --
 char  d --
 char  2 --
 char  d --
 char  1 --
 char  d --
 char  2 --
 char  d --
 char  1 --
 char  d --
 char  2 --
 char  d --
 char  1 --
 char  d --
 char  2 --
 char  d --
 char  1 --
 char  d --
 char  2 --
 char  d --
 char  1 --
 char  d --
 char  2 --
 char  d --
 char  1 --
 char  d --
 char  2 --
 char  d --
 char  1 --
 char  d --
 char  2 --
 char  d --
 char  1 --
 char  d --
 char  2 --
 char  d --
 char  1 --
 char  d --
 char  2 --
 char  d --
 char  1 --
 char  d --
 char  2 --
 char  d --
 char  1 --
 char  d --
 char  2 --
 char  d --
 char  1 --
 char  d --
 char  2 --
 char  d --
 char  1 --
 char  d --
 char  2 --
 char  d --
 char  1 --
 char  d --
 char  2 --
 char  d --
 char  1 --
 char  d --
 char  2 --
 char  d --
 char  1 --
 char  d --
 char  2 --
 char  d --
 char  1 --
 char  d --
 char  2 --
 char  d --
 char  1 --
 char  d --
 char  2 --
 char  d --
 char  1 --
 char  d --
 char  2 --
 char  d --
 char  1 --
 char  d --
 char  2 --
 char  d --
 char  1 --
 char  d --
 char  2 --
 char  d --
 char  1 --
 char  d --
 char  2 --
 char  d --
 char  1 --
 char  d --
 char  2 --
 char  d --
 char  1 --
 char  d --
 char  2 --
 char  d --
 char  1 --
 char  d --
 char  2 --
 char  d --
 char  1 --
 char  d --
 char  2 --
 char  d --
 char  1 --
 char  d --
 char  2 --
 char  d --
 char  1 --
 char  d --
 char  2 --
 char  d --
 char  1 --
 char  d --
 char  2 --
 char  d --
 char  1 --
 char  d --
 char  2 --
 char  d --
 char  1 --
 char  d --
 char  2 --
 char  d --
 char  1 --
 char  d --
 char  2 --
 char  d --
 char  1 --
 char  d --
 char  2 --
 char  d --
 char  1 --
 char  d --
 char  2 --
 char  d --
 char  1 --
 char  d --
 char  2 --
 char  d --
 char  1 --
 char  d --
 char  2 --
 char  d --
 char  1 --
 char  d --
 char  2 --
 char  d --
 char  1 --
 char  d --
 char  2 --
 char  d --
 char  1 --
 char  d --
 char  2 --
 char  d --
 char  1 --
 char  d --
 char  2 --
 char  d --
 char  1 --
 char  d --
 char  2 --
 char  d --
 char  1 --
 char  d --
 char  2 --
 char  d --
 char  1 --
 char  d --
 char  2 --
 char  d --
 char  1 --
 char  d --
 char  2 --
 char  d --
 char  1 --
 char  d --
 char  2 --
 char  d --
 char  1 --
 char  d --
 char  2 --
 char  d --
 char  1 --
 char  d --
 char  2 --
 char  d --
 char  1 --
 char  d --
 char  2 --
 char  d --
 char  1 --
 char  d --
 char  2 --
 char  d --
 char  1 --
 char  d --
 char  2 --
 char  d --
 char  1 --
 char  d --
 char  2 --
 char  d --
 char  1 --
 char  d --
 char  2 --
 char  d --
 char  1 --
 char  d --
 char  2 --
 char  d --
 char  1 --
 char  d --
 char  2 --
 char  d --
 char  1 --
 char  d --
 char  2 --
 char  d --
 char  1 --
 char  d --
 char  2 --
 char  d --
 char  1 --
 char  d --
 char  2 --
 char  d --
 char  1 --
 char  d --
 char  2 --
 char  d --
 char  1 --
 char  d --
 char  2 --
 char  d --
 char  1 --
 char  d --
 char  2 --
 char  d --
 char  1 --
 char  d --
 char  2 --
 char  d --
 char  1 --
 char  d --
 char  2 --
 char  d --
 char  1 --
 char  d --
 char  2 --
 char  d --
 char  1 --
 char  d --
 char  2 --
 char  d --
 char  1 --
 char  d --
 char  2 --
 char  d --
 char  1 --
 char  d --
 char  2 --
 char  d --
 char  1 --
 char  d --
 char  2 --
 char  d --
 char  1 --
 char  d --
 char  2 --
 char  d --
 char  1 --
 char  d --
 char  2 --
 char  d --
 char  1 --
 char  d --
 char  2 --
 char  d --
 char  1 --
 char  d --
 char  2 --
 char  d --
 char  1 --
 char  d --
 char  2 --
 char  d --
 char  1 --
 char  d --
 char  2 --
 char  d --
 char  1 --
 char  d --
 char  2 --
 char  d --
 char  1 --
 char  d --
 char  2 --
 char  d --
 char  1 --
 char  d --
 char  2 --
 char  d --
 char  1 --
 char  d --
 char  2 --
 char  d --
 char  1 --
 char  d --
 char  2 --
 char  d --
 char  1 --
 char  d --
 char  2 --
 char  d --
 char  1 --
 char  d --
 char  2 --
 char  d --
 char  1 --
 char  d --
 char  2 --
 char  d --
 char  1 --
 char  d --
 char  2 --
 char  d --
 char  1 --
 char  d --
 char  2 --
 char  d --
 char  1 --
 char  d --
 char  2 --
 char  d --
 char  1 --
 char  d --
 char  2 --
 char  d --
 char  1 --
 char  d --
 char  2 --
 char  d --
 char  1 --
 char  d --
 char  2 --
 char  d --
 char  1 --
 char  d --
 char  2 --
 char  d --
 char  1 --
 char  d --
 char  2 --
 char  d --
 char  1 --
 char  d --
 char  2 --
 char  d --
 char  1 --
 char  d --
 char  2 --
 char  d --
 char  1 --
 char  d --
 char  2 --
 char  d --
 char  1 --
 char  d --
 char  2 --
 char  d --
 char  1 --
 char  d --
 char  2 --
 char  d --
 char  1 --
 char  d --
 char  2 --
 char  d --
 char  1 --
 char  d --
 char  2 --
 char  d --
 char  1 --
 char  d --
 char  2 --
 char  d --
 char  1 --
 char  d --
 char  2 --
 char  d --
 char  1 --
 char  d --
 char  2 --
 char  d --
 char  1 --
 char  d --
 char  2 --
 char  d --
 char  1 --
 char  d --
 char  2 --
 char  d --
 char  1 --
 char  d --
 char  2 --
 char  d --
 char  1 --
 char  d --
 char  2 --
 char  d --
 char  1 --
 char  d --
 char  2 --
 char  d --
 char  1 --
 char  d --
 char  2 --
 char  d --
 char  1 --
 char  d --
 char  2 --
 char  d --
 char  1 --
 char  d --
 char  2 --
 char  d --
 char  1 --
 char  d --
 char  2 --
 char  d --
 char  1 --
 char  d --
 char  2 --
 char  d --
 char  1 --
 char  d --
 char  2 --
 char  d --
 char  1 --
 char  d --
 char  2 --
 char  d --
 char  1 --
 char  d --
 char  2 --
 char  d --
 char  1 --
 char  d --
 char  2 --
 char  d --
 char  1 --
 char  d --
 char  2 --
 char  d --
 char  1 --
 char  d --
 char  2 --
 char  d --
 char  1 --
 char  d --
 char  2 --
 char  d --
 char  1 --
 char  d --
 char  2 --
 char  d --
 char  1 --
 char  d --
 char  2 --
 char  d --
 char  1 --
 char  d --
 char  2 --
 char  d --
 char  1 --
 char  d --
 char  2 --
 char  d --
 char  1 --
 char  d --
 char  2 --
 char  d --
 char  1 --
 char  d --
 char  2 --
 char  d --
 char  1 --
 char  d --
 char  2 --
 char  d --
 char  1 --
 char  d --
 char  2 --
 char  d --
 char  1 --
 char  d --
 char  2 --
 char  d --
 char  1 --
 char  d --
 char  2 --
 char  d --
 char  1 --
 char  d --
 char  2 --
 char  d --
 char  1 --
 char  d --
 char  2 --
 char  d --
 char  1 --
 char  d --
 char  2 --
 char  d --
 char  1 --
 char  d --
 char  2 --
 char  d --
 char  1 --
 char  d --
 char  2 --
 char  d --
 char  1 --
 char  d --
 char  2 --
 char  d --
 char  1 --
 char  d --
 char  2 --
 char  d --
 char  1 --
 char  d --
 char  2 --
 char  d --
 char  1 --
 char  d --
 char  2 --
 char  d --
 char  1 --
 char  d --
 char  2 --
 char  d --
 char  1 --
 char  d --
 char  2 --
 char  d --
 char  1 --
 char  d --
 char  2 --
 char  d --
 char  1 --
 char  d --
 char  2 --
 char  d --
 char  1 --
 char  d --
 char  2 --
 char  d --
 char  1 --
 char  d --
 char  2 --
 char  d --
 char  1 --
 char  d --
 char  2 --
 char  d --
 char  1 --
 char  d --
 char  2 --
 char  d --
 char  1 --
 char  d --
 char  2 --
 char  d --
 char  1 --
 char  d --
 char  2 --
 char  d --
 char  1 --
 char  d --
 char  2 --
 char  d --
 char  1 --
 char  d --
 char  2 --
 char  d --
 char  1 --
 char  d --
 char  2 --
 char  d --
 char  1 --
 char  d --
 char  2 --
 char  d --
 char  1 --
 char  d --
 char  2 --
 char  d --
 char  1 --
 char  d --
 char  2 --
 char  d --
 char  1 --
 char  d --
 char  2 --
 char  d --
 char  1 --
 char  d --
 char  2 --
 char  d --
 char  1 --
 char  d --
 char  2 --
 char  d --
 char  1 --
 char  d --
 char  2 --
 char  d --
 char  1 --
 char  d --
 char  2 --
 char  d --
 char  1 --
 char  d --
 char  2 --
 char  d --
 char  1 --
 char  d --
 char  2 --
 char  d --
 char  1 --
 char  d --
 char  2 --
 char  d --
 char  1 --
 char  d --
 char  2 --
 char  d --
 char  1 --
 char  d --
 char  2 --
 char  d --
 char  1 --
 char  d --
 char  2 --
 char  d --
 char  1 --
 char  d --
 char  2 --
 char  d --
 char  1 --
 char  d --
 char  2 --
 char  d --
 char  1 --
 char  d --
 char  2 --
 char  d --
 char  1 --
 char  d --
 char  2 --
 char  d --
 char  1 --
 char  d --
 char  2 --
 char  d --
 char  1 --
 char  d --
 char  2 --
 char  d --
 char  1 --
 char  d --
 char  2 --
 char  d --
 char  1 --
 char  d --
 char  2 --
 char  d --
 char  1 --
 char  d --
 char  2 --
 char  d --
 char  1 --
 char  d --
 char  2 --
 char  d --
 char  1 --
 char  d --
 char  2 --
 char  d --
 char  1 --
 char  d --
 char  2 --
 char  d --
 char  1 --
 char  d --
 char  2 --
 char  d --
 char  1 --
 char  d --
 char  2 --
 char  d --
 char  1 --
 char  d --
 char  2 --
 char  d --
 char  1 --
 char  d --
 char  2 --
 char  d --
 char  1 --
 char  d --
 char  2 --
 char  d --
 char  1 --
 char  d --
 char  2 --
 char  d --
 char  1 --
 char  d --
 char  2 --
 char  d --
 char  1 --
 char  d --
 char  2 --
 char  d --
 char  1 --
 char  d --
 char  2 --
 char  d --
 char  1 --
 char  d --
 char  2 --
 char  d --
 char  1 --
 char  d --
 char  2 --
 char  d --
 char  1 --
 char  d --
 char  2 --
 char  d --
 char  1 --
 char  d --
 char  2 --
 char  d --
 char  1 --
 char  d --
 char  2 --
 char  d --
 char  1 --
 char  d --
 char  2 --
 char  d --
 char  1 --
 char  d --
 char  2 --
 char  d --
 char  1 --
 char  d --
 char  2 --
 char  d --
 char  1 --
 char  d --
 char  2 --
 char  d --
 char  1 --
 char  d --
 char  2 --
 char  d --
 char  1 --
 char  d --
 char  2 --
 char  d --
 char  1 --
 char  d --
 char  2 --
 char  d --
 char  1 --
 char  d --
 char  2 --
 char  d --
 char  1 --
 char  d --
 char  2 --
 char  d --
 char  1 --
 char  d --
 char  2 --
 char  d --
 char  1 --
 char  d --
 char  2 --
 char  d --
 char  1 --
 char  d --
 char  2 --
 char  d --
 char  1 --
 char  d --
 char  2 --
 char  d --
 char  1 --
 char  d --
 char  2 --
 char  d --
 char  1 --
 char  d --
 char  2 --
 char  d --
 char  1 --
 char  d --
 char  2 --
 char  d --
 char  1 --
 char  d --
 char  2 --
 char  d --
 char  1 --
 char  d --
 char  2 --
 char  d --
 char  1 --
 char  d --
 char  2 --
 char  d --
 char  1 --
 char  d --
 char  2 --
 char  d --
 char  1 --
 char  d --
 char  2 --
 char  d --
 char  1 --
 char  d --
 char  2 --
 char  d --
 char  1 --
 char  d --
 char  2 --
 char  d --
 char  1 --
 char  d --
 char  2 --
 char  d --
 char  1 --
 char  d --
 char  2 --
 char  d --
 char  1 --
 char  d --
 char  2 --
 char  d --
 char  1 --
 char  d --
 char  2 --
 char  d --
 char  1 --
 char  d --
 char  2 --
 char  d --
 char  1 --
 char  d --
 char  2 --
 char  d --
 char  1 --
 char  d --
 char  2 --
 char  d --
 char  1 --
 char  d --
 char  2 --
 char  d --
 char  1 --
 char  d --
 char  2 --
 char  d --
 char  1 --
 char  d --
 char  2 --
 char  d --
 char  1 --
 char  d --
 char  2 --
 char  d --
 char  1 --
 char  d --
 char  2 --
 char  d --
 char  1 --
 char  d --
 char  2 --
 char  d --
 char  1 --
 char  d --
 char  2 --
 char  d --
 char  1 --
 char  d --
 char  2 --
 char  d --
 char  1 --
 char  d --
 char  2 --
 char  d --
 char  1 --
 char  d --
 char  2 --
 char  d --
 char  1 --
 char  d --
 char  2 --
 char  d --
 char  1 --
 char  d --
 char  2 --
 char  d --
 char  1 --
 char  d --
 char  2 --
 char  d --
 char  1 --
 char  d --
 char  2 --
 char  d --
 char  1 --
 char  d --
 char  2 --
 char  d --
 char  1 --
 char  d --
 char  2 --
 char  d --
 char  1 --
 char  d --
 char  2 --
 char  d --
 char  1 --
 char  d --
 char  2 --
 char  d --
 char  1 --
 char  d --
 char  2 --
 char  d --
 char  1 --
 char  d --
 char  2 --
 char  d --
 char  1 --
 char  d --
 char  2 --
 char  d --
 char  1 --
 char  d --
 char  2 --
 char  d --
 char  1 --
 char  d --
 char  2 --
 char  d --
 char  1 --
 char  d --
 char  2 --
 char  d --
 char  1 --
 char  d --
 char  2 --
 char  d --
 char  1 --
 char  d --
 char  2 --
 char  d --
 char  1 --
 char  d --
 char  2 --
 char  d --
 char  1 --
 char  d --
 char  2 --
 char  d --
 char  1 --
 char  d --
 char  2 --
 char  d --
 char  1 --
 char  d --
 char  2 --
 char  d --
 char  1 --
 char  d --
 char  2 --
 char  d --
 char  1 --
 char  d --
 char  2 --
 char  d --
 char  1 --
 char  d --
 char  2 --
 char  d --
 char  1 --
 char  d --
 char  2 --
 char  d --
 char  1 --
 char  d --
 char  2 --
 char  d --
 char  1 --
 char  d --
 char  2 --
 char  d --
 char  1 --
 char  d --
 char  2 --
 char  d --
 char  1 --
 char  d --
 char  2 --
 char  d --
 char  1 --
 char  d --
 char  2 --
 char  d --
 char  1 --
 char  d --
 char  2 --
 char  d --
 char  1 --
 char  d --
 char  2 --
 char  d --
 char  1 --
 char  d --
 char  2 --
 char  d --
 char  1 --
 char  d --
 char  2 --
 char  d --
 char  1 --
 char  d --
 char  2 --
 char  d --
 char  1 --
 char  d --
 char  2 --
 char  d --
 char  1 --
 char  d --
 char  2 --
 char  d --
 char  1 --
 char  d --
 char  2 --
 char  d --
 char  1 --
 char  d --
 char  2 --
 char  d --
 char  1 --
 char  d --
 char  2 --
 char  d --
 char  1 --
 char  d --
 char  2 --
 char  d --
 char  1 --
 char  d --
 char  2 --
 char  d --
 char  1 --
 char  d --
 char  2 --
 char  d --
 char  1 --
 char  d --
 char  2 --
 char  d --
 char  1 --
 char  d --
 char  2 --
 char  d --
 char  1 --
 char  d --
 char  2 --
 char  d --
 char  1 --
 char  d --
 char  2 --
 char  d --
 char  1 --
 char  d --
 char  2 --
 char  d --
 char  1 --
 char  d --
 char  2 --
 char  d --
 char  1 --
 char  d --
 char  2 --
 char  d --
 char  1 --
 char  d --
 char  2 --
 char  d --
 char  1 --
 char  d --
 char  2 --
 char  d --
 char  1 --
 char  d --
 char  2 --
 char  d --
 char  1 --
 char  d --
 char  2 --
 char  d --
 char  1 --
 char  d --
 char  2 --
 char  d --
 char  1 --
 char  d --
 char  2 --
 char  d --
 char  1 --
 char  d --
 char  2 --
 char  d --
 char  1 --
 char  d --
 char  2 --
 char  d --
 char  1 --
 char  d --
 char  2 --
 char  d --
 char  1 --
 char  d --
 char  2 --
 char  d --
 char  1 --
 char  d --
 char  2 --
 char  d --
 char  1 --
 char  d --
 char  2 --
 char  d --
 char  1 --
 char  d --
 char  2 --
 char  d --
 char  1 --
 char  d --
 char  2 --
 char  d --
 char  1 --
 char  d --
 char  2 --
 char  d --
 char  1 --
 char  d --
 char  2 --
 char  d --
 char  1 --
 char  d --
 char  2 --
 char  d --
 char  1 --
 char  d --
 char  2 --
 char  d --
 char  1 --
 char  d --
 char  2 --
 char  d --
 char  1 --
 char  d --
 char  2 --
 char  d --
 char  1 --
 char  d --
 char  2 --
 char  d --
 char  1 --
 char  d --
 char  2 --
 char  d --
 char  1 --
 char  d --
 char  2 --
 char  d --
 char  1 --
 char  d --
 char  2 --
 char  d --
 char  1 --
 char  d --
 char  2 --
 char  d --
 char  1 --
 char  d --
 char  2 --
 char  d --
 char  1 --
 char  d --
 char  2 --
 char  d --
 char  1 --
 char  d --
 char  2 --
 char  d --
 char  1 --
 char  d --
 char  2 --
 char  d --
 char  1 --
 char  d --
 char  2 --
 char  d --
 char  1 --
 char  d --
 char  2 --
 char  d --
 char  1 --
 char  d --
 char  2 --
 char  d --
 char  1 --
 char  d --
 char  2 --
 char  d --
 char  1 --
 char  d --
 char  2 --
 char  d --
 char  1 --
 char  d --
 char  2 --
 char  d --
 char  1 --
 char  d --
 char  2 --
 char  d --
 char  1 --
 char  d --
 char  2 --
 char  d --
 char  1 --
 char  d --
 char  2 --
 char  d --
 char  1 --
 char  d --
 char  2 --
 char  d --
 char  1 --
 char  d --
 char  2 --
 char  d --
 char  1 --
 char  d --
 char  2 --
 char  d --
 char  1 --
 char  d --
 char  2 --
 char  d --
 char  1 --
 char  d --
 char  2 --
 char  d --
 char  1 --
 char  d --
 char  2 --
 char  d --
 char  1 --
 char  d --
 char  2 --
 char  d --
 char  1 --
 char  d --
 char  2 --
 char  d --
 char  1 --
 char  d --
 char  2 --
 char  d --
 char  1 --
 char  d --
 char  2 --
 char  d --
 char  1 --
 char  d --
 char  2 --
 char  d --
 char  1 --
 char  d --
 char  2 --
 char  d --
 char  1 --
 char  d --
 char  2 --
 char  d --
 char  1 --
 char  d --
 char  2 --
 char  d --
 char  1 --
 char  d --
 char  2 --
 char  d --
 char  1 --
 char  d --
 char  2 --
 char  d --
 char  1 --
 char  d --
 char  2 --
 char  d --
 char  1 --
 char  d --
 char  2 --
 char  d --
 char  1 --
 char  d --
 char  2 --
 char  d --
 char  1 --
 char  d --
 char  2 --
 char  d --
 char  1 --
 char  d --
 char  2 --
 char  d --
 char  1 --
 char  d --
 char  2 --
 char  d --
 char  1 --
 char  d --
 char  2 --
 char  d --
 char  1 --
 char  d --
 char  2 --
 char  d --
 char  1 --
 char  d --
 char  2 --
 char  d --
 char  1 --
 char  d --
 char  2 --
 char  d --
 char  1 --
 char  d --
 char  2 --
 char  d --
 char  1 --
 char  d --
 char  2 --
 char  d --
 char  1 --
 char  d --
 char  2 --
 char  d --
 char  1 --
 char  d --
 char  2 --
 char  d --
 char  1 --
 char  d --
 char  2 --
 char  d --
 char  1 --
 char  d --
 char  2 --
 char  d --
 char  1 --
 char  d --
 char  2 --
 char  d --
 char  1 --
 char  d --
 char  2 --
 char  d --
 char  1 --
 char  d --
 char  2 --
 char  d --
 char  1 --
 char  d --
 char  2 --
 char  d --
 char  1 --
 char  d --
 char  2 --
 char  d --
 char  1 --
 char  d --
 char  2 --
 char  d --
 char  1 --
 char  d --
 char  2 --
 char  d --
 char  1 --
 char  d --
 char  2 --
 char  d --
 char  1 --
 char  d --
 char  2 --
 char  d --
 char  1 --
 char  d --
 char  2 --
 char  d --
 char  1 --
 char  d --
 char  2 --
 char  d --
 char  1 --
 char  d --
 char  2 --
 char  d --
 char  1 --
 char  d --
 char  2 --
 char  d --
 char  1 --
 char  d --
 char  2 --
 char  d --
 char  1 --
 char  d --
 char  2 --
 char  d --
 char  1 --
 char  d --
 char  2 --
 char  d --
 char  1 --
 char  d --
 char  2 --
 char  d --
 char  1 --
 char  d --
 char  2 --
 char  d --
 char  1 --
 char  d --
 char  2 --
 char  d --
 char  1 --
 char  d --
 char  2 --
 char  d --
 char  1 --
 char  d --
 char  2 --
 char  d --
 char  1 --
 char  d --
 char  2 --
 char  d --
 char  1 --
 char  d --
 char  2 --
 char  d --
 char  1 --
 char  d --
 char  2 --
 char  d --
 char  1 --
 char  d --
 char  2 --
 char  d --
 char  1 --
 char  d --
 char  2 --
 char  d --
 char  1 --
 char  d --
 char  2 --
 char  d --
 char  1 --
 char  d --
 char  2 --
 char  d --
 char  1 --
 char  d --
 char  2 --
 char  d --
 char  1 --
 char  d --
 char  2 --
 char  d --
 char  1 --
 char  d --
 char  2 --
 char  d --
 char  1 --
 char  d --
 char  2 --
 char  d --
 char  1 --
 char  d --
 char  2 --
 char  d --
 char  1 --
 char  d --
 char  2 --
 char  d --
 char  1 --
 char  d --
 char  2 --
 char  d --
 char  1 --
 char  d --
 char  2 --
 char  d --
 char  1 --
 char  d --
 char  2 --
 char  d --
 char  1 --
 char  d --
 char  2 --
 char  d --
 char  1 --
 char  d --
 char  2 --
 char  d --
 char  1 --
 char  d --
 char  2 --
 char  d --
 char  1 --
 char  d --
 char  2 --
 char  d --
 char  1 --
 char  d --
 char  2 --
 char  d --
 char  1 --
 char  d --
 char  2 --
 char  d --
 char  1 --
 char  d --
 char  2 --
 char  d --
 char  1 --
 char  d --
 char  2 --
 char  d --
 char  1 --
 char  d --
 char  2 --
 char  d --
 char  1 --
 char  d --
 char  2 --
 char  d --
 char  1 --
 char  d --
 char  2 --
 char  d --
 char  1 --
 char  d --
 char  2 --
 char  d --
 char  1 --
 char  d --
 char  2 --
 char  d --
 char  1 --
 char  d --
 char  2 --
 char  d --
 char  1 --
 char  d --
 char  2 --
 char  d --
 char  1 --
 char  d --
 char  2 --
 char  d --
 char  1 --
 char  d --
 char  2 --
 char  d --
 char  1 --
 char  d --
 char  2 --
 char  d --
 char  1 --
 char  d --
 char  2 --
 char  d --
 char  1 --
 char  d --
 char  2 --
 char  d --
 char  1 --
 char  d --
 char  2 --
 char  d --
 char  1 --
 char  d --
 char  2 --
 char  d --
 char  1 --
 char  d --
 char  2 --
 char  d --
 char  1 --
 char  d --
 char  2 --
 char  d --
 char  1 --
 char  d --
 char  2 --
 char  d --
 char  1 --
 char  d --
 char  2 --
 char  d --
 char  1 --
 char  d --
 char  2 --
 char  d --
 char  1 --
 char  d --
 char  2 --
 char  d --
 char  1 --
 char  d --
 char  2 --
 char  d --
 char  1 --
 char  d --
 char  2 --
 char  d --
 char  1 --
 char  d --
 char  2 --
 char  d --
 char  1 --
 char  d --
 char  2 --
 char  d --
 char  1 --
 char  d --
 char  2 --
 char  d --
 char  1 --
 char  d --
 char  2 --
 char  d --
 char  1 --
 char  d --
 char  2 --
 char  d --
 char  1 --
 char  d --
 char  2 --
 char  d --
 char  1 --
 char  d --
 char  2 --
 char  d --
 char  1 --
 char  d --
 char  2 --
 char  d --
 char  1 --
 char  d --
 char  2 --
 char  d --
 char  1 --
 char  d --
 char  2 --
 char  d --
 char  1 --
 char  d --
 char  2 --
 char  d --
 char  1 --
 char  d --
 char  2 --
 char  d --
 char  1 --
 char  d --
 char  2 --
 char  d --
 char  1 --
 char  d --
 char  2 --
 char  d --
 char  1 --
 char  d --
 char  2 --
 char  d --
 char  1 --
 char  d --
 char  2 --
 char  d --
 char  1 --
 char  d --
 char  2 --
 char  d --
 char  1 --
 char  d --
 char  2 --
 char  d --
 char  1 --
 char  d --
 char  2 --
 char  d --
 char  1 --
 char  d --
 char  2 --
 char  d --
 char  1 --
 char  d --
 char  2 --
 char  d --
 char  1 --
 char  d --
 char  2 --
 char  d --
 char  1 --
 char  d --
 char  2 --
 char  d --
 char  1 --
 char  d --
 char  2 --
 char  d --
 char  1 --
 char  d --
 char  2 --
 char  d --
 char  1 --
 char  d --
 char  2 --
 char  d --
 char  1 --
 char  d --
 char  2 --
 char  d --
 char  1 --
 char  d --
 char  2 --
 char  d --
 char  1 --
 char  d --
 char  2 --
 char  d --
 char  1 --
 char  d --
 char  2 --
 char  d --
 char  1 --
 char  d --
 char  2 --
 char  d --
 char  1 --
 char  d --
 char  2 --
 char  d --
 char  1 --
 char  d --
 char  2 --
 char  d --
 char  1 --
 char  d --
 char  2 --
 char  d --
 char  1 --
 char  d --
 char  2 --
 char  d --
 char  1 --
 char  d --
 char  2 --
 char  d --
 char  1 --
 char  d --
 char  2 --
 char  d --
 char  1 --
 char  d --
 char  2 --
 char  d --
 char  1 --
 char  d --
 char  2 --
 char  d --
 char  1 --
 char  d --
 char  2 --
 char  d --
 char  1 --
 char  d --
 char  2 --
 char  d --
 char  1 --
 char  d --
 char  2 --
 char  d --
 char  1 --
 char  d --
 char  2 --
 char  d --
 char  1 --
 char  d --
 char  2 --
 char  d --
 char  1 --
 char  d --
 char  2 --
 char  d --
 char  1 --
 char  d --
 char  2 --
 char  d --
 char  1 --
 char  d --
 char  2 --
 char  d --
 char  1 --
 char  d --
 char  2 --
 char  d --
 char  1 --
 char  d --
 char  2 --
 char  d --
 char  1 --
 char  d --
 char  2 --
 char  d --
 char  1 --
 char  d --
 char  2 --
 char  d --
 char  1 --
 char  d --
 char  2 --
 char  d --
 char  1 --
 char  d --
 char  2 --
 char  d --
 char  1 --
 char  d --
 char  2 --
 char  d --
 char  1 --
 char  d --
 char  2 --
 char  d --
 char  1 --
 char  d --
 char  2 --
 char  d --
 char  1 --
 char  d --
 char  2 --
 char  d --
 char  1 --
 char  d --
 char  2 --
 char  d --
 char  1 --
 char  d --
 char  2 --
 char  d --
 char  1 --
 char  d --
 char  2 --
 char  d --
 char  1 --
 char  d --
 char  2 --
 char  d --
 char  1 --
 char  d --
 char  2 --
 char  d --
 char  1 --
 char  d --
 char  2 --
 char  d --
 char  1 --
 char  d --
 char  2 --
 char  d --
 char  1 --
 char  d --
 char  2 --
 char  d --
 char  1 --
 char  d --
 char  2 --
 char  d --
 char  1 --
 char  d --
 char  2 --
 char  d --
 char  1 --
 char  d --
 char  2 --
 char  d --
 char  1 --
 char  d --
 char  2 --
 char  d --
 char  1 --
 char  d --
 char  2 --
 char  d --
 char  1 --
 char  d --
 char  2 --
 char  d --
 char  1 --
 char  d --
 char  2 --
 char  d --
 char  1 --
 char  d --
 char  2 --
 char  d --
 char  1 --
 char  d --
 char  2 --
 char  d --
 char  1 --
 char  d --
 char  2 --
 char  d --
 char  1 --
 char  d --
 char  2 --
 char  d --
 char  1 --
 char  d --
 char  2 --
 char  d --
 char  1 --
 char  d --
 char  2 --
 char  d --
 char  1 --
 char  d --
 char  2 --
 char  d --
 char  1 --
 char  d --
 char  2 --
 char  d --
 char  1 --
 char  d --
 char  2 --
 char  d --
 char  1 --
 char  d --
 char  2 --
 char  d --
 char  1 --
 char  d --
 char  2 --
 char  d --
 char  1 --
 char  d --
 char  2 --
 char  d --
 char  1 --
 char  d --
 char  2 --
 char  d --
 char  1 --
 char  d --
 char  2 --
 char  d --
 char  1 --
 char  d --
 char  2 --
 char  d --
 char  1 --
 char  d --
 char  2 --
 char  d --
 char  1 --
 char  d --
 char  2 --
 char  d --
 char  1 --
 char  d --
 char  2 --
 char  d --
 char  1 --
 char  d --
 char  2 --
 char  d --
 char  1 --
 char  d --
 char  2 --
 char  d --
 char  1 --
 char  d --
 char  2 --
 char  d --
 char  1 --
 char  d --
 char  2 --
 char  d --
 char  1 --
 char  d --
 char  2 --
 char  d --
 char  1 --
 char  d --
 char  2 --
 char  d --
 char  1 --
 char  d --
 char  2 --
 char  d --
 char  1 --
 char  d --
 char  2 --
 char  d --
 char  1 --
 char  d --
 char  2 --
 char  d --
 char  1 --
 char  d --
 char  2 --
 char  d --
 char  1 --
 char  d --
 char  2 --
 char  d --
 char  1 --
 char  d --
 char  2 --
 char  d --
 char  1 --
 char  d --
 char  2 --
 char  d --
 char  1 --
 char  d --
 char  2 --
 char  d --
 char  1 --
 char  d --
 char  2 --
 char  d --
 char  1 --
 char  d --
 char  2 --
 char  d --
 char  1 --
 char  d --
 char  2 --
 char  d --
 char  1 --
 char  d --
 char  2 --
 char  d --
 char  1 --
 char  d --
 char  2 --
 char  d --
 char  1 --
 char  d --
 char  2 --
 char  d --
 char  1 --
 char  d --
 char  2 --
 char  d --
 char  1 --
 char  d --
 char  2 --
 char  d --
 char  1 --
 char  d --
 char  2 --
 char  d --
 char  1 --
 char  d --
 char  2 --
 char  d --
 char  1 --
 char  d --
 char  2 --
 char  d --
 char  1 --
 char  d --
 char  2 --
 char  d --
 char  1 --
 char  d --
 char  2 --
 char  d --
 char  1 --
 char  d --
 char  2 --
 char  d --
 char  1 --
 char  d --
 char  2 --
 char  d --
 char  1 --
 char  d --
 char  2 --
 char  d --
 char  1 --
 char  d --
 char  2 --
 char  d --
 char  1 --
 char  d --
 char  2 --
 char  d --
 char  1 --
 char  d --
 char  2 --
 char  d --
 char  1 --
 char  d --
 char  2 --
 char  d --
 char  1 --
 char  d --
 char  2 --
 char  d --
 char  1 --
 char  d --
 char  2 --
 char  d --
 char  1 --
 char  d --
 char  2 --
 char  d --
 char  1 --
 char  d --
 char  2 --
 char  d --
 char  1 --
 char  d --
 char  2 --
 char  d --
 char  1 --
 char  d --
 char  2 --
 char  d --
 char  1 --
 char  d --
 char  2 --
 char  d --
 char  1 --
 char  d --
 char  2 --
 char  d --
 char  1 --
 char  d --
 char  2 --
 char  d --
 char  1 --
 char  d --
 char  2 --
 char  d --
 char  1 --
 char  d --
 char  2 --
 char  d --
 char  1 --
 char  d --
 char  2 --
 char  d --
 char  1 --
 char  d --
 char  2 --
 char  d --
 char  1 --
 char  d --
 char  2 --
 char  d --
 char  1 --
 char  d --
 char  2 --
 char  d --
 char  1 --
 char  d --
 char  2 --
 char  d --
 char  1 --
 char  d --
 char  2 --
 char  d --
 char  1 --
 char  d --
 char  2 --
 char  d --
 char  1 --
 char  d --
 char  2 --
 char  d --
 char  1 --
 char  d --
 char  2 --
 char  d --
 char  1 --
 char  d --
 char  2 --
 char  d --
 char  1 --
 char  d --
 char  2 --
 char  d --
 char  1 --
 char  d --
 char  2 --
 char  d --
 char  1 --
 char  d --
 char  2 --
 char  d --
 char  1 --
 char  d --
 char  2 --
 char  d --
 char  1 --
 char  d --
 char  2 --
 char  d --
 char  1 --
 char  d --
 char  2 --
 char  d --
 char  1 --
 char  d --
 char  2 --
 char  d --
 char  1 --
 char  d --
 char  2 --
 char  d --
 char  1 --
 char  d --
 char  2 --
 char  d --
 char  1 --
 char  d --
 char  2 --
 char  d --
 char  1 --
 char  d --
 char  2 --
 char  d --
 char  1 --
 char  d --
 char  2 --
 char  d --
 char  1 --
 char  d --
 char  2 --
 char  d --
 char  1 --
 char  d --
 char  2 --
 char  d --
 char  1 --
 char  d --
 char  2 --
 char  d --
 char  1 --
 char  d --
 char  2 --
 char  d --
 char  1 --
 char  d --
 char  2 --
 char  d --
 char  1 --
 char  d --
 char  2 --
 char  d --
 char  1 --
 char  d --
 char  2 --
 char  d --
 char  1 --
 char  d --
 char  2 --
 char  d --
 char  1 --
 char  d --
 char  2 --
 char  d --
 char  1 --
 char  d --
 char  2 --
 char  d --
 char  1 --
 char  d --
 char  2 --
 char  d --
 char  1 --
 char  d --
 char  2 --
 char  d --
 char  1 --
 char  d --
 char  2 --
 char  d --
 char  1 --
 char  d --
 char  2 --
 char  d --
 char  1 --
 char  d --
 char  2 --
 char  d --
 char  1 --
 char  d --
 char  2 --
 char  d --
 char  1 --
 char  d --
 char  2 --
 char  d --
 char  1 --
 char  d --
 char  2 --
 char  d --
 char  1 --
 char  d --
 char  2 --
 char  d --
 char  1 --
 char  d --
 char  2 --
 char  d --
 char  1 --
 char  d --
 char  2 --
 char  d --
 char  1 --
 char  d --
 char  2 --
 char  d --
 char  1 --
 char  d --
 char  2 --
 char  d --
 char  1 --
 char  d --
 char  2 --
 char  d --
 char  1 --
 char  d --
 char  2 --
 char  d --
 char  1 --
 char  d --
 char  2 --
 char  d --
 char  1 --
 char  d --
 char  2 --
 char  d --
 char  1 --
 char  d --
 char  2 --
 char  d --
 char  1 --
 char  d --
 char  2 --
 char  d --
 char  1 --
 char  d --
 char  2 --
 char  d --
 char  1 --
 char  d --
 char  2 --
 char  d --
 char  1 --
 char  d --
 char  2 --
 char  d --
 char  1 --
 char  d --
 char  2 --
 char  d --
 char  1 --
 char  d --
 char  2 --
 char  d --
 char  1 --
 char  d --
 char  2 --
 char  d --
 char  1 --
 char  d --
 char  2 --
 char  d --
 char  1 --
 char  d --
 char  2 --
 char  d --
 char  1 --
 char  d --
 char  2 --
 char  d --
 char  1 --
 char  d --
 char  2 --
 char  d --
 char  1 --
 char  d --
 char  2 --
 char  d --
 char  1 --
 char  d --
 char  2 --
 char  d --
 char  1 --
 char  d --
 char  2 --
 char  d --
 char  1 --
 char  d --
 char  2 --
 char  d --
 char  1 --
 char  d --
 char  2 --
 char  d --
 char  1 --
 char  d --
 char  2 --
 char  d --
 char  1 --
 char  d --
 char  2 --
 char  d --
 char  1 --
 char  d --
 char  2 --
 char  d --
 char  1 --
 char  d --
 char  2 --
 char  d --
 char  1 --
 char  d --
 char  2 --
 char  d --
 char  1 --
 char  d --
 char  2 --
 char  d --
 char  1 --
 char  d --
 char  2 --
 char  d --
 char  1 --
 char  d --
 char  2 --
 char  d --
 char  1 --
 char  d --
 char  2 --
 char  d --
 char  1 --
 char  d --
 char  2 --
 char  d --
 char  1 --
 char  d --
 char  2 --
 char  d --
 char  1 --
 char  d --
 char  2 --
 char  d --
 char  1 --
 char  d --
 char  2 --
 char  d --
 char  1 --
 char  d --
 char  2 --
 char  d --
 char  1 --
 char  d --
 char  2 --
 char  d --
 char  1 --
 char  d --
 char  2 --
 char  d --
 char  1 --
 char  d --
 char  2 --
 char  d --
 char  1 --
 char  d --
 char  2 --
 char  d --
 char  1 --
 char  d --
 char  2 --
 char  d --
 char  1 --
 char  d --
 char  2 --
 char  d --
 char  1 --
 char  d --
 char  2 --
 char  d --
 char  1 --
 char  d --
 char  2 --
 char  d --
 char  1 --
 char  d --
 char  2 --
 char  d --
 char  1 --
 char  d --
 char  2 --
 char  d --
 char  1 --
 char  d --
 char  2 --
 char  d --
 char  1 --
 char  d --
 char  2 --
 char  d --
 char  1 --
 char  d --
 char  2 --
 char  d --
 char  1 --
 char  d --
 char  2 --
 char  d --
 char  1 --
 char  d --
 char  2 --
 char  d --
 char  1 --
 char  d --
 char  2 --
 char  d --
 char  1 --
 char  d --
 char  2 --
 char  d --
 char  1 --
 char  d --
 char  2 --
 char  d --
 char  1 --
 char  d --
 char  2 --
 char  d --
 char  1 --
 char  d --
 char  2 --
 char  d --
 char  1 --
 char  d --
 char  2 --
 char  d --
 char  1 --
 char  d --
 char  2 --
 char  d --
 char  1 --
 char  d --
 char  2 --
 char  d --
 char  1 --
 char  d --
 char  2 --
 char  d --
 char  1 --
 char  d --
 char  2 --
 char  d --
 char  1 --
 char  d --
 char  2 --
 char  d --
 char  1 --
 char  d --
 char  2 --
 char  d --
 char  1 --
 char  d --
 char  2 --
 char  d --
 char  1 --
 char  d --
 char  2 --
 char  d --
 char  1 --
 char  d --
 char  2 --
 char  d --
 char  1 --
 char  d --
 char  2 --
 char  d --
 char  1 --
 char  d --
 char  2 --
 char  d --
 char  1 --
 char  d --
 char  2 --
 char  d --
 char  1 --
 char  d --
 char  2 --
 char  d --
 char  1 --
 char  d --
 char  2 --
 char  d --
 char  1 --
 char  d --
 char  2 --
 char  d --
 char  1 --
 char  d --
 char  2 --
 char  d --
 char  1 --
 char  d --
 char  2 --
 char  d --
 char  1 --
 char  d --
 char  2 --
 char  d --
 char  1 --
 char  d --
 char  2 --
 char  d --
 char  1 --
 char  d --
 char  2 --
 char  d --
 char  1 --
 char  d --
 char  2 --
 char  d --
 char  1 --
 char  d --
 char  2 --
 char  d --
 char  1 --
 char  d --
 char  2 --
 char  d --
 char  1 --
 char  d --
 char  2 --
 char  d --
 char  1 --
 char  d --
 char  2 --
 char  d --
 char  1 --
 char  d --
 char  2 --
 char  d --
 char  1 --
 char  d --
 char  2 --
 char  d --
 char  1 --
 char  d --
 char  2 --
 char  d --
 char  1 --
 char  d --
 char  2 --
 char  d --
 char  1 --
 char  d --
 char  2 --
 char  d --
 char  1 --
 char  d --
 char  2 --
 char  d --
 char  1 --
 char  d --
 char  2 --
 char  d --
 char  1 --
 char  d --
 char  2 --
 char  d --
 char  1 --
 char  d --
 char  2 --
 char  d --
 char  1 --
 char  d --
 char  2 --
 char  d --
 char  1 --
 char  d --
 char  2 --
 char  d --
 char  1 --
 char  d --
 char  2 --
 char  d --
 char  1 --
 char  d --
 char  2 --
 char  d --
 char  1 --
 char  d --
 char  2 --
 char  d --
 char  1 --
 char  d --
 char  2 --
 char  d --
 char  1 --
 char  d --
 char  2 --
 char  d --
 char  1 --
 char  d --
 char  2 --
 char  d --
 char  1 --
 char  d --
 char  2 --
 char  d --
 char  1 --
 char  d --
 char  2 --
 char  d --
 char  1 --
 char  d --
 char  2 --
 char  d --
 char  1 --
 char  d --
 char  2 --
 char  d --
 char  1 --
 char  d --
 char  2 --
 char  d --
 char  1 --
 char  d --
 char  2 --
 char  d --
 char  1 --
 char  d --
 char  2 --
 char  d --
 char  1 --
 char  d --
 char  2 --
 char  d --
 char  1 --
 char  d --
 char  2 --
 char  d --
 char  1 --
 char  d --
 char  2 --
 char  d --
 char  1 --
 char  d --
 char  2 --
 char  d --
 char  1 --
 char  d --
 char  2 --
 char  d --
 char  1 --
 char  d --
 char  2 --
 char  d --
 char  1 --
 char  d --
 char  2 --
 char  d --
 char  1 --
 char  d --
 char  2 --
 char  d --
 char  1 --
 char  d --
 char  2 --
 char  d --
 char  1 --
 char  d --
 char  2 --
 char  d --
 char  1 --
 char  d --
 char  2 --
 char  d --
 char  1 --
 char  d --
 char  2 --
 char  d --
 char  1 --
 char  d --
 char  2 --
 char  d --
 char  1 --
 char  d --
 char  2 --
 char  d --
 char  1 --
 char  d --
 char  2 --
 char  d --
 char  1 --
 char  d --
 char  2 --
 char  d --
 char  1 --
 char  d --
 char  2 --
 char  d --
 char  1 --
 char  d --
 char  2 --
 char  d --
 char  1 --
 char  d --
 char  2 --
 char  d --
 char  1 --
 char  d --
 char  2 --
 char  d --
 char  1 --
 char  d --
 char  2 --
 char  d --
 char  1 --
 char  d --
 char  2 --
 char  d --
 char  1 --
 char  d --
 char  2 --
 char  d --
 char  1 --
 char  d --
 char  2 --
 char  d --
 char  1 --
 char  d --
 char  2 --
 char  d --
 char  1 --
 char  d --
 char  2 --
 char  d --
 char  1 --
 char  d --
 char  2 --
 char  d --
 char  1 --
 char  d --
 char  2 --
 char  d --
 char  1 --
 char  d --
 char  2 --
 char  d --
 char  1 --
 char  d --
 char  2 --
 char  d --
 char  1 --
 char  d --
 char  2 --
 char  d --
 char  1 --
 char  d --
 char  2 --
 char  d --
 char  1 --
 char  d --
 char  2 --
 char  d --
 char  1 --
 char  d --
 char  2 --
 char  d --
 char  1 --
 char  d --
 char  2 --
 char  d --
 char  1 --
 char  d --
 char  2 --
 char  d --
 char  1 --
 char  d --
 char  2 --
 char  d --
 char  1 --
 char  d --
 char  2 --
 char  d --
 char  1 --
 char  d --
 char  2 --
 char  d --
 char  1 --
 char  d --
 char  2 --
 char  d --
 char  1 --
 char  d --
 char  2 --
 char  d --
 char  1 --
 char  d --
 char  2 --
 char  d --
 char  1 --
 char  d --
 char  2 --
 char  d --
 char  1 --
 char  d --
 char  2 --
 char  d --
 char  1 --
 char  d --
 char  2 --
 char  d --
 char  1 --
 char  d --
 char  2 --
 char  d --
 char  1 --
 char  d --
 char  2 --
 char  d --
 char  1 --
 char  d --
 char  2 --
 char  d --
 char  1 --
 char  d --
 char  2 --
 char  d --
 char  1 --
 char  d --
 char  2 --
 char  d --
 char  1 --
 char  d --
 char  2 --
 char  d --
 char  1 --
 char  d --
 char  2 --
 char  d --
 char  1 --
 char  d --
 char  2 --
 char  d --
 char  1 --
 char  d --
 char  2 --
 char  d --
 char  1 --
 char  d --
 char  2 --
 char  d --
 char  1 --
 char  d --
 char  2 --
 char  d --
 char  1 --
 char  d --
 char  2 --
 char  d --
 char  1 --
 char  d --
 char  2 --
 char  d --
 char  1 --
 char  d --
 char  2 --
 char  d --
 char  1 --
 char  d --
 char  2 --
 char  d --
 char  1 --
 char  d --
 char  2 --
 char  d --
 char  1 --
 char  d --
 char  2 --
 char  d --
 char  1 --
 char  d --
 char  2 --
 char  d --
 char  1 --
 char  d --
 char  2 --
 char  d --
 char  1 --
 char  d --
 char  2 --
 char  d --
 char  1 --
 char  d --
 char  2 --
 char  d --
 char  1 --
 char  d --
 char  2 --
 char  d --
 char  1 --
 char  d --
 char  2 --
 char  d --
 char  1 --
 char  d --
 char  2 --
 char  d --
 char  1 --
 char  d --
 char  2 --
 char  d --
 char  1 --
 char  d --
 char  2 --
 char  d --
 char  1 --
 char  d --
 char  2 --
 char  d --
 char  1 --
 char  d --
 char  2 --
 char  d --
 char  1 --
 char  d --
 char  2 --
 char  d --
 char  1 --
 char  d --
 char  2 --
 char  d --
 char  1 --
 char  d --
 char  2 --
 char  d --
 char  1 --
 char  d --
 char  2 --
 char  d --
 char  1 --
 char  d --
 char  2 --
 char  d --
 char  1 --
 char  d --
 char  2 --
 char  d --
 char  1 --
 char  d --
 char  2 --
 char  d --
 char  1 --
 char  d --
 char  2 --
 char  d --
 char  1 --
 char  d --
 char  2 --
 char  d --
 char  1 --
 char  d --
 char  2 --
 char  d --
 char  1 --
 char  d --
 char  2 --
 char  d --
 char  1 --
 char  d --
 char  2 --
 char  d --
 char  1 --
 char  d --
 char  2 --
 char  d --
 char  1 --
 char  d --
 char  2 --
 char  d --
 char  1 --
 char  d --
 char  2 --
 char  d --
 char  1 --
 char  d --
 char  2 --
 char  d --
 char  1 --
 char  d --
 char  2 --
 char  d --
 char  1 --
 char  d --
 char  2 --
 char  d --
 char  1 --
 char  d --
 char  2 --
 char  d --
 char  1 --
 char  d --
 char  2 --
 char  d --
 char  1 --
 char  d --
 char  2 --
 char  d --
 char  1 --
 char  d --
 char  2 --
 char  d --
 char  1 --
 char  d --
 char  2 --
 char  d --
 char  1 --
 char  d --
 char  2 --
 char  d --
 char  1 --
 char  d --
 char  2 --
 char  d --
 char  1 --
 char  d --
 char  2 --
 char  d --
 char  1 --
 char  d --
 char  2 --
 char  d --
 char  1 --
 char  d --
 char  2 --
 char  d --
 char  1 --
 char  d --
 char  2 --
 char  d --
 char  1 --
 char  d --
 char  2 --
 char  d --
 char  1 --
 char  d --
 char  2 --
 char  d --
 char  1 --
 char  d --
 char  2 --
 char  d --
 char  1 --
 char  d --
 char  2 --
 char  d --
 char  1 --
 char  d --
 char  2 --
 char  d --
 char  1 --
 char  d --
 char  2 --
 char  d --
 char  1 --
 char  d --
 char  2 --
 char  d --
 char  1 --
 char  d --
 char  2 --
 char  d --
 char  1 --
 char  d --
 char  2 --
 char  d --
 char  1 --
 char  d --
 char  2 --
 char  d --
 char  1 --
 char  d --
 char  2 --
 char  d --
 char  1 --
 char  d --
 char  2 --
 char  d --
 char  1 --
 char  d --
 char  2 --
 char  d --
 char  1 --
 char  d --
 char  2 --
 char  d --
 char  1 --
 char  d --
 char  2 --
 char  d --
 char  1 --
 char  d --
 char  2 --
 char  d --
 char  1 --
 char  d --
 char  2 --
 char  d --
 char  1 --
 char  d --
 char  2 --
 char  d --
 char  1 --
 char  d --
 char  2 --
 char  d --
 char  1 --
 char  d --
 char  2 --
 char  d --
 char  1 --
 char  d --
 char  2 --
 char  d --
 char  1 --
 char  d --
 char  2 --
 char  d --
 char  1 --
 char  d --
 char  2 --
 char  d --
 char  1 --
 char  d --
 char  2 --
 char  d --
 char  1 --
 char  d --
 char  2 --
 char  d --
 char  1 --
 char  d --
 char  2 --
 char  d --
 char  1 --
 char  d --
 char  2 --
 char  d --
 char  1 --
 char  d --
 char  2 --
 char  d --
 char  1 --
 char  d --
 char  2 --
 char  d --
 char  1 --
 char  d --
 char  2 --
 char  d --
 char  1 --
 char  d --
 char  2 --
 char  d --
 char  1 --
 char  d --
 char  2 --
 char  d --
 char  1 --
 char  d --
 char  2 --
 char  d --
 char  1 --
 char  d --
 char  2 --
 char  d --
 char  1 --
 char  d --
 char  2 --
 char  d --
 char  1 --
 char  d --
 char  2 --
 char  d --
 char  1 --
 char  d --
 char  2 --
 char  d --
 char  1 --
 char  d --
 char  2 --
 char  d --
 char  1 --
 char  d --
 char  2 --
 char  d --
 char  1 --
 char  d --
 char  2 --
 char  d --
 char  1 --
 char  d --
 char  2 --
 char  d --
 char  1 --
 char  d --
 char  2 --
 char  d --
 char  1 --
 char  d --
 char  2 --
 char  d --
 char  1 --
 char  d --
 char  2 --
 char  d --
 char  1 --
 char  d --
 char  2 --
 char  d --
 char  1 --
 char  d --
 char  2 --
 char  d --
 char  1 --
 char  d --
 char  2 --
 char  d --
 char  1 --
 char  d --
 char  2 --
 char  d --
 char  1 --
 char  d --
 char  2 --
 char  d --
 char  1 --
 char  d --
 char  2 --
 char  d --
 char  1 --
 char  d --
 char  2 --
 char  d --
 char  1 --
 char  d --
 char  2 --
 char  d --
 char  1 --
 char  d --
 char  2 --
 char  d --
 char  1 --
 char  d --
 char  2 --
 char  d --
 char  1 --
 char  d --
 char  2 --
 char  d --
 char  1 --
 char  d --
 char  2 --
 char  d --
 char  1 --
 char  d --
 char  2 --
 char  d --
 char  1 --
 char  d --
 char  2 --
 char  d --
 char  1 --
 char  d --
 char  2 --
 char  d --
 char  1 --
 char  d --
 char  2 --
 char  d --
 char  1 --
 char  d --
 char  2 --
 char  d --
 char  1 --
 char  d --
 char  2 --
 char  d --
 char  1 --
 char  d --
 char  2 --
 char  d --
 char  1 --
 char  d --
 char  2 --
 char  d --
 char  1 --
 char  d --
 char  2 --
 char  d --
 char  1 --
 char  d --
 char  2 --
 char  d --
 char  1 --
 char  d --
 char  2 --
 char  d --
 char  1 --
 char  d --
 char  2 --
 char  d --
 char  1 --
 char  d --
 char  2 --
 char  d --
 char  1 --
 char  d --
 char  2 --
 char  d --
 char  1 --
 char  d --
 char  2 --
 char  d --
 char  1 --
 char  d --
 char  2 --
 char  d --
 char  1 --
 char  d --
 char  2 --
 char  d --
 char  1 --
 char  d --
 char  2 --
 char  d --
 char  1 --
 char  d --
 char  2 --
 char  d --
 char  1 --
 char  d --
 char  2 --
 char  d --
 char  1 --
 char  d --
 char  2 --
 char  d --
 char  1 --
 char  d --
 char  2 --
 char  d --
 char  1 --
 char  d --
 char  2 --
 char  d --
 char  1 --
 char  d --
 char  2 --
 char  d --
 char  1 --
 char  d --
 char  2 --
 char  d --
 char  1 --
 char  d --
 char  2 --
 char  d --
 char  1 --
 char  d --
 char  2 --
 char  d --
 char  1 --
 char  d --
 char  2 --
 char  d --
 char  1 --
 char  d --
 char  2 --
 char  d --
 char  1 --
 char  d --
 char  2 --
 char  d --
 char  1 --
 char  d --
 char  2 --
 char  d --
 char  1 --
 char  d --
 char  2 --
 char  d --
 char  1 --
 char  d --
 char  2 --
 char  d --
 char  1 --
 char  d --
 char  2 --
 char  d --
 char  1 --
 char  d --
 char  2 --
 char  d --
 char  1 --
 char  d --
 char  2 --
 char  d --
 char  1 --
 char  d --
 char  2 --
 char  d --
 char  1 --
 char  d --
 char  2 --
 char  d --
 char  1 --
 char  d --
 char  2 --
 char  d --
 char  1 --
 char  d --
 char  2 --
 char  d --
 char  1 --
 char  d --
 char  2 --
 char  d --
 char  1 --
 char  d --
 char  2 --
 char  d --
 char  1 --
 char  d --
 char  2 --
 char  d --
 char  1 --
 char  d --
 char  2 --
 char  d --
 char  1 --
 char  d --
 char  2 --
 char  d --
 char  1 --
 char  d --
 char  2 --
 char  d --
 char  1 --
 char  d --
 char  2 --
 char  d --
 char  1 --
 char  d --
 char  2 --
 char  d --
 char  1 --
 char  d --
 char  2 --
 char  d --
 char  1 --
 char  d --
 char  2 --
 char  d --
 char  1 --
 char  d --
 char  2 --
 char  d --
 char  1 --
 char  d --
 char  2 --
 char  d --
 char  1 --
 char  d --
 char  2 --
 char  d --
 char  1 --
 char  d --
 char  2 --
 char  d --
 char  1 --
 char  d --
 char  2 --
 char  d --
 char  1 --
 char  d --
 char  2 --
 char  d --
 char  1 --
 char  d --
 char  2 --
 char  d --
 char  1 --
 char  d --
 char  2 --
 char  d --
 char  1 --
 char  d --
 char  2 --
 char  d --
 char  1 --
 char  d --
 char  2 --
 char  d --
 char  1 --
 char  d --
 char  2 --
 char  d --
 char  1 --
 char  d --
 char  2 --
 char  d --
 char  1 --
 char  d --
 char  2 --
 char  d --
 char  1 --
 char  d --
 char  2 --
 char  d --
 char  1 --
 char  d --
 char  2 --
 char  d --
 char  1 --
 char  d --
 char  2 --
 char  d --
 char  1 --
 char  d --
 char  2 --
 char  d --
 char  1 --
 char  d --
 char  2 --
 char  d --
 char  1 --
 char  d --
 char  2 --
 char  d --
 char  1 --
 char  d --
 char  2 --
 char  d --
 char  1 --
 char  d --
 char  2 --
 char  d --
 char  1 --
 char  d --
 char  2 --
 char  d --
 char  1 --
 char  d --
 char  2 --
 char  d --
 char  1 --
 char  d --
 char  2 --
 char  d --
 char  1 --
 char  d --
 char  2 --
 char  d --
 char  1 --
 char  d --
 char  2 --
 char  d --
 char  1 --
 char  d --
 char  2 --
 char  d --
 char  1 --
 char  d --
 char  2 --
 char  d --
 char  1 --
 char  d --
 char  2 --
 char  d --
 char  1 --
 char  d --
 char  2 --
 char  d --
 char  1 --
 char  d --
 char  2 --
 char  d --
 char  1 --
 char  d --
 char  2 --
 char  d --
 char  1 --
 char  d --
 char  2 --
 char  d --
 char  1 --
 char  d --
 char  2 --
 char  d --
 char  1 --
 char  d --
 char  2 --
 char  d --
 char  1 --
 char  d --
 char  2 --
 char  d --
 char  1 --
 char  d --
 char  2 --
 char  d --
 char  1 --
 char  d --
 char  2 --
 char  d --
 char  1 --
 char  d --
 char  2 --
 char  d --
 char  1 --
 char  d --
 char  2 --
 char  d --
 char  1 --
 char  d --
 char  2 --
 char  d --
 char  1 --
 char  d --
 char  2 --
 char  d --
 char  1 --
 char  d --
 char  2 --
 char  d --
 char  1 --
 char  d --
 char  2 --
 char  d --
 char  1 --
 char  d --
 char  2 --
 char  d --
 char  1 --
 char  d --
 char  2 --
 char  d --
 char  1 --
 char  d --
 char  2 --
 char  d --
 char  1 --
 char  d --
 char  2 --
 char  d --
 char  1 --
 char  d --
 char  2 --
 char  d --
 char  1 --
 char  d --
 char  2 --
 char  d --
 char  1 --
 char  d --
 char  2 --
 char  d --
 char  1 --
 char  d --
 char  2 --
 char  d --
 char  1 --
 char  d --
 char  2 --
 char  d --
 char  1 --
 char  d --
 char  2 --
 char  d --
 char  1 --
 char  d --
 char  2 --
 char  d --
 char  1 --
 char  d --
 char  2 --
 char  d --
 char  1 --
 char  d --
 char  2 --
 char  d --
 char  1 --
 char  d --
 char  2 --
 char  d --
 char  1 --
 char  d --
 char  2 --
 char  d --
 char  1 --
 char  d --
 char  2 --
 char  d --
 char  1 --
 char  d --
 char  2 --
 char  d --
 char  1 --
 char  d --
 char  2 --
 char  d --
 char  1 --
 char  d --
 char  2 --
 char  d --
 char  1 --
 char  d --
 char  2 --
 char  d --
 char  1 --
 char  d --
 char  2 --
 char  d --
 char  1 --
 char  d --
 char  2 --
 char  d --
 char  1 --
 char  d --
 char  2 --
 char  d --
 char  1 --
 char  d --
 char  2 --
 char  d --
 char  1 --
 char  d --
 char  2 --
 char  d --
 char  1 --
 char  d --
 char  2 --
 char  d --
 char  1 --
 char  d --
 char  2 --
 char  d --
 char  1 --
 char  d --
 char  2 --
 char  d --
 char  1 --
 char  d --
 char  2 --
 char  d --
 char  1 --
 char  d --
 char  2 --
 char  d --
 char  1 --
 char  d --
 char  2 --
 char  d --
 char  1 --
 char  d --
 char  2 --
 char  d --
 char  1 --
 char  d --
 char  2 --
 char  d --
 char  1 --
 char  d --
 char  2 --
 char  d --
 char  1 --
 char  d --
 char  2 --
 char  d --
 char  1 --
 char  d --
 char  2 --
 char  d --
 char  1 --
 char  d --
 char  2 --
 char  d --
 char  1 --
 char  d --
 char  2 --
 char  d --
 char  1 --
 char  d --
 char  2 --
 char  d --
 char  1 --
 char  d --
 char  2 --
 char  d --
 char  1 --
 char  d --
 char  2 --
 char  d --
 char  1 --
 char  d --
 char  2 --
 char  d --
 char  1 --
 char  d --
 char  2 --
 char  d --
 char  1 --
 char  d --
 char  2 --
 char  d --
 char  1 --
 char  d --
 char  2 --
 char  d --
 char  1 --
 char  d --
 char  2 --
 char  d --
 char  1 --
 char  d --
 char  2 --
 char  d --
 char  1 --
 char  d --
 char  2 --
 char  d --
 char  1 --
 char  d --
 char  2 --
 char  d --
 char  1 --
 char  d --
 char  2 --
 char  d --
 char  1 --
 char  d --
 char  2 --
 char  d --
 char  1 --
 char  d --
 char  2 --
 char  d --
 char  1 --
 char  d --
 char  2 --
 char  d --
 char  1 --
 char  d --
 char  2 --
 char  d --
 char  1 --
 char  d --
 char  2 --
 char  d --
 char  1 --
 char  d --
 char  2 --
 char  d --
 char  1 --
 char  d --
 char  2 --
 char  d --
 char  1 --
 char  d --
 char  2 --
 char  d --
 char  1 --
 char  d --
 char  2 --
 char  d --
 char  1 --
 char  d --
 char  2 --
 char  d --
 char  1 --
 char  d --
 char  2 --
 char  d --
 char  1 --
 char  d --
 char  2 --
 char  d --
 char  1 --
 char  d --
 char  2 --
 char  d --
 char  1 --
 char  d --
 char  2 --
 char  d --
 char  1 --
 char  d --
 char  2 --
 char  d --
 char  1 --
 char  d --
 char  2 --
 char  d --
 char  1 --
 char  d --
 char  2 --
 char  d --
 char  1 --
 char  d --
 char  2 --
 char  d --
 char  1 --
 char  d --
 char  2 --
 char  d --
 char  1 --
 char  d --
 char  2 --
 char  d --
 char  1 --
 char  d --
 char  2 --
 char  d --
 char  1 --
 char  d --
 char  2 --
 char  d --
 char  1 --
 char  d --
 char  2 --
 char  d --
 char  1 --
 char  d --
 char  2 --
 char  d --
 char  1 --
 char  d --
 char  2 --
 char  d --
 char  1 --
 char  d --
 char  2 --
 char  d --
 char  1 --
 char  d --
 char  2 --
 char  d --
 char  1 --
 char  d --
 char  2 --
 char  d --
 char  1 --
 char  d --
 char  2 --
 char  d --
 char  1 --
 char  d --
 char  2 --
 char  d --
 char  1 --
 char  d --
 char  2 --
 char  d --
 char  1 --
 char  d --
 char  2 --
 char  d --
 char  1 --
 char  d --
 char  2 --
 char  d --
 char  1 --
 char  d --
 char  2 --
 char  d --
 char  1 --
 char  d --
 char  2 --
 char  d --
 char  1 --
 char  d --
 char  2 --
 char  d --
 char  1 --
 char  d --
 char  2 --
 char  d --
 char  1 --
 char  d --
 char  2 --
 char  d --
 char  1 --
 char  d --
 char  2 --
 char  d --
 char  1 --
 char  d --
 char  2 --
 char  d --
 char  1 --
 char  d --
 char  2 --
 char  d --
 char  1 --
 char  d --
 char  2 --
 char  d --
 char  1 --
 char  d --
 char  2 --
 char  d --
 char  1 --
 char  d --
 char  2 --
 char  d --
 char  1 --
 char  d --
 char  2 --
 char  d --
 char  1 --
 char  d --
 char  2 --
 char  d --
 char  1 --
 char  d --
 char  2 --
 char  d --
 char  1 --
 char  d --
 char  2 --
 char  d --
 char  1 --
 char  d --
 char  2 --
 char  d --
 char  1 --
 char  d --
 char  2 --
 char  d --
 char  1 --
 char  d --
 char  2 --
 char  d --
 char  1 --
 char  d --
 char  2 --
 char  d --
 char  1 --
 char  d --
 char  2 --
 char  d --
 char  1 --
 char  d --
 char  2 --
 char  d --
 char  1 --
 char  d --
 char  2 --
 char  d --
 char  1 --
 char  d --
 char  2 --
 char  d --
 char  1 --
 char  d --
 char  2 --
 char  d --
 char  1 --
 char  d --
 char  2 --
 char  d --
 char  1 --
 char  d --
 char  2 --
 char  d --
 char  1 --
 char  d --
 char  2 --
 char  d --
 char  1 --
 char  d --
 char  2 --
 char  d --
 char  1 --
 char  d --
 char  2 --
 char  d --
 char  1 --
 char  d --
 char  2 --
 char  d --
 char  1 --
 char  d --
 char  2 --
 char  d --
 char  1 --
 char  d --
 char  2 --
 char  d --
 char  1 --
 char  d --
 char  2 --
 char  d --
 char  1 --
 char  d --
 char  2 --
 char  d --
 char  1 --
 char  d --
 char  2 --
 char  d --
 char  1 --
 char  d --
 char  2 --
 char  d --
 char  1 --
 char  d --
 char  2 --
 char  d --
 char  1 --
 char  d --
 char  2 --
 char  d --
 char  1 --
 char  d --
 char  2 --
 char  d --
 char  1 --
 char  d --
 char  2 --
 char  d --
 char  1 --
 char  d --
 char  2 --
 char  d --
 char  1 --
 char  d --
 char  2 --
 char  d --
 char  1 --
 char  d --
 char  2 --
 char  d --
 char  1 --
 char  d --
 char  2 --
 char  d --
 char  1 --
 char  d --
 char  2 --
 char  d --
 char  1 --
 char  d --
 char  2 --
 char  d --
 char  1 --
 char  d --
 char  2 --
 char  d --
 char  1 --
 char  d --
 char  2 --
 char  d --
 char  1 --
 char  d --
 char  2 --
 char  d --
 char  1 --
 char  d --
 char  2 --
 char  d --
 char  1 --
 char  d --
 char  2 --
 char  d --
 char  1 --
 char  d --
 char  2 --
 char  d --
 char  1 --
 char  d --
 char  2 --
 char  d --
 char  1 --
 char  d --
 char  2 --
 char  d --
 char  1 --
 char  d --
 char  2 --
 char  d --
 char  1 --
 char  d --
 char  2 --
 char  d --
 char  1 --
 char  d --
 char  2 --
 char  d --
 char  1 --
 char  d --
 char  2 --
 char  d --
 char  1 --
 char  d --
 char  2 --
 char  d --
 char  1 --
 char  d --
 char  2 --
 char  d --
 char  1 --
 char  d --
 char  2 --
 char  d --
 char  1 --
 char  d --
 char  2 --
 char  d --
 char  1 --
 char  d --
 char  2 --
 char  d --
 char  1 --
 char  d --
 char  2 --
 char  d --
 char  1 --
 char  d --
 char  2 --
 char  d --
 char  1 --
 char  d --
 char  2 --
 char  d --
 char  1 --
 char  d --
 char  2 --
 char  d --
 char  1 --
 char  d --
 char  2 --
 char  d --
 char  1 --
 char  d --
 char  2 --
 char  d --
 char  1 --
 char  d --
 char  2 --
 char  d --
 char  1 --
 char  d --
 char  2 --
 char  d --
 char  1 --
 char  d --
 char  2 --
 char  d --
 char  1 --
 char  d --
 char  2 --
 char  d --
 char  1 --
 char  d --
 char  2 --
 char  d --
 char  1 --
 char  d --
 char  2 --
 char  d --
 char  1 --
 char  d --
 char  2 --
 char  d --
 char  1 --
 char  d --
 char  2 --
 char  d --
 char  1 --
 char  d --
 char  2 --
 char  d --
 char  1 --
 char  d --
 char  2 --
 char  d --
 char  1 --
 char  d --
 char  2 --
 char  d --
 char  1 --
 char  d --
 char  2 --
 char  d --
 char  1 --
 char  d --
 char  2 --
 char  d --
 char  1 --
 char  d --
 char  2 --
 char  d --
 char  1 --
 char  d --
 char  2 --
 char  d --
 char  1 --
 char  d --
 char  2 --
 char  d --
 char  1 --
 char  d --
 char  2 --
 char  d --
 char  1 --
 char  d --
 char  2 --
 char  d --
 char  1 --
 char  d --
 char  2 --
 char  d --
 char  1 --
 char  d --
 char  2 --
 char  d --
 char  1 --
 char  d --
 char  2 --
 char  d --
 char  1 --
 char  d --
 char  2 --
 char  d --
 char  1 --
 char  d --
 char  2 --
 char  d --
 char  1 --
 char  d --
 char  2 --
 char  d --
 char  1 --
 char  d --
 char  2 --
 char  d --
 char  1 --
 char  d --
 char  2 --
 char  d --
 char  1 --
 char  d --
 char  2 --
 char  d --
 char  1 --
 char  d --
 char  2 --
 char  d --
 char  1 --
 char  d --
 char  2 --
 char  d --
 char  1 --
 char  d --
 char  2 --
 char  d --
 char  1 --
 char  d --
 char  2 --
 char  d --
 char  1 --
 char  d --
 char  2 --
 char  d --
 char  1 --
 char  d --
 char  2 --
 char  d --
 char  1 --
 char  d --
 char  2 --
 char  d --
 char  1 --
 char  d --
 char  2 --
 char  d --
 char  1 --
 char  d --
 char  2 --
 char  d --
 char  1 --
 char  d --
 char  2 --
 char  d --
 char  1 --
 char  d --
 char  2 --
 char  d --
 char  1 --
 char  d --
 char  2 --
 char  d --
 char  1 --
 char  d --
 char  2 --
 char  d --
 char  1 --
 char  d --
 char  2 --
 char  d --
 char  1 --
 char  d --
 char  2 --
 char  d --
 char  1 --
 char  d --
 char  2 --
 char  d --
 char  1 --
 char  d --
 char  2 --
 char  d --
 char  1 --
 char  d --
 char  2 --
 char  d --
 char  1 --
 char  d --
 char  2 --
 char  d --
 char  1 --
 char  d --
 char  2 --
 char  d --
 char  1 --
 char  d --
 char  2 --
 char  d --
 char  1 --
 char  d --
 char  2 --
 char  d --
 char  1 --
 char  d --
 char  2 --
 char  d --
 char  1 --
 char  d --
 char  2 --
 char  d --
 char  1 --
 char  d --
 char  2 --
 char  d --
 char  1 --
 char  d --
 char  2 --
 char  d --
 char  1 --
 char  d --
 char  2 --
 char  d --
 char  1 --
 char  d --
 char  2 --
 char  d --
 char  1 --
 char  d --
 char  2 --
 char  d --
 char  1 --
 char  d --
 char  2 --
 char  d --
 char  1 --
 char  d --
 char  2 --
 char  d --
 char  1 --
 char  d --
 char  2 --
 char  d --
 char  1 --
 char  d --
 char  2 --
 char  d --
 char  1 --
 char  d --
 char  2 --
 char  d --
 char  1 --
 char  d --
 char  2 --
 char  d --
 char  1 --
 char  d --
 char  2 --
 char  d --
 char  1 --
 char  d --
 char  2 --
 char  d --
 char  1 --
 char  d --
 char  2 --
 char  d --
 char  1 --
 char  d --
 char  2 --
 char  d --
 char  1 --
 char  d --
 char  2 --
 char  d --
 char  1 --
 char  d --
 char  2 --
 char  d --
 char  1 --
 char  d --
 char  2 --
 char  d --
 char  1 --
 char  d --
 char  2 --
 char  d --
 char  1 --
 char  d --
 char  2 --
 char  d --
 char  1 --
 char  d --
 char  2 --
 char  d --
 char  1 --
 char  d --
 char  2 --
 char  d --
 char  1 --
 char  d --
 char  2 --
 char  d --
 char  1 --
 char  d --
 char  2 --
 char  d --
 char  1 --
 char  d --
 char  2 --
 char  d --
 char  1 --
 char  d --
 char  2 --
 char  d --
 char  1 --
 char  d --
 char  2 --
 char  d --
 char  1 --
 char  d --
 char  2 --
 char  d --
 char  1 --
 char  d --
 char  2 --
 char  d --
 char  1 --
 char  d --
 char  2 --
 char  d --
 char  1 --
 char  d --
 char  2 --
 char  d --
 char  1 --
 char  d --
 char  2 --
 char  d --
 char  1 --
 char  d --
 char  2 --
 char  d --
 char  1 --
 char  d --
 char  2 --
 char  d --
 char  1 --
 char  d --
 char  2 --
 char  d --
 char  1 --
 char  d --
 char  2 --
 char  d --
 char  1 --
 char  d --
 char  2 --
 char  d --
 char  1 --
 char  d --
 char  2 --
 char  d --
 char  1 --
 char  d --
 char  2 --
 char  d --
 char  1 --
 char  d --
 char  2 --
 char  d --
 char  1 --
 char  d --
 char  2 --
 char  d --
 char  1 --
 char  d --
 char  2 --
 char  d --
 char  1 --
 char  d --
 char  2 --
 char  d --
 char  1 --
 char  d --
 char  2 --
 char  d --
 char  1 --
 char  d --
 char  2 --
 char  d --
 char  1 --
 char  d --
 char  2 --
 char  d --
 char  1 --
 char  d --
 char  2 --
 char  d --
 char  1 --
 char  d --
 char  2 --
 char  d --
 char  1 --
 char  d --
 char  2 --
 char  d --
 char  1 --
 char  d --
 char  2 --
 char  d --
 char  1 --
 char  d --
 char  2 --
 char  d --
 char  1 --
 char  d --
 char  2 --
 char  d --
 char  1 --
 char  d --
 char  2 --
 char  d --
 char  1 --
 char  d --
 char  2 --
 char  d --
 char  1 --
 char  d --
 char  2 --
 char  d --
 char  1 --
 char  d --
 char  2 --
 char  d --
 char  1 --
 char  d --
 char  2 --
 char  d --
 char  1 --
 char  d --
 char  2 --
 char  d --
 char  1 --
 char  d --
 char  2 --
 char  d --
 char  1 --
 char  d --
 char  2 --
 char  d --
 char  1 --
 char  d --
 char  2 --
 char  d --
 char  1 --
 char  d --
 char  2 --
 char  d --
 char  1 --
 char  d --
 char  2 --
 char  d --
 char  1 --
 char  d --
 char  2 --
 char  d --
 char  1 --
 char  d --
 char  2 --
 char  d --
 char  1 --
 char  d --
 char  2 --
 char  d --
 char  1 --
 char  d --
 char  2 --
 char  d --
 char  1 --
 char  d --
 char  2 --
 char  d --
 char  1 --
 char  d --
 char  2 --
 char  d --
 char  1 --
 char  d --
 char  2 --
 char  d --
 char  1 --
 char  d --
 char  2 --
 char  d --
 char  1 --
 char  d --
 char  2 --
 char  d --
 char  1 --
 char  d --
 char  2 --
 char  d --
 char  1 --
 char  d --
 char  2 --
 char  d --
 char  1 --
 char  d --
 char  2 --
 char  d --
 char  1 --
 char  d --
 char  2 --
 char  d --
 char  1 --
 char  d --
 char  2 --
 char  d --
 char  1 --
 char  d --
 char  2 --
 char  d --
 char  1 --
 char  d --
 char  2 --
 char  d --
 char  1 --
 char  d --
 char  2 --
 char  d --
 char  1 --
 char  d --
 char  2 --
 char  d --
 char  1 --
 char  d --
 char  2 --
 char  d --
 char  1 --
 char  d --
 char  2 --
 char  d --
 char  1 --
 char  d --
 char  2 --
 char  d --
 char  1 --
 char  d --
 char  2 --
 char  d --
 char  1 --
 char  d --
 char  2 --
 char  d --
 char  1 --
 char  d --
 char  2 --
 char  d --
 char  1 --
 char  d --
 char  2 --
 char  d --
 char  1 --
 char  d --
 char  2 --
 char  d --
 char  1 --
 char  d --
 char  2 --
 char  d --
 char  1 --
 char  d --
 char  2 --
 char  d --
 char  1 --
 char  d --
 char  2 --
 char  d --
 char  1 --
 char  d --
 char  2 --
 char  d --
 char  1 --
 char  d --
 char  2 --
 char  d --
 char  1 --
 char  d --
 char  2 --
 char  d --
 char  1 --
 char  d --
 char  2 --
 char  d --
 char  1 --
 char  d --
 char  2 --
 char  d --
 char  1 --
 char  d --
 char  2 --
 char  d --
 char  1 --
 char  d --
 char  2 --
 char  d --
 char  1 --
 char  d --
 char  2 --
 char  d --
 char  1 --
 char  d --
 char  2 --
 char  d --
 char  1 --
 char  d --
 char  2 --
 char  d --
 char  1 --
 char  d --
 char  2 --
 char  d --
 char  1 --
 char  d --
 char  2 --
 char  d --
 char  1 --
 char  d --
 char  2 --
 char  d --
 char  1 --
 char  d --
 char  2 --
 char  d --
 char  1 --
 char  d --
 char  2 --
 char  d --
 char  1 --
 char  d --
 char  2 --
 char  d --
 char  1 --
 char  d --
 char  2 --
 char  d --
 char  1 --
 char  d --
 char  2 --
 char  d --
 char  1 --
 char  d --
 char  2 --
 char  d --
 char  1 --
 char  d --
 char  2 --
 char  d --
 char  1 --
 char  d --
 char  2 --
 char  d --
 char  1 --
 char  d --
 char  2 --
 char  d --
 char  1 --
 char  d --
 char  2 --
 char  d --
 char  1 --
 char  d --
 char  2 --
 char  d --
 char  1 --
 char  d --
 char  2 --
 char  d --
 char  1 --
 char  d --
 char  2 --
 char  d --
 char  1 --
 char  d --
 char  2 --
 char  d --
 char  1 --
 char  d --
 char  2 --
 char  d --
 char  1 --
 char  d --
 char  2 --
 char  d --
 char  1 --
 char  d --
 char  2 --
 char  d --
 char  1 --
 char  d --
 char  2 --
 char  d --
 char  1 --
 char  d --
 char  2 --
 char  d --
 char  1 --
 char  d --
 char  2 --
 char  d --
 char  1 --
 char  d --
 char  2 --
 char  d --
 char  1 --
 char  d --
 char  2 --
 char  d --
 char  1 --
 char  d --
 char  2 --
 char  d --
 char  1 --
 char  d --
 char  2 --
 char  d --
 char  1 --
 char  d --
 char  2 --
 char  d --
 char  1 --
 char  d --
 char  2 --
 char  d --
 char  1 --
 char  d --
 char  2 --
 char  d --
 char  1 --
 char  d --
 char  2 --
 char  d --
 char  1 --
 char  d --
 char  2 --
 char  d --
 char  1 --
 char  d --
 char  2 --
 char  d --
 char  1 --
 char  d --
 char  2 --
 char  d --
 char  1 --
 char  d --
 char  2 --
 char  d --
 char  1 --
 char  d --
 char  2 --
 char  d --
 char  1 --
 char  d --
 char  2 --
 char  d --
 char  1 --
 char  d --
 char  2 --
 char  d --
 char  1 --
 char  d --
 char  2 --
 char  d --
 char  1 --
 char  d --
 char  2 --
 char  d --
 char  1 --
 char  d --
 char  2 --
 char  d --
 char  1 --
 char  d --
 char  2 --
 char  d --
 char  1 --
 char  d --
 char  2 --
 char  d --
 char  1 --
 char  d --
 char  2 --
 char  d --
 char  1 --
 char  d --
 char  2 --
 char  d --
 char  1 --
 char  d --
 char  2 --
 char  d --
 char  1 --
 char  d --
 char  2 --
 char  d --
 char  1 --
 char  d --
 char  2 --
 char  d --
 char  1 --
 char  d --
 char  2 --
 char  d --
 char  1 --
 char  d --
 char  2 --
 char  d --
 char  1 --
 char  d --
 char  2 --
 char  d --
 char  1 --
 char  d --
 char  2 --
 char  d --
 char  1 --
 char  d --
 char  2 --
 char  d --
 char  1 --
 char  d --
 char  2 --
 char  d --
 char  1 --
 char  d --
 char  2 --
 char  d --
 char  1 --
 char  d --
 char  2 --
 char  d --
 char  1 --
 char  d --
 char  2 --
 char  d --
 char  1 --
 char  d --
 char  2 --
 char  d --
 char  1 --
 char  d --
 char  2 --
 char  d --
 char  1 --
 char  d --
 char  2 --
 char  d --
 char  1 --
 char  d --
 char  2 --
 char  d --
 char  1 --
 char  d --
 char  2 --
 char  d --
 char  1 --
 char  d --
 char  2 --
 char  d --
 char  1 --
 char  d --
 char  2 --
 char  d --
 char  1 --
 char  d --
 char  2 --
 char  d --
 char  1 --
 char  d --
 char  2 --
 char  d --
 char  1 --
 char  d --
 char  2 --
 char  d --
 char  1 --
 char  d --
 char  2 --
 char  d --
 char  1 --
 char  d --
 char  2 --
 char  d --
 char  1 --
 char  d --
 char  2 --
 char  d --
 char  1 --
 char  d --
 char  2 --
 char  d --
 char  1 --
 char  d --
 char  2 --
 char  d --
 char  1 --
 char  d --
 char  2 --
 char  d --
 char  1 --
 char  d --
 char  2 --
 char  d --
 char  1 --
 char  d --
 char  2 --
 char  d --
 char  1 --
 char  d --
 char  2 --
 char  d --
 char  1 --
 char  d --
 char  2 --
 char  d --
 char  1 --
 char  d --
 char  2 --
 char  d --
 char  1 --
 char  d --
 char  2 --
 char  d --
 char  1 --
 char  d --
 char  2 --
 char  d --
 char  1 --
 char  d --
 char  2 --
 char  d --
 char  1 --
 char  d --
 char  2 --
 char  d --
 char  1 --
 char  d --
 char  2 --
 char  d --
 char  1 --
 char  d --
 char  2 --
 char  d --
 char  1 --
 char  d --
 char  2 --
 char  d --
 char  1 --
 char  d --
 char  2 --
 char  d --
 char  1 --
 char  d --
 char  2 --
 char  d --
 char  1 --
 char  d --
 char  2 --
 char  d --
 char  1 --
 char  d --
 char  2 --
 char  d --
 char  1 --
 char  d --
 char  2 --
 char  d --
 char  1 --
 char  d --
 char  2 --
 char  d --
 char  1 --
 char  d --
 char  2 --
 char  d --
 char  1 --
 char  d --
 char  2 --
 char  d --
 char  1 --
 char  d --
 char  2 --
 char  d --
 char  1 --
 char  d --
 char  2 --
 char  d --
 char  1 --
 char  d --
 char  2 --
 char  d --
 char  1 --
 char  d --
 char  2 --
 char  d --
 char  1 --
 char  d --
 char  2 --
 char  d --
 char  1 --
 char  d --
 char  2 --
 char  d --
 char  1 --
 char  d --
 char  2 --
 char  d --
 char  1 --
 char  d --
 char  2 --
 char  d --
 char  1 --
 char  d --
 char  2 --
 char  d --
 char  1 --
 char  d --
 char  2 --
 char  d --
 char  1 --
 char  d --
 char  2 --
 char  d --
 char  1 --
 char  d --
 char  2 --
 char  d --
 char  1 --
 char  d --
 char  2 --
 char  d --
 char  1 --
 char  d --
 char  2 --
 char  d --
 char  1 --
 char  d --
 char  2 --
 char  d --
 char  1 --
 char  d --
 char  2 --
 char  d --
 char  1 --
 char  d --
 char  2 --
 char  d --
 char  1 --
 char  d --
 char  2 --
 char  d --
 char  1 --
 char  d --
 char  2 --
 char  d --
 char  1 --
 char  d --
 char  2 --
 char  d --
 char  1 --
 char  d --
 char  2 --
 char  d --
 char  1 --
 char  d --
 char  2 --
 char  d --
 char  1 --
 char  d --
 char  2 --
 char  d --
 char  1 --
 char  d --
 char  2 --
 char  d --
 char  1 --
 char  d --
 char  2 --
 char  d --
 char  1 --
 char  d --
 char  2 --
 char  d --
 char  1 --
 char  d --
 char  2 --
 char  d --
 char  1 --
 char  d --
 char  2 --
 char  d --
 char  1 --
 char  d --
 char  2 --
 char  d --
 char  1 --
 char  d --
 char  2 --
 char  d --
 char  1 --
 char  d --
 char  2 --
 char  d --
 char  1 --
 char  d --
 char  2 --
 char  d --
 char  1 --
 char  d --
 char  2 --
 char  d --
 char  1 --
 char  d --
 char  2 --
 char  d --
 char  1 --
 char  d --
 char  2 --
 char  d --
 char  1 --
 char  d --
 char  2 --
 char  d --
 char  1 --
 char  d --
 char  2 --
 char  d --
 char  1 --
 char  d --
 char  2 --
 char  d --
 char  1 --
 char  d --
 char  2 --
 char  d --
 char  1 --
 char  d --
 char  2 --
 char  d --
 char  1 --
 char  d --
 char  2 --
 char  d --
 char  1 --
 char  d --
 char  2 --
 char  d --
 char  1 --
 char  d --
 char  2 --
 char  d --
 char  1 --
 char  d --
 char  2 --
 char  d --
 char  1 --
 char  d --
 char  2 --
 char  d --
 char  1 --
 char  d --
 char  2 --
 char  d --
 char  1 --
 char  d --
 char  2 --
 char  d --
 char  1 --
 char  d --
 char  2 --
 char  d --
 char  1 --
 char  d --
 char  2 --
 char  d --
 char  1 --
 char  d --
 char  2 --
 char  d --
 char  1 --
 char  d --
 char  2 --
 char  d --
 char  1 --
 char  d --
 char  2 --
 char  d --
 char  1 --
 char  d --
 char  2 --
 char  d --
 char  1 --
 char  d --
 char  2 --
 char  d --
 char  1 --
 char  d --
 char  2 --
 char  d --
 char  1 --
 char  d --
 char  2 --
 char  d --
 char  1 --
 char  d --
 char  2 --
 char  d --
 char  1 --
 char  d --
 char  2 --
 char  d --
 char  1 --
 char  d --
 char  2 --
 char  d --
 char  1 --
 char  d --
 char  2 --
 char  d --
 char  1 --
 char  d --
 char  2 --
 char  d --
 char  1 --
 char  d --
 char  2 --
 char  d --
 char  1 --
 char  d --
 char  2 --
 char  d --
 char  1 --
 char  d --
 char  2 --
 char  d --
 char  1 --
 char  d --
 char  2 --
 char  d --
 char  1 --
 char  d --
 char  2 --
 char  d --
 char  1 --
 char  d --
 char  2 --
 char  d --
 char  1 --
 char  d --
 char  2 --
 char  d --
 char  1 --
 char  d --
 char  2 --
 char  d --
 char  1 --
 char  d --
 char  2 --
 char  d --
 char  1 --
 char  d --
 char  2 --
 char  d --
 char  1 --
 char  d --
 char  2 --
 char  d --
 char  1 --
 char  d --
 char  2 --
 char  d --
 char  1 --
 char  d --
 char  2 --
 char  d --
 char  1 --
 char  d --
 char  2 --
 char  d --
 char  1 --
 char  d --
 char  2 --
 char  d --
 char  1 --
 char  d --
 char  2 --
 char  d --
 char  1 --
 char  d --
 char  2 --
 char  d --
 char  1 --
 char  d --
 char  2 --
 char  d --
 char  1 --
 char  d --
 char  2 --
 char  d --
 char  1 --
 char  d --
 char  2 --
 char  d --
 char  1 --
 char  d --
 char  2 --
 char  d --
 char  1 --
 char  d --
 char  2 --
 char  d --
 char  1 --
 char  d --
 char  2 --
 char  d --
 char  1 --
 char  d --
 char  2 --
 char  d --
 char  1 --
 char  d --
 char  2 --
 char  d --
 char  1 --
 char  d --
 char  2 --
 char  d --
 char  1 --
 char  d --
 char  2 --
 char  d --
 char  1 --
 char  d --
 char  2 --
 char  d --
 char  1 --
 char  d --
 char  2 --
 char  d --
 char  1 --
 char  d --
 char  2 --
 char  d --
 char  1 --
 char  d --
 char  2 --
 char  d --
 char  1 --
 char  d --
 char  2 --
 char  d --
 char  1 --
 char  d --
 char  2 --
 char  d --
 char  1 --
 char  d --
 char  2 --
 char  d --
 char  1 --
 char  d --
 char  2 --
 char  d --
 char  1 --
 char  d --
 char  2 --
 char  d --
 char  1 --
 char  d --
 char  2 --
 char  d --
 char  1 --
 char  d --
 char  2 --
 char  d --
 char  1 --
 char  d --
 char  2 --
 char  d --
 char  1 --
 char  d --
 char  2 --
 char  d --
 char  1 --
 char  d --
 char  2 --
 char  d --
 char  1 --
 char  d --
 char  2 --
 char  d --
 char  1 --
 char  d --
 char  2 --
 char  d --
 char  1 --
 char  d --
 char  2 --
 char  d --
 char  1 --
 char  d --
 char  2 --
 char  d --
 char  1 --
 char  d --
 char  2 --
 char  d --
 char  1 --
 char  d --
 char  2 --
 char  d --
 char  1 --
 char  d --
 char  2 --
 char  d --
 char  1 --
 char  d --
 char  2 --
 char  d --
 char  1 --
 char  d --
 char  2 --
 char  d --
 char  1 --
 char  d --
 char  2 --
 char  d --
 char  1 --
 char  d --
 char  2 --
 char  d --
 char  1 --
 char  d --
 char  2 --
 char  d --
 char  1 --
 char  d --
 char  2 --
 char  d --
 char  1 --
 char  d --
 char  2 --
 char  d --
 char  1 --
 char  d --
 char  2 --
 char  d --
 char  1 --
 char  d --
 char  2 --
 char  d --
 char  1 --
 char  d --
 char  2 --
 char  d --
 char  1 --
 char  d --
 char  2 --
 char  d --
 char  1 --
 char  d --
 char  2 --
 char  d --
 char  1 --
 char  d --
 char  2 --
 char  d --
 char  1 --
 char  d --
 char  2 --
 char  d --
 char  1 --
 char  d --
 char  2 --
 char  d --
 char  1 --
 char  d --
 char  2 --
 char  d --
 char  1 --
 char  d --
 char  2 --
 char  d --
 char  1 --
 char  d --
 char  2 --
 char  d --
 char  1 --
 char  d --
 char  2 --
 char  d --
 char  1 --
 char  d --
 char  2 --
 char  d --
 char  1 --
 char  d --
 char  2 --
 char  d --
 char  1 --
 char  d --
 char  2 --
 char  d --
 char  1 --
 char  d --
 char  2 --
 char  d --
 char  1 --
 char  d --
 char  2 --
 char  d --
 char  1 --
 char  d --
 char  2 --
 char  d --
 char  1 --
 char  d --
 char  2 --
 char  d --
 char  1 --
 char  d --
 char  2 --
 char  d --
 char  1 --
 char  d --
 char  2 --
 char  d --
 char  1 --
 char  d --
 char  2 --
 char  d --
 char  1 --
 char  d --
 char  2 --
 char  d --
 char  1 --
 char  d --
 char  2 --
 char  d --
 char  1 --
 char  d --
 char  2 --
 char  d --
 char  1 --
 char  d --
 char  2 --
 char  d --
 char  1 --
 char  d --
 char  2 --
 char  d --
 char  1 --
 char  d --
 char  2 --
 char  d --
 char  1 --
 char  d --
 char  2 --
 char  d --
 char  1 --
 char  d --
 char  2 --
 char  d --
 char  1 --
 char  d --
 char  2 --
 char  d --
 char  1 --
 char  d --
 char  2 --
 char  d --
 char  1 --
 char  d --
 char  2 --
 char  d --
 char  1 --
 char  d --
 char  2 --
 char  d --
 char  1 --
 char  d --
 char  2 --
 char  d --
 char  1 --
 char  d --
 char  2 --
 char  d --
 char  1 --
 char  d --
 char  2 --
 char  d --
 char  1 --
 char  d --
 char  2 --
 char  d --
 char  1 --
 char  d --
 char  2 --
 char  d --
 char  1 --
 char  d --
 char  2 --
 char  d --
 char  1 --
 char  d --
 char  2 --
 char  d --
 char  1 --
 char  d --
 char  2 --
 char  d --
 char  1 --
 char  d --
 char  2 --
 char  d --
 char  1 --
 char  d --
 char  2 --
 char  d --
 char  1 --
 char  d --
 char  2 --
 char  d --
 char  1 --
 char  d --
 char  2 --
 char  d --
 char  1 --
 char  d --
 char  2 --
 char  d --
 char  1 --
 char  d --
 char  2 --
 char  d --
 char  1 --
 char  d --
 char  2 --
 char  d --
 char  1 --
 char  d --
 char  2 --
 char  d --
 char  1 --
 char  d --
 char  2 --
 char  d --
 char  1 --
 char  d --
 char  2 --
 char  d --
 char  1 --
 char  d --
 char  2 --
 char  d --
 char  1 --
 char  d --
 char  2 --
 char  d --
 char  1 --
 char  d --
 char  2 --
 char  d --
 char  1 --
 char  d --
 char  2 --
 char  d --
 char  1 --
 char  d --
 char  2 --
 char  d --
 char  1 --
 char  d --
 char  2 --
 char  d --
 char  1 --
 char  d --
 char  2 --
 char  d --
 char  1 --
 char  d --
 char  2 --
 char  d --
 char  1 --
 char  d --
 char  2 --
 char  d --
 char  1 --
 char  d --
 char  2 --
 char  d --
 char  1 --
 char  d --
 char  2 --
 char  d --
 char  1 --
 char  d --
 char  2 --
 char  d --
 char  1 --
 char  d --
 char  2 --
 char  d --
 char  1 --
 char  d --
 char  2 --
 char  d --
 char  1 --
 char  d --
 char  2 --
 char  d --
 char  1 --
 char  d --
 char  2 --
 char  d --
 char  1 --
 char  d --
 char  2 --
 char  d --
 char  1 --
 char  d --
 char  2 --
 char  d --
 char  1 --
 char  d --
 char  2 --
 char  d --
 char  1 --
 char  d --
 char  2 --
 char  d --
 char  1 --
 char  d --
 char  2 --
 char  d --
 char  1 --
 char  d --
 char  2 --
 char  d --
 char  1 --
 char  d --
 char  2 --
 char  d --
 char  1 --
 char  d --
 char  2 --
 char  d --
 char  1 --
 char  d --
 char  2 --
 char  d --
 char  1 --
 char  d --
 char  2 --
 char  d --
 char  1 --
 char  d --
 char  2 --
 char  d --
 char  1 --
 char  d --
 char  2 --
 char  d --
 char  1 --
 char  d --
 char  2 --
 char  d --
 char  1 --
 char  d --
 char  2 --
 char  d --
 char  1 --
 char  d --
 char  2 --
 char  d --
 char  1 --
 char  d --
 char  2 --
 char  d --
 char  1 --
 char  d --
 char  2 --
 char  d --
 char  1 --
 char  d --
 char  2 --
 char  d --
 char  1 --
 char  d --
 char  2 --
 char  d --
 char  1 --
 char  d --
 char  2 --
 char  d --
 char  1 --
 char  d --
 char  2 --
 char  d --
 char  1 --
 char  d --
 char  2 --
 char  d --
 char  1 --
 char  d --
 char  2 --
 char  d --
 char  1 --
 char  d --
 char  2 --
 char  d --
 char  1 --
 char  d --
 char  2 --
 char  d --
 char  1 --
 char  d --
 char  2 --
 char  d --
 char  1 --
 char  d --
 char  2 --
 char  d --
 char  1 --
 char  d --
 char  2 --
 char  d --
 char  1 --
 char  d --
 char  2 --
 char  d --
 char  1 --
 char  d --
 char  2 --
 char  d --
 char  1 --
 char  d --
 char  2 --
 char  d --
 char  1 --
 char  d --
 char  2 --
 char  d --
 char  1 --
 char  d --
 char  2 --
 char  d --
 char  1 --
 char  d --
 char  2 --
 char  d --
 char  1 --
 char  d --
 char  2 --
 char  d --
 char  1 --
 char  d --
 char  2 --
 char  d --
 char  1 --
 char  d --
 char  2 --
 char  d --
 char  1 --
 char  d --
 char  2 --
 char  d --
 char  1 --
 char  d --
 char  2 --
 char  d --
 char  1 --
 char  d --
 char  2 --
 char  d --
 char  1 --
 char  d --
 char  2 --
 char  d --
 char  1 --
 char  d --
 char  2 --
 char  d --
 char  1 --
 char  d --
 char  2 --
 char  d --
 char  1 --
 char  d --
 char  2 --
 char  d --
 char  1 --
 char  d --
 char  2 --
 char  d --
 char  1 --
 char  d --
 char  2 --
 char  d --
 char  1 --
 char  d --
 char  2 --
 char  d --
 char  1 --
 char  d --
 char  2 --
 char  d --
 char  1 --
 char  d --
 char  2 --
 char  d --
 char  1 --
 char  d --
 char  2 --
 char  d --
 char  1 --
 char  d --
 char  2 --
 char  d --
 char  1 --
 char  d --
 char  2 --
 char  d --
 char  1 --
 char  d --
 char  2 --
 char  d --
 char  1 --
 char  d --
 char  2 --
 char  d --
 char  1 --
 char  d --
 char  2 --
 char  d --
 char  1 --
 char  d --
 char  2 --
 char  d --
 char  1 --
 char  d --
 char  2 --
 char  d --
 char  1 --
 char  d --
 char  2 --
 char  d --
 char  1 --
 char  d --
 char  2 --
 char  d --
 char  1 --
 char  d --
 char  2 --
 char  d --
 char  1 --
 char  d --
 char  2 --
 char  d --
 char  1 --
 char  d --
 char  2 --
 char  d --
 char  1 --
 char  d --
 char  2 --
 char  d --
 char  1 --
 char  d --
 char  2 --
 char  d --
 char  1 --
 char  d --
 char  2 --
 char  d --
 char  1 --
 char  d --
 char  2 --
 char  d --
 char  1 --
 char  d --
 char  2 --
 char  d --
 char  1 --
 char  d --
 char  2 --
 char  d --
 char  1 --
 char  d --
 char  2 --
 char  d --
 char  1 --
 char  d --
 char  2 --
 char  d --
 char  1 --
 char  d --
 char  2 --
 char  d --
 char  1 --
 char  d --
 char  2 --
 char  d --
 char  1 --
 char  d --
 char  2 --
 char  d --
 char  1 --
 char  d --
 char  2 --
 char  d --
 char  1 --
 char  d --
 char  2 --
 char  d --
 char  1 --
 char  d --
 char  2 --
 char  d --
 char  1 --
 char  d --
 char  2 --
 char  d --
 char  1 --
 char  d --
 char  2 --
 char  d --
 char  1 --
 char  d --
 char  2 --
 char  d --
 char  1 --
 char  d --
 char  2 --
 char  d --
 char  1 --
 char  d --
 char  2 --
 char  d --
 char  1 --
 char  d --
 char  2 --
 char  d --
 char  1 --
 char  d --
 char  2 --
 char  d --
 char  1 --
 char  d --
 char  2 --
 char  d --
 char  1 --
 char  d --
 char  2 --
 char  d --
 char  1 --
 char  d --
 char  2 --
 char  d --
 char  1 --
 char  d --
 char  2 --
 char  d --
 char  1 --
 char  d --
 char  2 --
 char  d --
 char  1 --
 char  d --
 char  2 --
 char  d --
 char  1 --
 char  d --
 char  2 --
 char  d --
 char  1 --
 char  d --
 char  2 --
 char  d --
 char  1 --
 char  d --
 char  2 --
 char  d --
 char  1 --
 char  d --
 char  2 --
 char  d --
 char  1 --
 char  d --
 char  2 --
 char  d --
 char  1 --
 char  d --
 char  2 --
 char  d --
 char  1 --
 char  d --
 char  2 --
 char  d --
 char  1 --
 char  d --
 char  2 --
 char  d --
 char  1 --
 char  d --
 char  2 --
 char  d --
 char  1 --
 char  d --
 char  2 --
 char  d --
 char  1 --
 char  d --
 char  2 --
 char  d --
 char  1 --
 char  d --
 char  2 --
 char  d --
 char  1 --
 char  d --
 char  2 --
 char  d --
 char  1 --
 char  d --
 char  2 --
 char  d --
 char  1 --
 char  d --
 char  2 --
 char  d --
 char  1 --
 char  d --
 char  2 --
 char  d --
 char  1 --
 char  d --
 char  2 --
 char  d --
 char  1 --
 char  d --
 char  2 --
 char  d --
 char  1 --
 char  d --
 char  2 --
 char  d --
 char  1 --
 char  d --
 char  2 --
 char  d --
 char  1 --
 char  d --
 char  2 --
 char  d --
 char  1 --
 char  d --
 char  2 --
 char  d --
 char  1 --
 char  d --
 char  2 --
 char  d --
 char  1 --
 char  d --
 char  2 --
 char  d --
 char  1 --
 char  d --
 char  2 --
 char  d --
 char  1 --
 char  d --
 char  2 --
 char  d --
 char  1 --
 char  d --
 char  2 --
 char  d --
 char  1 --
 char  d --
 char  2 --
 char  d --
 char  1 --
 char  d --
 char  2 --
 char  d --
 char  1 --
 char  d --
 char  2 --
 char  d --
 char  1 --
 char  d --
 char  2 --
 char  d --
 char  1 --
 char  d --
 char  2 --
 char  d --
 char  1 --
 char  d --
 char  2 --
 char  d --
 char  1 --
 char  d --
 char  2 --
 char  d --
 char  1 --
 char  d --
 char  2 --
 char  d --
 char  1 --
 char  d --
 char  2 --
 char  d --
 char  1 --
 char  d --
 char  2 --
 char  d --
 char  1 --
 char  d --
 char  2 --
 char  d --
 char  1 --
 char  d --
 char  2 --
 char  d --
 char  1 --
 char  d --
 char  2 --
 char  d --
 char  1 --
 char  d --
 char  2 --
 char  d --
 char  1 --
 char  d --
 char  2 --
 char  d --
 char  1 --
 char  d --
 char  2 --
 char  d --
 char  1 --
 char  d --
 char  2 --
 char  d --
 char  1 --
 char  d --
 char  2 --
 char  d --
 char  1 --
 char  d --
 char  2 --
 char  d --
 char  1 --
 char  d --
 char  2 --
 char  d --
 char  1 --
 char  d --
 char  2 --
 char  d --
 char  1 --
 char  d --
 char  2 --
 char  d --
 char  1 --
 char  d --
 char  2 --
 char  d --
 char  1 --
 char  d --
 char  2 --
 char  d --
 char  1 --
 char  d --
 char  2 --
 char  d --
 char  1 --
 char  d --
 char  2 --
 char  d --
 char  1 --
 char  d --
 char  2 --
 char  d --
 char  1 --
 char  d --
 char  2 --
 char  d --
 char  1 --
 char  d --
 char  2 --
 char  d --
 char  1 --
 char  d --
 char  2 --
 char  d --
 char  1 --
 char  d --
 char  2 --
 char  d --
 char  1 --
 char  d --
 char  2 --
 char  d --
 char  1 --
 char  d --
 char  2 --
 char  d --
 char  1 --
 char  d --
 char  2 --
 char  d --
 char  1 --
 char  d --
 char  2 --
 char  d --
 char  1 --
 char  d --
 char  2 --
 char  d --
 char  1 --
 char  d --
 char  2 --
 char  d --
 char  1 --
 char  d --
 char  2 --
 char  d --
 char  1 --
 char  d --
 char  2 --
 char  d --
 char  1 --
 char  d --
 char  2 --
 char  d --
 char  1 --
 char  d --
 char  2 --
 char  d --
 char  1 --
 char  d --
 char  2 --
 char  d --
 char  1 --
 char  d --
 char  2 --
 char  d --
 char  1 --
 char  d --
 char  2 --
 char  d --
 char  1 --
 char  d --
 char  2 --
 char  d --
 char  1 --
 char  d --
 char  2 --
 char  d --
 char  1 --
 char  d --
 char  2 --
 char  d --
 char  1 --
 char  d --
 char  2 --
 char  d --
 char  1 --
 char  d --
 char  2 --
 char  d --
 char  1 --
 char  d --
 char  2 --
 char  d --
 char  1 --
 char  d --
 char  2 --
 char  d --
 char  1 --
 char  d --
 char  2 --
 char  d --
 char  1 --
 char  d --
 char  2 --
 char  d --
 char  1 --
 char  d --
 char  2 --
 char  d --
 char  1 --
 char  d --
 char  2 --
 char  d --
 char  1 --
 char  d --
 char  2 --
 char  d --
 char  1 --
 char  d --
 char  2 --
 char  d --
 char  1 --
 char  d --
 char  2 --
 char  d --
 char  1 --
 char  d --
 char  2 --
 char  d --
 char  1 --
 char  d --
 char  2 --
 char  d --
 char  1 --
 char  d --
 char  2 --
 char  d --
 char  1 --
 char  d --
 char  2 --
 char  d --
 char  1 --
 char  d --
 char  2 --
 char  d --
 char  1 --
 char  d --
 char  2 --
 char  d --
 char  1 --
 char  d --
 char  2 --
 char  d --
 char  1 --
 char  d --
 char  2 --
 char  d --
 char  1 --
 char  d --
 char  2 --
 char  d --
 char  1 --
 char  d --
 char  2 --
 char  d --
 char  1 --
 char  d --
 char  2 --
 char  d --
 char  1 --
 char  d --
 char  2 --
 char  d --
 char  1 --
 char  d --
 char  2 --
 char  d --
 char  1 --
 char  d --
 char  2 --
 char  d --
 char  1 --
 char  d --
 char  2 --
 char  d --
 char  1 --
 char  d --
 char  2 --
 char  d --
 char  1 --
 char  d --
 char  2 --
 char  d --
 char  1 --
 char  d --
 char  2 --
 char  d --
 char  1 --
 char  d --
 char  2 --
 char  d --
 char  1 --
 char  d --
 char  2 --
 char  d --
 char  1 --
 char  d --
 char  2 --
 char  d --
 char  1 --
 char  d --
 char  2 --
 char  d --
 char  1 --
 char  d --
 char  2 --
 char  d --
 char  1 --
 char  d --
 char  2 --
 char  d --
 char  1 --
 char  d --
 char  2 --
 char  d --
 char  1 --
 char  d --
 char  2 --
 char  d --
 char  1 --
 char  d --
 char  2 --
 char  d --
 char  1 --
 char  d --
 char  2 --
 char  d --
 char  1 --
 char  d --
 char  2 --
 char  d --
 char  1 --
 char  d --
 char  2 --
 char  d --
 char  1 --
 char  d --
 char  2 --
 char  d --
 char  1 --
 char  d --
 char  2 --
 char  d --
 char  1 --
 char  d --
 char  2 --
 char  d --
 char  1 --
 char  d --
 char  2 --
 char  d --
 char  1 --
 char  d --
 char  2 --
 char  d --
 char  1 --
 char  d --
 char  2 --
 char  d --
 char  1 --
 char  d --
 char  2 --
 char  d --
 char  1 --
 char  d --
 char  2 --
 char  d --
 char  1 --
 char  d --
 char  2 --
 char  d --
 char  1 --
 char  d --
 char  2 --
 char  d --
 char  1 --
 char  d --
 char  2 --
 char  d --
 char  1 --
 char  d --
 char  2 --
 char  d --
 char  1 --
 char  d --
 char  2 --
 char  d --
 char  1 --
 char  d --
 char  2 --
 char  d --
 char  1 --
 char  d --
 char  2 --
 char  d --
 char  1 --
 char  d --
 char  2 --
 char  d --
 char  1 --
 char  d --
 char  2 --
 char  d --
 char  1 --
 char  d --
 char  2 --
 char  d --
 char  1 --
 char  d --
 char  2 --
 char  d --
 char  1 --
 char  d --
 char  2 --
 char  d --
 char  1 --
 char  d --
 char  2 --
 char  d --
 char  1 --
 char  d --
 char  2 --
 char  d --
 char  1 --
 char  d --
 char  2 --
 char  d --
 char  1 --
 char  d --
 char  2 --
 char  d --
 char  1 --
 char  d --
 char  2 --
 char  d --
 char  1 --
 char  d --
 char  2 --
 char  d --
 char  1 --
 char  d --
 char  2 --
 char  d --
 char  1 --
 char  d --
 char  2 --
 char  d --
 char  1 --
 char  d --
 char  2 --
 char  d --
 char  1 --
 char  d --
 char  2 --
 char  d --
 char  1 --
 char  d --
 char  2 --
 char  d --
 char  1 --
 char  d --
 char  2 --
 char  d --
 char  1 --
 char  d --
 char  2 --
 char  d --
 char  1 --
 char  d --
 char  2 --
 char  d --
 char  1 --
 char  d --
 char  2 --
 char  d --
 char  1 --
 char  d --
 char  2 --
 char  d --
 char  1 --
 char  d --
 char  2 --
 char  d --
 char  1 --
 char  d --
 char  2 --
 char  d --
 char  1 --
 char  d --
 char  2 --
 char  d --
 char  1 --
 char  d --
 char  2 --
 char  d --
 char  1 --
 char  d --
 char  2 --
 char  d --
 char  1 --
 char  d --
 char  2 --
 char  d --
 char  1 --
 char  d --
 char  2 --
 char  d --
 char  1 --
 char  d --
 char  2 --
 char  d --
 char  1 --
 char  d --
 char  2 --
 char  d --
 char  1 --
 char  d --
 char  2 --
 char  d --
 char  1 --
 char  d --
 char  2 --
 char  d --
 char  1 --
 char  d --
 char  2 --
 char  d --
 char  1 --
 char  d --
 char  2 --
 char  d --
 char  1 --
 char  d --
 char  2 --
 char  d --
 char  1 --
 char  d --
 char  2 --
 char  d --
 char  1 --
 char  d --
 char  2 --
 char  d --
 char  1 --
 char  d --
 char  2 --
 char  d --
 char  1 --
 char  d --
 char  2 --
 char  d --
 char  1 --
 char  d --
 char  2 --
 char  d --
 char  1 --
 char  d --
 char  2 --
 char  d --
 char  1 --
 char  d --
 char  2 --
 char  d --
 char  1 --
 char  d --
 char  2 --
 char  d --
 char  1 --
 char  d --
 char  2 --
 char  d --
 char  1 --
 char  d --
 char  2 --
 char  d --
 char  1 --
 char  d --
 char  2 --
 char  d --
 char  1 --
 char  d --
 char  2 --
 char  d --
 char  1 --
 char  d --
 char  2 --
 char  d --
 char  1 --
 char  d --
 char  2 --
 char  d --
 char  1 --
 char  d --
 char  2 --
 char  d --
 char  1 --
 char  d --
 char  2 --
 char  d --
 char  1 --
 char  d --
 char  2 --
 char  d --
 char  1 --
 char  d --
 char  2 --
 char  d --
 char  1 --
 char  d --
 char  2 --
 char  d --
 char  1 --
 char  d --
 char  2 --
 char  d --
 char  1 --
 char  d --
 char  2 --
 char  d --
 char  1 --
 char  d --
 char  2 --
 char  d --
 char  1 --
 char  d --
 char  2 --
 char  d --
 char  1 --
 char  d --
 char  2 --
 char  d --
 char  1 --
 char  d --
 char  2 --
 char  d --
 char  1 --
 char  d --
 char  2 --
 char  d --
 char  1 --
 char  d --
 char  2 --
 char  d --
 char  1 --
 char  d --
 char  2 --
 char  d --
 char  1 --
 char  d --
 char  2 --
 char  d --
 char  1 --
 char  d --
 char  2 --
 char  d --
 char  1 --
 char  d --
 char  2 --
 char  d --
 char  1 --
 char  d --
 char  2 --
 char  d --
 char  1 --
 char  d --
 char  2 --
 char  d --
 char  1 --
 char  d --
 char  2 --
 char  d --
 char  1 --
 char  d --
 char  2 --
 char  d --
 char  1 --
 char  d --
 char  2 --
 char  d --
 char  1 --
 char  d --
 char  2 --
 char  d --
 char  1 --
 char  d --
 char  2 --
 char  d --
 char  1 --
 char  d --
 char  2 --
 char  d --
 char  1 --
 char  d --
 char  2 --
 char  d --
 char  1 --
 char  d --
 char  2 --
 char  d --
 char  1 --
 char  d --
 char  2 --
 char  d --
 char  1 --
 char  d --
 char  2 --
 char  d --
 char  1 --
 char  d --
 char  2 --
 char  d --
 char  1 --
 char  d --
 char  2 --
 char  d --
 char  1 --
 char  d --
 char  2 --
 char  d --
 char  1 --
 char  d --
 char  2 --
 char  d --
 char  1 --
 char  d --
 char  2 --
 char  d --
 char  1 --
 char  d --
 char  2 --
 char  d --
 char  1 --
 char  d --
 char  2 --
 char  d --
 char  1 --
 char  d --
 char  2 --
 char  d --
 char  1 --
 char  d --
 char  2 --
 char  d --
 char  1 --
 char  d --
 char  2 --
 char  d --
 char  1 --
 char  d --
 char  2 --
 char  d --
 char  1 --
 char  d --
 char  2 --
 char  d --
 char  1 --
 char  d --
 char  2 --
 char  d --
 char  1 --
 char  d --
 char  2 --
 char  d --
 char  1 --
 char  d --
 char  2 --
 char  d --
 char  1 --
 char  d --
 char  2 --
 char  d --
 char  1 --
 char  d --
 char  2 --
 char  d --
 char  1 --
 char  d --
 char  2 --
 char  d --
 char  1 --
 char  d --
 char  2 --
 char  d --
 char  1 --
 char  d --
 char  2 --
 char  d --
 char  1 --
 char  d --
 char  2 --
 char  d --
 char  1 --
 char  d --
 char  2 --
 char  d --
 char  1 --
 char  d --
 char  2 --
 char  d --
 char  1 --
 char  d --
 char  2 --
 char  d --
 char  1 --
 char  d --
 char  2 --
 char  d --
 char  1 --
 char  d --
 char  2 --
 char  d --
 char  1 --
 char  d --
 char  2 --
 char  d --
 char  1 --
 char  d --
 char  2 --
 char  d --
 char  1 --
 char  d --
 char  2 --
 char  d --
 char  1 --
 char  d --
 char  2 --
 char  d --
 char  1 --
 char  d --
 char  2 --
 char  d --
 char  1 --
 char  d --
 char  2 --
 char  d --
 char  1 --
 char  d --
 char  2 --
 char  d --
 char  1 --
 char  d --
 char  2 --
 char  d --
 char  1 --
 char  d --
 char  2 --
 char  d --
 char  1 --
 char  d --
 char  2 --
 char  d --
 char  1 --
 char  d --
 char  2 --
 char  d --
 char  1 --
 char  d --
 char  2 --
 char  d --
 char  1 --
 char  d --
 char  2 --
 char  d --
 char  1 --
 char  d --
 char  2 --
 char  d --
 char  1 --
 char  d --
 char  2 --
 char  d --
 char  1 --
 char  d --
 char  2 --
 char  d --
 char  1 --
 char  d --
 char  2 --
 char  d --
 char  1 --
 char  d --
 char  2 --
 char  d --
 char  1 --
 char  d --
 char  2 --
 char  d --
 char  1 --
 char  d --
 char  2 --
 char  d --
 char  1 --
 char  d --
 char  2 --
 char  d --
 char  1 --
 char  d --
 char  2 --
 char  d --
 char  1 --
 char  d --
 char  2 --
 char  d --
 char  1 --
 char  d --
 char  2 --
 char  d --
 char  1 --
 char  d --
 char  2 --
 char  d --
 char  1 --
 char  d --
 char  2 --
 char  d --
 char  1 --
 char  d --
 char  2 --
 char  d --
 char  1 --
 char  d --
 char  2 --
 char  d --
 char  1 --
 char  d --
 char  2 --
 char  d --
 char  1 --
 char  d --
 char  2 --
 char  d --
 char  1 --
 char  d --
 char  2 --
 char  d --
 char  1 --
 char  d --
 char  2 --
 char  d --
 char  1 --
 char  d --
 char  2 --
 char  d --
 char  1 --
 char  d --
 char  2 --
 char  d --
 char  1 --
 char  d --
 char  2 --
 char  d --
 char  1 --
 char  d --
 char  2 --
 char  d --
 char  1 --
 char  d --
 char  2 --
 char  d --
 char  1 --
 char  d --
 char  2 --
 char  d --
 char  1 --
 char  d --
 char  2 --
 char  d --
 char  1 --
 char  d --
 char  2 --
 char  d --
 char  1 --
 char  d --
 char  2 --
 char  d --
 char  1 --
 char  d --
 char  2 --
 char  d --
 char  1 --
 char  d --
 char  2 --
 char  d --
 char  1 --
 char  d --
 char  2 --
 char  d --
 char  1 --
 char  d --
 char  2 --
 char  d --
 char  1 --
 char  d --
 char  2 --
 char  d --
 char  1 --
 char  d --
 char  2 --
 char  d --
 char  1 --
 char  d --
 char  2 --
 char  d --
 char  1 --
 char  d --
 char  2 --
 char  d --
 char  1 --
 char  d --
 char  2 --
 char  d --
 char  1 --
 char  d --
 char  2 --
 char  d --
 char  1 --
 char  d --
 char  2 --
 char  d --
 char  1 --
 char  d --
 char  2 --
 char  d --
 char  1 --
 char  d --
 char  2 --
 char  d --
 char  1 --
 char  d --
 char  2 --
 char  d --
 char  1 --
 char  d --
 char  2 --
 char  d --
 char  1 --
 char  d --
 char  2 --
 char  d --
 char  1 --
 char  d --
 char  2 --
 char  d --
 char  1 --
 char  d --
 char  2 --
 char  d --
 char  1 --
 char  d --
 char  2 --
 char  d --
 char  1 --
 char  d --
 char  2 --
 char  d --
 char  1 --
 char  d --
 char  2 --
 char  d --
 char  1 --
 char  d --
 char  2 --
 char  d --
 char  1 --
 char  d --
 char  2 --
 char  d --
 char  1 --
 char  d --
 char  2 --
 char  d --
 char  1 --
 char  d --
 char  2 --
 char  d --
 char  1 --
 char  d --
 char  2 --
 char  d --
 char  1 --
 char  d --
 char  2 --
 char  d --
 char  1 --
 char  d --
 char  2 --
 char  d --
 char  1 --
 char  d --
 char  2 --
 char  d --
 char  1 --
 char  d --
 char  2 --
 char  d --
 char  1 --
 char  d --
 char  2 --
 char  d --
 char  1 --
 char  d --
 char  2 --
 char  d --
 char  1 --
 char  d --
 char  2 --
 char  d --
 char  1 --
 char  d --
 char  2 --
 char  d --
 char  1 --
 char  d --
 char  2 --
 char  d --
 char  1 --
 char  d --
 char  2 --
 char  d --
 char  1 --
 char  d --
 char  2 --
 char  d --
 char  1 --
 char  d --
 char  2 --
 char  d --
 char  1 --
 char  d --
 char  2 --
 char  d --
 char  1 --
 char  d --
 char  2 --
 char  d --
 char  1 --
 char  d --
 char  2 --
 char  d --
 char  1 --
 char  d --
 char  2 --
 char  d --
 char  1 --
 char  d --
 char  2 --
 char  d --
 char  1 --
 char  d --
 char  2 --
 char  d --
 char  1 --
 char  d --
 char  2 --
 char  d --
 char  1 --
 char  d --
 char  2 --
 char  d --
 char  1 --
 char  d --
 char  2 --
 char  d --
 char  1 --
 char  d --
 char  2 --
 char  d --
 char  1 --
 char  d --
 char  2 --
 char  d --
 char  1 --
 char  d --
 char  2 --
 char  d --
 char  1 --
 char  d --
 char  2 --
 char  d --
 char  1 --
 char  d --
 char  2 --
 char  d --
 char  1 --
 char  d --
 char  2 --
 char  d --
 char  1 --
 char  d --
 char  2 --
 char  d --
 char  1 --
 char  d --
 char  2 --
 char  d --
 char  1 --
 char  d --
 char  2 --
 char  d --
 char  1 --
 char  d --
 char  2 --
 char  d --
 char  1 --
 char  d --
 char  2 --
 char  d --
 char  1 --
 char  d --
 char  2 --
 char  d --
 char  1 --
 char  d --
 char  2 --
 char  d --
 char  1 --
 char  d --
 char  2 --
 char  d --
 char  1 --
 char  d --
 char  2 --
 char  d --
 char  1 --
 char  d --
 char  2 --
 char  d --
 char  1 --
 char  d --
 char  2 --
 char  d --
 char  1 --
 char  d --
 char  2 --
 char  d --
 char  1 --
 char  d --
 char  2 --
 char  d --
 char  1 --
 char  d --
 char  2 --
 char  d --
 char  1 --
 char  d --
 char  2 --
 char  d --
 char  1 --
 char  d --
 char  2 --
 char  d --
 char  1 --
 char  d --
 char  2 --
 char  d --
 char  1 --
 char  d --
 char  2 --
 char  d --
 char  1 --
 char  d --
 char  2 --
 char  d --
 char  1 --
 char  d --
 char  2 --
 char  d --
 char  1 --
 char  d --
 char  2 --
 char  d --
 char  1 --
 char  d --
 char  2 --
 char  d --
 char  1 --
 char  d --
 char  2 --
 char  d --
 char  1 --
 char  d --
 char  2 --
 char  d --
 char  1 --
 char  d --
 char  2 --
 char  d --
 char  1 --
 char  d --
 char  2 --
 char  d --
 char  1 --
 char  d --
 char  2 --
 char  d --
 char  1 --
 char  d --
 char  2 --
 char  d --
 char  1 --
 char  d --
 char  2 --
 char  d --
 char  1 --
 char  d --
 char  2 --
 char  d --
 char  1 --
 char  d --
 char  2 --
 char  d --
 char  1 --
 char  d --
 char  2 --
 char  d --
 char  1 --
 char  d --
 char  2 --
 char  d --
 char  1 --
 char  d --
 char  2 --
 char  d --
 char  1 --
 char  d --
 char  2 --
 char  d --
 char  1 --
 char  d --
 char  2 --
 char  d --
 char  1 --
 char  d --
 char  2 --
 char  d --
 char  1 --
 char  d --
 char  2 --
 char  d --
 char  1 --
 char  d --
 char  2 --
 char  d --
 char  1 --
 char  d --
 char  2 --
 char  d --
 char  1 --
 char  d --
 char  2 --
 char  d --
 char  1 --
 char  d --
 char  2 --
 char  d --
 char  1 --
 char  d --
 char  2 --
 char  d --
 char  1 --
 char  d --
 char  2 --
 char  d --
 char  1 --
 char  d --
 char  2 --
 char  d --
 char  1 --
 char  d --
 char  2 --
 char  d --
 char  1 --
 char  d --
 char  2 --
 char  d --
 char  1 --
 char  d --
 char  2 --
 char  d --
 char  1 --
 char  d --
 char  2 --
 char  d --
 char  1 --
 char  d --
 char  2 --
 char  d --
 char  1 --
 char  d --
 char  2 --
 char  d --
 char  1 --
 char  d --
 char  2 --
 char  d --
 char  1 --
 char  d --
 char  2 --
 char  d --
 char  1 --
 char  d --
 char  2 --
 char  d --
 char  1 --
 char  d --
 char  2 --
 char  d --
 char  1 --
 char  d --
 char  2 --
 char  d --
